(node:53594) [DEP0040] DeprecationWarning: The `punycode` module is deprecated. Please use a userland alternative instead.
(Use `node --trace-deprecation ...` to show where the warning was created)
The field "cli.appVersionSource" is not set, but it will be required in the future. Learn more: https://docs.expo.dev/build-reference/app-versions/
Resolved "preview" environment for the build. Learn more: https://docs.expo.dev/eas/environment-variables/#setting-the-environment-for-your-builds
No environment variables with visibility "Plain text" and "Sensitive" found for the "preview" environment on EAS.

The field "cli.appVersionSource" is not set, but it will be required in the future. Learn more: https://docs.expo.dev/build-reference/app-versions/
✔ Using remote Android credentials (Expo server)
✔ Using Keystore from configuration: Build Credentials 5B-sjn3TmG (default)
⠋ Compressing project files⠙ Compressing project files⠹ Compressing project files⠸ Compressing project files⠼ Compressing project files⠴ Compressing project files✔ Compressed project files 1s (22.7 MB)
⠋ Computing project fingerprint⠙ Computing project fingerprint⠹ Computing project fingerprint⠸ Computing project fingerprint⠼ Computing project fingerprint⠴ Computing project fingerprint⠦ Computing project fingerprint⠧ Computing project fingerprint⠇ Computing project fingerprint⠏ Computing project fingerprint⠋ Computing project fingerprint✔ Computed project fingerprint
(node:54721) [DEP0040] DeprecationWarning: The `punycode` module is deprecated. Please use a userland alternative instead.
(Use `node --trace-deprecation ...` to show where the warning was created)
ANDROID_NDK_HOME environment variable was not specified, continuing build without NDK
[SETUP_WORKINGDIR] Preparing workingdir /var/folders/5k/ynsqf8ds51b74h1c4xn_m83c0000gn/T/eas-build-local-nodejs/42048a89-3ab1-4c93-b6a5-e4c458600e6f
[START_BUILD] Starting build
  "job": {
    "type": "managed",
    "platform": "android",
    "projectRootDirectory": ".",
    "projectArchive": {
      "type": "PATH",
      "path": "/var/folders/5k/ynsqf8ds51b74h1c4xn_m83c0000gn/T/eas-cli-nodejs/37dc91d9-d1f9-4c60-b009-62d2eb2e31fc.tar.gz"
    },
    "builderEnvironment": {
      "env": {
        "EAS_VERBOSE": "1"
      }
    },
    "cache": {
      "disabled": false,
      "paths": [],
      "clear": false
    },
    "updates": {},
    "buildType": "apk",
    "username": "alphawolf3382",
    "experimental": {},
    "mode": "build",
    "triggeredBy": "EAS_CLI",
    "loggerLevel": "debug",
    "appId": "67cebb38-a773-4143-a639-e2b99efbb441",
    "initiatingUserId": "cd56efd3-e077-4c6a-b0b7-2b6435bedd84"
  }
Local build, skipping project archive refresh
[READ_EAS_JSON] Using eas.json:
[READ_EAS_JSON] {
  "cli": {
    "version": ">= 18.0.0"
  },
  "build": {
    "development": {
      "developmentClient": true,
      "distribution": "internal"
    },
    "preview": {
      "distribution": "internal",
      "ios": {
        "simulator": true
      },
      "android": {
        "buildType": "apk"
      }
    },
    "production": {
      "autoIncrement": true
    }
  },
  "submit": {
    "production": {
      "ios": {
        "ascAppId": "YOUR_APP_ID",
        "ascApiKeyPath": "./AuthKey.p8",
        "ascApiKeyIssuerId": "YOUR_ISSUER_ID",
        "ascApiKeyId": "YOUR_KEY_ID"
      },
      "android": {
        "track": "production"
      }
    }
  }
}

[READ_PACKAGE_JSON] Using package.json:
[READ_PACKAGE_JSON] {
  "name": "gita",
  "main": "expo-router/entry",
  "version": "1.0.0",
  "scripts": {
    "start": "expo start",
    "reset-project": "node ./scripts/reset-project.js",
    "android": "expo run:android",
    "ios": "expo run:ios",
    "web": "expo start --web",
    "lint": "expo lint",
    "build": "npx expo export --platform web",
    "vercel-build": "npx expo export --platform web"
  },
  "dependencies": {
    "@expo/vector-icons": "^15.0.3",
    "@google/genai": "^1.44.0",
    "@google/generative-ai": "^0.24.1",
    "@react-native-async-storage/async-storage": "2.2.0",
    "@react-native-community/datetimepicker": "8.4.4",
    "@react-navigation/bottom-tabs": "^7.4.0",
    "@react-navigation/elements": "^2.6.3",
    "@react-navigation/native": "^7.1.8",
    "expo": "~54.0.33",
    "expo-av": "~16.0.8",
    "expo-blur": "~15.0.8",
    "expo-constants": "~18.0.13",
    "expo-file-system": "~19.0.21",
    "expo-font": "~14.0.11",
    "expo-haptics": "~15.0.8",
    "expo-image": "~3.0.11",
    "expo-linking": "~8.0.11",
    "expo-notifications": "~0.32.16",
    "expo-router": "~6.0.23",
    "expo-splash-screen": "~31.0.13",
    "expo-status-bar": "~3.0.9",
    "expo-symbols": "~1.0.8",
    "expo-system-ui": "~6.0.9",
    "expo-web-browser": "~15.0.10",
    "nativewind": "^4.2.2",
    "react": "19.1.0",
    "react-dom": "19.1.0",
    "react-native": "0.81.5",
    "react-native-gesture-handler": "~2.28.0",
    "react-native-purchases": "^9.12.0",
    "react-native-reanimated": "~4.1.1",
    "react-native-safe-area-context": "~5.6.0",
    "react-native-screens": "~4.16.0",
    "react-native-web": "~0.21.0",
    "react-native-worklets": "0.5.1",
    "tailwindcss": "^3.4.19"
  },
  "devDependencies": {
    "@types/react": "~19.1.0",
    "eslint": "^9.25.0",
    "eslint-config-expo": "~10.0.0",
    "sharp": "^0.34.5",
    "typescript": "~5.9.2"
  },
  "private": true
}
[INSTALL_DEPENDENCIES] Running "npm ci --include=dev --verbose" in /var/folders/5k/ynsqf8ds51b74h1c4xn_m83c0000gn/T/eas-build-local-nodejs/42048a89-3ab1-4c93-b6a5-e4c458600e6f/build directory
[INSTALL_DEPENDENCIES] npm verbose cli /opt/homebrew/Cellar/node/25.4.0/bin/node /opt/homebrew/bin/npm
[INSTALL_DEPENDENCIES] npm info using npm@11.7.0
[INSTALL_DEPENDENCIES] npm info using node@v25.4.0
[INSTALL_DEPENDENCIES] npm verbose title npm ci
[INSTALL_DEPENDENCIES] npm verbose argv "ci" "--include" "dev" "--loglevel" "verbose"
[INSTALL_DEPENDENCIES] npm verbose logfile logs-max:10 dir:/Users/ncsr/.npm/_logs/2026-04-01T01_59_05_388Z-
[INSTALL_DEPENDENCIES] npm verbose logfile /Users/ncsr/.npm/_logs/2026-04-01T01_59_05_388Z-debug-0.log
[INSTALL_DEPENDENCIES] npm http cache yocto-queue@https://registry.npmjs.org/yocto-queue/-/yocto-queue-0.1.0.tgz 0ms (cache hit)
[INSTALL_DEPENDENCIES] npm http cache yargs-parser@https://registry.npmjs.org/yargs-parser/-/yargs-parser-21.1.1.tgz 0ms (cache hit)
[INSTALL_DEPENDENCIES] npm http cache yaml@https://registry.npmjs.org/yaml/-/yaml-2.8.2.tgz 0ms (cache hit)
[INSTALL_DEPENDENCIES] npm http cache yargs@https://registry.npmjs.org/yargs/-/yargs-17.7.2.tgz 0ms (cache hit)
[INSTALL_DEPENDENCIES] npm http cache yallist@https://registry.npmjs.org/yallist/-/yallist-3.1.1.tgz 0ms (cache hit)
[INSTALL_DEPENDENCIES] npm http cache y18n@https://registry.npmjs.org/y18n/-/y18n-5.0.8.tgz 0ms (cache hit)
[INSTALL_DEPENDENCIES] npm http cache xmlbuilder@https://registry.npmjs.org/xmlbuilder/-/xmlbuilder-15.1.1.tgz 0ms (cache hit)
[INSTALL_DEPENDENCIES] npm http cache wrappy@https://registry.npmjs.org/wrappy/-/wrappy-1.0.2.tgz 0ms (cache hit)
[INSTALL_DEPENDENCIES] npm http cache write-file-atomic@https://registry.npmjs.org/write-file-atomic/-/write-file-atomic-4.0.2.tgz 0ms (cache hit)
[INSTALL_DEPENDENCIES] npm http cache ws@https://registry.npmjs.org/ws/-/ws-7.5.10.tgz 0ms (cache hit)
[INSTALL_DEPENDENCIES] npm http cache xcode@https://registry.npmjs.org/xcode/-/xcode-3.0.1.tgz 0ms (cache hit)
[INSTALL_DEPENDENCIES] npm http cache xml2js@https://registry.npmjs.org/xml2js/-/xml2js-0.6.0.tgz 0ms (cache hit)
[INSTALL_DEPENDENCIES] npm http cache wrap-ansi-cjs@https://registry.npmjs.org/wrap-ansi/-/wrap-ansi-7.0.0.tgz 0ms (cache hit)
[INSTALL_DEPENDENCIES] npm http cache wrap-ansi@https://registry.npmjs.org/wrap-ansi/-/wrap-ansi-7.0.0.tgz 0ms (cache hit)
[INSTALL_DEPENDENCIES] npm http cache word-wrap@https://registry.npmjs.org/word-wrap/-/word-wrap-1.2.5.tgz 0ms (cache hit)
[INSTALL_DEPENDENCIES] npm http cache wonka@https://registry.npmjs.org/wonka/-/wonka-6.3.5.tgz 0ms (cache hit)
[INSTALL_DEPENDENCIES] npm http cache which-typed-array@https://registry.npmjs.org/which-typed-array/-/which-typed-array-1.1.20.tgz 0ms (cache hit)
[INSTALL_DEPENDENCIES] npm http cache which-collection@https://registry.npmjs.org/which-collection/-/which-collection-1.0.2.tgz 0ms (cache hit)
[INSTALL_DEPENDENCIES] npm http cache which-builtin-type@https://registry.npmjs.org/which-builtin-type/-/which-builtin-type-1.2.1.tgz 0ms (cache hit)
[INSTALL_DEPENDENCIES] npm http cache which@https://registry.npmjs.org/which/-/which-2.0.2.tgz 0ms (cache hit)
[INSTALL_DEPENDENCIES] npm http cache which-boxed-primitive@https://registry.npmjs.org/which-boxed-primitive/-/which-boxed-primitive-1.1.1.tgz 0ms (cache hit)
[INSTALL_DEPENDENCIES] npm http cache whatwg-url@https://registry.npmjs.org/whatwg-url/-/whatwg-url-5.0.0.tgz 0ms (cache hit)
[INSTALL_DEPENDENCIES] npm http cache whatwg-url-without-unicode@https://registry.npmjs.org/whatwg-url-without-unicode/-/whatwg-url-without-unicode-8.0.0-3.tgz 0ms (cache hit)
[INSTALL_DEPENDENCIES] npm http cache whatwg-fetch@https://registry.npmjs.org/whatwg-fetch/-/whatwg-fetch-3.6.20.tgz 0ms (cache hit)
[INSTALL_DEPENDENCIES] npm http cache wcwidth@https://registry.npmjs.org/wcwidth/-/wcwidth-1.0.1.tgz 0ms (cache hit)
[INSTALL_DEPENDENCIES] npm http cache webidl-conversions@https://registry.npmjs.org/webidl-conversions/-/webidl-conversions-3.0.1.tgz 0ms (cache hit)
[INSTALL_DEPENDENCIES] npm http cache web-streams-polyfill@https://registry.npmjs.org/web-streams-polyfill/-/web-streams-polyfill-3.3.3.tgz 0ms (cache hit)
[INSTALL_DEPENDENCIES] npm http cache walker@https://registry.npmjs.org/walker/-/walker-1.0.8.tgz 0ms (cache hit)
[INSTALL_DEPENDENCIES] npm http cache warn-once@https://registry.npmjs.org/warn-once/-/warn-once-0.1.1.tgz 0ms (cache hit)
[INSTALL_DEPENDENCIES] npm http cache vlq@https://registry.npmjs.org/vlq/-/vlq-1.0.1.tgz 0ms (cache hit)
[INSTALL_DEPENDENCIES] npm http cache vaul@https://registry.npmjs.org/vaul/-/vaul-1.1.2.tgz 0ms (cache hit)
[INSTALL_DEPENDENCIES] npm http cache vary@https://registry.npmjs.org/vary/-/vary-1.1.2.tgz 0ms (cache hit)
[INSTALL_DEPENDENCIES] npm http cache validate-npm-package-name@https://registry.npmjs.org/validate-npm-package-name/-/validate-npm-package-name-5.0.1.tgz 0ms (cache hit)
[INSTALL_DEPENDENCIES] npm http cache uuid@https://registry.npmjs.org/uuid/-/uuid-7.0.3.tgz 0ms (cache hit)
[INSTALL_DEPENDENCIES] npm http cache util-deprecate@https://registry.npmjs.org/util-deprecate/-/util-deprecate-1.0.2.tgz 0ms (cache hit)
[INSTALL_DEPENDENCIES] npm http cache util@https://registry.npmjs.org/util/-/util-0.12.5.tgz 0ms (cache hit)
[INSTALL_DEPENDENCIES] npm http cache use-sync-external-store@https://registry.npmjs.org/use-sync-external-store/-/use-sync-external-store-1.6.0.tgz 0ms (cache hit)
[INSTALL_DEPENDENCIES] npm http cache use-sidecar@https://registry.npmjs.org/use-sidecar/-/use-sidecar-1.1.3.tgz 0ms (cache hit)
[INSTALL_DEPENDENCIES] npm http cache utils-merge@https://registry.npmjs.org/utils-merge/-/utils-merge-1.0.1.tgz 0ms (cache hit)
[INSTALL_DEPENDENCIES] npm http cache use-latest-callback@https://registry.npmjs.org/use-latest-callback/-/use-latest-callback-0.2.6.tgz 0ms (cache hit)
[INSTALL_DEPENDENCIES] npm http cache use-callback-ref@https://registry.npmjs.org/use-callback-ref/-/use-callback-ref-1.3.3.tgz 0ms (cache hit)
[INSTALL_DEPENDENCIES] npm http cache uri-js@https://registry.npmjs.org/uri-js/-/uri-js-4.4.1.tgz 0ms (cache hit)
[INSTALL_DEPENDENCIES] npm http cache update-browserslist-db@https://registry.npmjs.org/update-browserslist-db/-/update-browserslist-db-1.2.3.tgz 0ms (cache hit)
[INSTALL_DEPENDENCIES] npm http cache unpipe@https://registry.npmjs.org/unpipe/-/unpipe-1.0.0.tgz 0ms (cache hit)
[INSTALL_DEPENDENCIES] npm http cache unicode-property-aliases-ecmascript@https://registry.npmjs.org/unicode-property-aliases-ecmascript/-/unicode-property-aliases-ecmascript-2.2.0.tgz 0ms (cache hit)
[INSTALL_DEPENDENCIES] npm http cache unicode-match-property-value-ecmascript@https://registry.npmjs.org/unicode-match-property-value-ecmascript/-/unicode-match-property-value-ecmascript-2.2.1.tgz 0ms (cache hit)
[INSTALL_DEPENDENCIES] npm http cache unicode-canonical-property-names-ecmascript@https://registry.npmjs.org/unicode-canonical-property-names-ecmascript/-/unicode-canonical-property-names-ecmascript-2.0.1.tgz 0ms (cache hit)
[INSTALL_DEPENDENCIES] npm http cache unrs-resolver@https://registry.npmjs.org/unrs-resolver/-/unrs-resolver-1.11.1.tgz 0ms (cache hit)
[INSTALL_DEPENDENCIES] npm http cache undici-types@https://registry.npmjs.org/undici-types/-/undici-types-7.18.2.tgz 0ms (cache hit)
[INSTALL_DEPENDENCIES] npm http cache undici@https://registry.npmjs.org/undici/-/undici-6.23.0.tgz 0ms (cache hit)
[INSTALL_DEPENDENCIES] npm http cache unicode-match-property-ecmascript@https://registry.npmjs.org/unicode-match-property-ecmascript/-/unicode-match-property-ecmascript-2.0.0.tgz 0ms (cache hit)
[INSTALL_DEPENDENCIES] npm http cache unbox-primitive@https://registry.npmjs.org/unbox-primitive/-/unbox-primitive-1.1.0.tgz 0ms (cache hit)
[INSTALL_DEPENDENCIES] npm http cache ua-parser-js@https://registry.npmjs.org/ua-parser-js/-/ua-parser-js-1.0.41.tgz 0ms (cache hit)
[INSTALL_DEPENDENCIES] npm http cache typescript@https://registry.npmjs.org/typescript/-/typescript-5.9.3.tgz 0ms (cache hit)
[INSTALL_DEPENDENCIES] npm http cache typed-array-length@https://registry.npmjs.org/typed-array-length/-/typed-array-length-1.0.7.tgz 0ms (cache hit)
[INSTALL_DEPENDENCIES] npm http cache typed-array-byte-offset@https://registry.npmjs.org/typed-array-byte-offset/-/typed-array-byte-offset-1.0.4.tgz 0ms (cache hit)
[INSTALL_DEPENDENCIES] npm http cache typed-array-byte-length@https://registry.npmjs.org/typed-array-byte-length/-/typed-array-byte-length-1.0.3.tgz 0ms (cache hit)
[INSTALL_DEPENDENCIES] npm http cache typed-array-buffer@https://registry.npmjs.org/typed-array-buffer/-/typed-array-buffer-1.0.3.tgz 0ms (cache hit)
[INSTALL_DEPENDENCIES] npm http cache type-fest@https://registry.npmjs.org/type-fest/-/type-fest-0.7.1.tgz 0ms (cache hit)
[INSTALL_DEPENDENCIES] npm http cache type-detect@https://registry.npmjs.org/type-detect/-/type-detect-4.0.8.tgz 0ms (cache hit)
[INSTALL_DEPENDENCIES] npm http cache type-check@https://registry.npmjs.org/type-check/-/type-check-0.4.0.tgz 0ms (cache hit)
[INSTALL_DEPENDENCIES] npm http cache tsconfig-paths@https://registry.npmjs.org/tsconfig-paths/-/tsconfig-paths-3.15.0.tgz 0ms (cache hit)
[INSTALL_DEPENDENCIES] npm http cache tslib@https://registry.npmjs.org/tslib/-/tslib-2.8.1.tgz 0ms (cache hit)
[INSTALL_DEPENDENCIES] npm http cache ts-interface-checker@https://registry.npmjs.org/ts-interface-checker/-/ts-interface-checker-0.1.13.tgz 0ms (cache hit)
[INSTALL_DEPENDENCIES] npm http cache ts-api-utils@https://registry.npmjs.org/ts-api-utils/-/ts-api-utils-2.4.0.tgz 0ms (cache hit)
[INSTALL_DEPENDENCIES] npm http cache tr46@https://registry.npmjs.org/tr46/-/tr46-0.0.3.tgz 0ms (cache hit)
[INSTALL_DEPENDENCIES] npm http cache to-regex-range@https://registry.npmjs.org/to-regex-range/-/to-regex-range-5.0.1.tgz 0ms (cache hit)
[INSTALL_DEPENDENCIES] npm http cache tmpl@https://registry.npmjs.org/tmpl/-/tmpl-1.0.5.tgz 0ms (cache hit)
[INSTALL_DEPENDENCIES] npm http cache toidentifier@https://registry.npmjs.org/toidentifier/-/toidentifier-1.0.1.tgz 0ms (cache hit)
[INSTALL_DEPENDENCIES] npm http cache tinyglobby@https://registry.npmjs.org/tinyglobby/-/tinyglobby-0.2.15.tgz 0ms (cache hit)
[INSTALL_DEPENDENCIES] npm http cache throat@https://registry.npmjs.org/throat/-/throat-5.0.0.tgz 0ms (cache hit)
[INSTALL_DEPENDENCIES] npm http cache thenify-all@https://registry.npmjs.org/thenify-all/-/thenify-all-1.6.0.tgz 0ms (cache hit)
[INSTALL_DEPENDENCIES] npm http cache thenify@https://registry.npmjs.org/thenify/-/thenify-3.3.1.tgz 0ms (cache hit)
[INSTALL_DEPENDENCIES] npm http cache test-exclude@https://registry.npmjs.org/test-exclude/-/test-exclude-6.0.0.tgz 0ms (cache hit)
[INSTALL_DEPENDENCIES] npm http cache terser@https://registry.npmjs.org/terser/-/terser-5.46.0.tgz 0ms (cache hit)
[INSTALL_DEPENDENCIES] npm http cache terminal-link@https://registry.npmjs.org/terminal-link/-/terminal-link-2.1.1.tgz 0ms (cache hit)
[INSTALL_DEPENDENCIES] npm http cache supports-preserve-symlinks-flag@https://registry.npmjs.org/supports-preserve-symlinks-flag/-/supports-preserve-symlinks-flag-1.0.0.tgz 0ms (cache hit)
[INSTALL_DEPENDENCIES] npm http cache supports-color@https://registry.npmjs.org/supports-color/-/supports-color-7.2.0.tgz 0ms (cache hit)
[INSTALL_DEPENDENCIES] npm http cache tailwindcss@https://registry.npmjs.org/tailwindcss/-/tailwindcss-3.4.19.tgz 0ms (cache hit)
[INSTALL_DEPENDENCIES] npm http cache sucrase@https://registry.npmjs.org/sucrase/-/sucrase-3.35.1.tgz 0ms (cache hit)
[INSTALL_DEPENDENCIES] npm http cache styleq@https://registry.npmjs.org/styleq/-/styleq-0.1.3.tgz 0ms (cache hit)
[INSTALL_DEPENDENCIES] npm http cache structured-headers@https://registry.npmjs.org/structured-headers/-/structured-headers-0.4.1.tgz 0ms (cache hit)
[INSTALL_DEPENDENCIES] npm http cache supports-hyperlinks@https://registry.npmjs.org/supports-hyperlinks/-/supports-hyperlinks-2.3.0.tgz 0ms (cache hit)
[INSTALL_DEPENDENCIES] npm http cache strip-json-comments@https://registry.npmjs.org/strip-json-comments/-/strip-json-comments-3.1.1.tgz 0ms (cache hit)
[INSTALL_DEPENDENCIES] npm http cache strip-ansi-cjs@https://registry.npmjs.org/strip-ansi/-/strip-ansi-6.0.1.tgz 0ms (cache hit)
[INSTALL_DEPENDENCIES] npm http cache tar@https://registry.npmjs.org/tar/-/tar-7.5.11.tgz 0ms (cache hit)
[INSTALL_DEPENDENCIES] npm http cache strip-ansi@https://registry.npmjs.org/strip-ansi/-/strip-ansi-6.0.1.tgz 0ms (cache hit)
[INSTALL_DEPENDENCIES] npm http cache string.prototype.trimstart@https://registry.npmjs.org/string.prototype.trimstart/-/string.prototype.trimstart-1.0.8.tgz 0ms (cache hit)
[INSTALL_DEPENDENCIES] npm http cache string.prototype.trim@https://registry.npmjs.org/string.prototype.trim/-/string.prototype.trim-1.2.10.tgz 0ms (cache hit)
[INSTALL_DEPENDENCIES] npm http cache strip-bom@https://registry.npmjs.org/strip-bom/-/strip-bom-3.0.0.tgz 0ms (cache hit)
[INSTALL_DEPENDENCIES] npm http cache string.prototype.trimend@https://registry.npmjs.org/string.prototype.trimend/-/string.prototype.trimend-1.0.9.tgz 0ms (cache hit)
[INSTALL_DEPENDENCIES] npm http cache string.prototype.matchall@https://registry.npmjs.org/string.prototype.matchall/-/string.prototype.matchall-4.0.12.tgz 0ms (cache hit)
[INSTALL_DEPENDENCIES] npm http cache string-width@https://registry.npmjs.org/string-width/-/string-width-4.2.3.tgz 0ms (cache hit)
[INSTALL_DEPENDENCIES] npm http cache strict-uri-encode@https://registry.npmjs.org/strict-uri-encode/-/strict-uri-encode-2.0.0.tgz 0ms (cache hit)
[INSTALL_DEPENDENCIES] npm http cache stream-buffers@https://registry.npmjs.org/stream-buffers/-/stream-buffers-2.2.0.tgz 0ms (cache hit)
[INSTALL_DEPENDENCIES] npm http cache string-width-cjs@https://registry.npmjs.org/string-width/-/string-width-4.2.3.tgz 0ms (cache hit)
[INSTALL_DEPENDENCIES] npm http cache stop-iteration-iterator@https://registry.npmjs.org/stop-iteration-iterator/-/stop-iteration-iterator-1.1.0.tgz 0ms (cache hit)
[INSTALL_DEPENDENCIES] npm http cache statuses@https://registry.npmjs.org/statuses/-/statuses-1.5.0.tgz 0ms (cache hit)
[INSTALL_DEPENDENCIES] npm http cache stacktrace-parser@https://registry.npmjs.org/stacktrace-parser/-/stacktrace-parser-0.1.11.tgz 0ms (cache hit)
[INSTALL_DEPENDENCIES] npm http cache string.prototype.repeat@https://registry.npmjs.org/string.prototype.repeat/-/string.prototype.repeat-1.0.0.tgz 0ms (cache hit)
[INSTALL_DEPENDENCIES] npm http cache stackframe@https://registry.npmjs.org/stackframe/-/stackframe-1.3.4.tgz 0ms (cache hit)
[INSTALL_DEPENDENCIES] npm http cache stack-utils@https://registry.npmjs.org/stack-utils/-/stack-utils-2.0.6.tgz 0ms (cache hit)
[INSTALL_DEPENDENCIES] npm http cache stable-hash@https://registry.npmjs.org/stable-hash/-/stable-hash-0.0.5.tgz 0ms (cache hit)
[INSTALL_DEPENDENCIES] npm http cache split-on-first@https://registry.npmjs.org/split-on-first/-/split-on-first-1.1.0.tgz 0ms (cache hit)
[INSTALL_DEPENDENCIES] npm http cache source-map-support@https://registry.npmjs.org/source-map-support/-/source-map-support-0.5.21.tgz 0ms (cache hit)
[INSTALL_DEPENDENCIES] npm http cache source-map-js@https://registry.npmjs.org/source-map-js/-/source-map-js-1.2.1.tgz 0ms (cache hit)
[INSTALL_DEPENDENCIES] npm http cache sprintf-js@https://registry.npmjs.org/sprintf-js/-/sprintf-js-1.0.3.tgz 0ms (cache hit)
[INSTALL_DEPENDENCIES] npm http cache source-map@https://registry.npmjs.org/source-map/-/source-map-0.5.7.tgz 0ms (cache hit)
[INSTALL_DEPENDENCIES] npm http cache slash@https://registry.npmjs.org/slash/-/slash-3.0.0.tgz 0ms (cache hit)
[INSTALL_DEPENDENCIES] npm http cache simple-swizzle@https://registry.npmjs.org/simple-swizzle/-/simple-swizzle-0.2.4.tgz 0ms (cache hit)
[INSTALL_DEPENDENCIES] npm http cache slugify@https://registry.npmjs.org/slugify/-/slugify-1.6.6.tgz 0ms (cache hit)
[INSTALL_DEPENDENCIES] npm http cache simple-plist@https://registry.npmjs.org/simple-plist/-/simple-plist-1.3.1.tgz 0ms (cache hit)
[INSTALL_DEPENDENCIES] npm http cache signal-exit@https://registry.npmjs.org/signal-exit/-/signal-exit-3.0.7.tgz 0ms (cache hit)
[INSTALL_DEPENDENCIES] npm http cache sisteransi@https://registry.npmjs.org/sisteransi/-/sisteransi-1.0.5.tgz 0ms (cache hit)
[INSTALL_DEPENDENCIES] npm http cache side-channel-list@https://registry.npmjs.org/side-channel-list/-/side-channel-list-1.0.0.tgz 0ms (cache hit)
[INSTALL_DEPENDENCIES] npm http cache side-channel-map@https://registry.npmjs.org/side-channel-map/-/side-channel-map-1.0.1.tgz 0ms (cache hit)
[INSTALL_DEPENDENCIES] npm http cache side-channel-weakmap@https://registry.npmjs.org/side-channel-weakmap/-/side-channel-weakmap-1.0.2.tgz 0ms (cache hit)
[INSTALL_DEPENDENCIES] npm http cache side-channel@https://registry.npmjs.org/side-channel/-/side-channel-1.1.0.tgz 0ms (cache hit)
[INSTALL_DEPENDENCIES] npm http cache shell-quote@https://registry.npmjs.org/shell-quote/-/shell-quote-1.8.3.tgz 0ms (cache hit)
[INSTALL_DEPENDENCIES] npm http cache shebang-command@https://registry.npmjs.org/shebang-command/-/shebang-command-2.0.0.tgz 0ms (cache hit)
[INSTALL_DEPENDENCIES] npm http cache shebang-regex@https://registry.npmjs.org/shebang-regex/-/shebang-regex-3.0.0.tgz 0ms (cache hit)
[INSTALL_DEPENDENCIES] npm http cache shallowequal@https://registry.npmjs.org/shallowequal/-/shallowequal-1.1.0.tgz 0ms (cache hit)
[INSTALL_DEPENDENCIES] npm http cache setprototypeof@https://registry.npmjs.org/setprototypeof/-/setprototypeof-1.2.0.tgz 0ms (cache hit)
[INSTALL_DEPENDENCIES] npm http cache set-proto@https://registry.npmjs.org/set-proto/-/set-proto-1.0.0.tgz 0ms (cache hit)
[INSTALL_DEPENDENCIES] npm http cache setimmediate@https://registry.npmjs.org/setimmediate/-/setimmediate-1.0.5.tgz 0ms (cache hit)
[INSTALL_DEPENDENCIES] npm http cache sf-symbols-typescript@https://registry.npmjs.org/sf-symbols-typescript/-/sf-symbols-typescript-2.2.0.tgz 0ms (cache hit)
[INSTALL_DEPENDENCIES] npm http cache set-function-name@https://registry.npmjs.org/set-function-name/-/set-function-name-2.0.2.tgz 0ms (cache hit)
[INSTALL_DEPENDENCIES] npm http cache sharp@https://registry.npmjs.org/sharp/-/sharp-0.34.5.tgz 0ms (cache hit)
[INSTALL_DEPENDENCIES] npm http cache server-only@https://registry.npmjs.org/server-only/-/server-only-0.0.1.tgz 0ms (cache hit)
[INSTALL_DEPENDENCIES] npm http cache serve-static@https://registry.npmjs.org/serve-static/-/serve-static-1.16.3.tgz 0ms (cache hit)
[INSTALL_DEPENDENCIES] npm http cache serialize-error@https://registry.npmjs.org/serialize-error/-/serialize-error-2.1.0.tgz 0ms (cache hit)
[INSTALL_DEPENDENCIES] npm http cache send@https://registry.npmjs.org/send/-/send-0.19.2.tgz 0ms (cache hit)
[INSTALL_DEPENDENCIES] npm http cache scheduler@https://registry.npmjs.org/scheduler/-/scheduler-0.26.0.tgz 0ms (cache hit)
[INSTALL_DEPENDENCIES] npm http cache sax@https://registry.npmjs.org/sax/-/sax-1.5.0.tgz 0ms (cache hit)
[INSTALL_DEPENDENCIES] npm http cache semver@https://registry.npmjs.org/semver/-/semver-6.3.1.tgz 0ms (cache hit)
[INSTALL_DEPENDENCIES] npm http cache safe-regex-test@https://registry.npmjs.org/safe-regex-test/-/safe-regex-test-1.1.0.tgz 0ms (cache hit)
[INSTALL_DEPENDENCIES] npm http cache safe-buffer@https://registry.npmjs.org/safe-buffer/-/safe-buffer-5.2.1.tgz 0ms (cache hit)
[INSTALL_DEPENDENCIES] npm http cache run-parallel@https://registry.npmjs.org/run-parallel/-/run-parallel-1.2.0.tgz 0ms (cache hit)
[INSTALL_DEPENDENCIES] npm http cache safe-push-apply@https://registry.npmjs.org/safe-push-apply/-/safe-push-apply-1.0.0.tgz 0ms (cache hit)
[INSTALL_DEPENDENCIES] npm http cache set-function-length@https://registry.npmjs.org/set-function-length/-/set-function-length-1.2.2.tgz 0ms (cache hit)
[INSTALL_DEPENDENCIES] npm http cache safe-array-concat@https://registry.npmjs.org/safe-array-concat/-/safe-array-concat-1.1.3.tgz 0ms (cache hit)
[INSTALL_DEPENDENCIES] npm http cache rimraf@https://registry.npmjs.org/rimraf/-/rimraf-3.0.2.tgz 0ms (cache hit)
[INSTALL_DEPENDENCIES] npm http cache reusify@https://registry.npmjs.org/reusify/-/reusify-1.1.0.tgz 0ms (cache hit)
[INSTALL_DEPENDENCIES] npm http cache restore-cursor@https://registry.npmjs.org/restore-cursor/-/restore-cursor-2.0.0.tgz 0ms (cache hit)
[INSTALL_DEPENDENCIES] npm http cache resolve.exports@https://registry.npmjs.org/resolve.exports/-/resolve.exports-2.0.3.tgz 0ms (cache hit)
[INSTALL_DEPENDENCIES] npm http cache resolve-pkg-maps@https://registry.npmjs.org/resolve-pkg-maps/-/resolve-pkg-maps-1.0.0.tgz 0ms (cache hit)
[INSTALL_DEPENDENCIES] npm http cache resolve-workspace-root@https://registry.npmjs.org/resolve-workspace-root/-/resolve-workspace-root-2.0.1.tgz 0ms (cache hit)
[INSTALL_DEPENDENCIES] npm http cache resolve-from@https://registry.npmjs.org/resolve-from/-/resolve-from-5.0.0.tgz 0ms (cache hit)
[INSTALL_DEPENDENCIES] npm http cache resolve@https://registry.npmjs.org/resolve/-/resolve-1.22.11.tgz 0ms (cache hit)
[INSTALL_DEPENDENCIES] npm http cache retry@https://registry.npmjs.org/retry/-/retry-0.13.1.tgz 0ms (cache hit)
[INSTALL_DEPENDENCIES] npm http cache requireg@https://registry.npmjs.org/requireg/-/requireg-0.2.2.tgz 0ms (cache hit)
[INSTALL_DEPENDENCIES] npm http cache require-directory@https://registry.npmjs.org/require-directory/-/require-directory-2.1.1.tgz 0ms (cache hit)
[INSTALL_DEPENDENCIES] npm http cache regjsparser@https://registry.npmjs.org/regjsparser/-/regjsparser-0.13.0.tgz 0ms (cache hit)
[INSTALL_DEPENDENCIES] npm http cache regjsgen@https://registry.npmjs.org/regjsgen/-/regjsgen-0.8.0.tgz 0ms (cache hit)
[INSTALL_DEPENDENCIES] npm http cache regexpu-core@https://registry.npmjs.org/regexpu-core/-/regexpu-core-6.4.0.tgz 0ms (cache hit)
[INSTALL_DEPENDENCIES] npm http cache regexp.prototype.flags@https://registry.npmjs.org/regexp.prototype.flags/-/regexp.prototype.flags-1.5.4.tgz 0ms (cache hit)
[INSTALL_DEPENDENCIES] npm http cache regenerator-runtime@https://registry.npmjs.org/regenerator-runtime/-/regenerator-runtime-0.13.11.tgz 0ms (cache hit)
[INSTALL_DEPENDENCIES] npm http cache regenerate-unicode-properties@https://registry.npmjs.org/regenerate-unicode-properties/-/regenerate-unicode-properties-10.2.2.tgz 0ms (cache hit)
[INSTALL_DEPENDENCIES] npm http cache regenerate@https://registry.npmjs.org/regenerate/-/regenerate-1.4.2.tgz 0ms (cache hit)
[INSTALL_DEPENDENCIES] npm http cache readdirp@https://registry.npmjs.org/readdirp/-/readdirp-3.6.0.tgz 0ms (cache hit)
[INSTALL_DEPENDENCIES] npm http cache read-cache@https://registry.npmjs.org/read-cache/-/read-cache-1.0.0.tgz 0ms (cache hit)
[INSTALL_DEPENDENCIES] npm http cache reflect.getprototypeof@https://registry.npmjs.org/reflect.getprototypeof/-/reflect.getprototypeof-1.0.10.tgz 0ms (cache hit)
[INSTALL_DEPENDENCIES] npm http cache react-style-singleton@https://registry.npmjs.org/react-style-singleton/-/react-style-singleton-2.2.3.tgz 0ms (cache hit)
[INSTALL_DEPENDENCIES] npm http cache react-remove-scroll-bar@https://registry.npmjs.org/react-remove-scroll-bar/-/react-remove-scroll-bar-2.3.8.tgz 0ms (cache hit)
[INSTALL_DEPENDENCIES] npm http cache react-remove-scroll@https://registry.npmjs.org/react-remove-scroll/-/react-remove-scroll-2.7.2.tgz 0ms (cache hit)
[INSTALL_DEPENDENCIES] npm http cache react-refresh@https://registry.npmjs.org/react-refresh/-/react-refresh-0.14.2.tgz 0ms (cache hit)
[INSTALL_DEPENDENCIES] npm http cache require-from-string@https://registry.npmjs.org/require-from-string/-/require-from-string-2.0.2.tgz 0ms (cache hit)
[INSTALL_DEPENDENCIES] npm http cache react-native-worklets@https://registry.npmjs.org/react-native-worklets/-/react-native-worklets-0.5.1.tgz 0ms (cache hit)
[INSTALL_DEPENDENCIES] npm http cache react-native-web@https://registry.npmjs.org/react-native-web/-/react-native-web-0.21.2.tgz 0ms (cache hit)
[INSTALL_DEPENDENCIES] npm http cache react-native-screens@https://registry.npmjs.org/react-native-screens/-/react-native-screens-4.16.0.tgz 0ms (cache hit)
[INSTALL_DEPENDENCIES] npm http cache react-native-reanimated@https://registry.npmjs.org/react-native-reanimated/-/react-native-reanimated-4.1.6.tgz 0ms (cache hit)
[INSTALL_DEPENDENCIES] npm http cache react-native-purchases@https://registry.npmjs.org/react-native-purchases/-/react-native-purchases-9.12.0.tgz 0ms (cache hit)
[INSTALL_DEPENDENCIES] npm http cache react-native-is-edge-to-edge@https://registry.npmjs.org/react-native-is-edge-to-edge/-/react-native-is-edge-to-edge-1.3.1.tgz 0ms (cache hit)
[INSTALL_DEPENDENCIES] npm http cache react-native-gesture-handler@https://registry.npmjs.org/react-native-gesture-handler/-/react-native-gesture-handler-2.28.0.tgz 0ms (cache hit)
[INSTALL_DEPENDENCIES] npm http cache react-native@https://registry.npmjs.org/react-native/-/react-native-0.81.5.tgz 0ms (cache hit)
[INSTALL_DEPENDENCIES] npm http cache react-is@https://registry.npmjs.org/react-is/-/react-is-19.2.4.tgz 0ms (cache hit)
[INSTALL_DEPENDENCIES] npm http cache react-native-safe-area-context@https://registry.npmjs.org/react-native-safe-area-context/-/react-native-safe-area-context-5.6.2.tgz 0ms (cache hit)
[INSTALL_DEPENDENCIES] npm http cache react-fast-compare@https://registry.npmjs.org/react-fast-compare/-/react-fast-compare-3.2.2.tgz 0ms (cache hit)
[INSTALL_DEPENDENCIES] npm http cache react-dom@https://registry.npmjs.org/react-dom/-/react-dom-19.1.0.tgz 0ms (cache hit)
[INSTALL_DEPENDENCIES] npm http cache react-freeze@https://registry.npmjs.org/react-freeze/-/react-freeze-1.0.4.tgz 0ms (cache hit)
[INSTALL_DEPENDENCIES] npm http cache react@https://registry.npmjs.org/react/-/react-19.1.0.tgz 0ms (cache hit)
[INSTALL_DEPENDENCIES] npm http cache rc@https://registry.npmjs.org/rc/-/rc-1.2.8.tgz 0ms (cache hit)
[INSTALL_DEPENDENCIES] npm http cache range-parser@https://registry.npmjs.org/range-parser/-/range-parser-1.2.1.tgz 0ms (cache hit)
[INSTALL_DEPENDENCIES] npm http cache queue-microtask@https://registry.npmjs.org/queue-microtask/-/queue-microtask-1.2.3.tgz 0ms (cache hit)
[INSTALL_DEPENDENCIES] npm http cache queue@https://registry.npmjs.org/queue/-/queue-6.0.2.tgz 0ms (cache hit)
[INSTALL_DEPENDENCIES] npm http cache react-devtools-core@https://registry.npmjs.org/react-devtools-core/-/react-devtools-core-6.1.5.tgz 0ms (cache hit)
[INSTALL_DEPENDENCIES] npm http cache qrcode-terminal@https://registry.npmjs.org/qrcode-terminal/-/qrcode-terminal-0.11.0.tgz 0ms (cache hit)
[INSTALL_DEPENDENCIES] npm http cache punycode@https://registry.npmjs.org/punycode/-/punycode-2.3.1.tgz 0ms (cache hit)
[INSTALL_DEPENDENCIES] npm http cache prop-types@https://registry.npmjs.org/prop-types/-/prop-types-15.8.1.tgz 0ms (cache hit)
[INSTALL_DEPENDENCIES] npm http cache promise@https://registry.npmjs.org/promise/-/promise-8.3.0.tgz 0ms (cache hit)
[INSTALL_DEPENDENCIES] npm http cache prompts@https://registry.npmjs.org/prompts/-/prompts-2.4.2.tgz 0ms (cache hit)
[INSTALL_DEPENDENCIES] npm http cache progress@https://registry.npmjs.org/progress/-/progress-2.0.3.tgz 0ms (cache hit)
[INSTALL_DEPENDENCIES] npm http cache proc-log@https://registry.npmjs.org/proc-log/-/proc-log-4.2.0.tgz 0ms (cache hit)
[INSTALL_DEPENDENCIES] npm http cache query-string@https://registry.npmjs.org/query-string/-/query-string-7.1.3.tgz 0ms (cache hit)
[INSTALL_DEPENDENCIES] npm http cache pretty-bytes@https://registry.npmjs.org/pretty-bytes/-/pretty-bytes-5.6.0.tgz 0ms (cache hit)
[INSTALL_DEPENDENCIES] npm http cache prelude-ls@https://registry.npmjs.org/prelude-ls/-/prelude-ls-1.2.1.tgz 0ms (cache hit)
[INSTALL_DEPENDENCIES] npm http cache postcss-value-parser@https://registry.npmjs.org/postcss-value-parser/-/postcss-value-parser-4.2.0.tgz 0ms (cache hit)
[INSTALL_DEPENDENCIES] npm http cache protobufjs@https://registry.npmjs.org/protobufjs/-/protobufjs-7.5.4.tgz 0ms (cache hit)
[INSTALL_DEPENDENCIES] npm http cache pretty-format@https://registry.npmjs.org/pretty-format/-/pretty-format-29.7.0.tgz 0ms (cache hit)
[INSTALL_DEPENDENCIES] npm http cache postcss-selector-parser@https://registry.npmjs.org/postcss-selector-parser/-/postcss-selector-parser-6.1.2.tgz 0ms (cache hit)
[INSTALL_DEPENDENCIES] npm http cache postcss-load-config@https://registry.npmjs.org/postcss-load-config/-/postcss-load-config-6.0.1.tgz 0ms (cache hit)
[INSTALL_DEPENDENCIES] npm http cache postcss-import@https://registry.npmjs.org/postcss-import/-/postcss-import-15.1.0.tgz 0ms (cache hit)
[INSTALL_DEPENDENCIES] npm http cache postcss-js@https://registry.npmjs.org/postcss-js/-/postcss-js-4.1.0.tgz 0ms (cache hit)
[INSTALL_DEPENDENCIES] npm http cache postcss-nested@https://registry.npmjs.org/postcss-nested/-/postcss-nested-6.2.0.tgz 0ms (cache hit)
[INSTALL_DEPENDENCIES] npm http cache postcss@https://registry.npmjs.org/postcss/-/postcss-8.4.49.tgz 0ms (cache hit)
[INSTALL_DEPENDENCIES] npm http cache possible-typed-array-names@https://registry.npmjs.org/possible-typed-array-names/-/possible-typed-array-names-1.1.0.tgz 0ms (cache hit)
[INSTALL_DEPENDENCIES] npm http cache pngjs@https://registry.npmjs.org/pngjs/-/pngjs-3.4.0.tgz 0ms (cache hit)
[INSTALL_DEPENDENCIES] npm http cache plist@https://registry.npmjs.org/plist/-/plist-3.1.0.tgz 0ms (cache hit)
[INSTALL_DEPENDENCIES] npm http cache pirates@https://registry.npmjs.org/pirates/-/pirates-4.0.7.tgz 0ms (cache hit)
[INSTALL_DEPENDENCIES] npm http cache pify@https://registry.npmjs.org/pify/-/pify-2.3.0.tgz 0ms (cache hit)
[INSTALL_DEPENDENCIES] npm http cache picomatch@https://registry.npmjs.org/picomatch/-/picomatch-2.3.1.tgz 0ms (cache hit)
[INSTALL_DEPENDENCIES] npm http cache picocolors@https://registry.npmjs.org/picocolors/-/picocolors-1.1.1.tgz 0ms (cache hit)
[INSTALL_DEPENDENCIES] npm http cache path-scurry@https://registry.npmjs.org/path-scurry/-/path-scurry-2.0.2.tgz 0ms (cache hit)
[INSTALL_DEPENDENCIES] npm http cache path-parse@https://registry.npmjs.org/path-parse/-/path-parse-1.0.7.tgz 0ms (cache hit)
[INSTALL_DEPENDENCIES] npm http cache path-key@https://registry.npmjs.org/path-key/-/path-key-3.1.1.tgz 0ms (cache hit)
[INSTALL_DEPENDENCIES] npm http cache path-is-absolute@https://registry.npmjs.org/path-is-absolute/-/path-is-absolute-1.0.1.tgz 0ms (cache hit)
[INSTALL_DEPENDENCIES] npm http cache path-exists@https://registry.npmjs.org/path-exists/-/path-exists-4.0.0.tgz 0ms (cache hit)
[INSTALL_DEPENDENCIES] npm http cache parseurl@https://registry.npmjs.org/parseurl/-/parseurl-1.3.3.tgz 0ms (cache hit)
[INSTALL_DEPENDENCIES] npm http cache parse-png@https://registry.npmjs.org/parse-png/-/parse-png-2.1.0.tgz 0ms (cache hit)
[INSTALL_DEPENDENCIES] npm http cache parent-module@https://registry.npmjs.org/parent-module/-/parent-module-1.0.1.tgz 0ms (cache hit)
[INSTALL_DEPENDENCIES] npm http cache package-json-from-dist@https://registry.npmjs.org/package-json-from-dist/-/package-json-from-dist-1.0.1.tgz 0ms (cache hit)
[INSTALL_DEPENDENCIES] npm http cache p-try@https://registry.npmjs.org/p-try/-/p-try-2.2.0.tgz 0ms (cache hit)
[INSTALL_DEPENDENCIES] npm http cache p-retry@https://registry.npmjs.org/p-retry/-/p-retry-4.6.2.tgz 0ms (cache hit)
[INSTALL_DEPENDENCIES] npm http cache p-locate@https://registry.npmjs.org/p-locate/-/p-locate-5.0.0.tgz 0ms (cache hit)
[INSTALL_DEPENDENCIES] npm http cache p-limit@https://registry.npmjs.org/p-limit/-/p-limit-3.1.0.tgz 0ms (cache hit)
[INSTALL_DEPENDENCIES] npm http cache own-keys@https://registry.npmjs.org/own-keys/-/own-keys-1.0.1.tgz 0ms (cache hit)
[INSTALL_DEPENDENCIES] npm http cache ora@https://registry.npmjs.org/ora/-/ora-3.4.0.tgz 0ms (cache hit)
[INSTALL_DEPENDENCIES] npm http cache optionator@https://registry.npmjs.org/optionator/-/optionator-0.9.4.tgz 0ms (cache hit)
[INSTALL_DEPENDENCIES] npm http cache open@https://registry.npmjs.org/open/-/open-7.4.2.tgz 0ms (cache hit)
[INSTALL_DEPENDENCIES] npm http cache onetime@https://registry.npmjs.org/onetime/-/onetime-2.0.1.tgz 0ms (cache hit)
[INSTALL_DEPENDENCIES] npm http cache once@https://registry.npmjs.org/once/-/once-1.4.0.tgz 0ms (cache hit)
[INSTALL_DEPENDENCIES] npm http cache on-headers@https://registry.npmjs.org/on-headers/-/on-headers-1.1.0.tgz 0ms (cache hit)
[INSTALL_DEPENDENCIES] npm http cache on-finished@https://registry.npmjs.org/on-finished/-/on-finished-2.3.0.tgz 0ms (cache hit)
[INSTALL_DEPENDENCIES] npm http cache object.values@https://registry.npmjs.org/object.values/-/object.values-1.2.1.tgz 0ms (cache hit)
[INSTALL_DEPENDENCIES] npm http cache object.groupby@https://registry.npmjs.org/object.groupby/-/object.groupby-1.0.3.tgz 0ms (cache hit)
[INSTALL_DEPENDENCIES] npm http cache object.entries@https://registry.npmjs.org/object.entries/-/object.entries-1.1.9.tgz 0ms (cache hit)
[INSTALL_DEPENDENCIES] npm http cache object.assign@https://registry.npmjs.org/object.assign/-/object.assign-4.1.7.tgz 0ms (cache hit)
[INSTALL_DEPENDENCIES] npm http cache object.fromentries@https://registry.npmjs.org/object.fromentries/-/object.fromentries-2.0.8.tgz 0ms (cache hit)
[INSTALL_DEPENDENCIES] npm http cache object-keys@https://registry.npmjs.org/object-keys/-/object-keys-1.1.1.tgz 0ms (cache hit)
[INSTALL_DEPENDENCIES] npm http cache object-is@https://registry.npmjs.org/object-is/-/object-is-1.1.6.tgz 0ms (cache hit)
[INSTALL_DEPENDENCIES] npm http cache object-inspect@https://registry.npmjs.org/object-inspect/-/object-inspect-1.13.4.tgz 0ms (cache hit)
[INSTALL_DEPENDENCIES] npm http cache object-hash@https://registry.npmjs.org/object-hash/-/object-hash-3.0.0.tgz 0ms (cache hit)
[INSTALL_DEPENDENCIES] npm http cache object-assign@https://registry.npmjs.org/object-assign/-/object-assign-4.1.1.tgz 0ms (cache hit)
[INSTALL_DEPENDENCIES] npm http cache ob1@https://registry.npmjs.org/ob1/-/ob1-0.83.3.tgz 0ms (cache hit)
[INSTALL_DEPENDENCIES] npm http cache nullthrows@https://registry.npmjs.org/nullthrows/-/nullthrows-1.1.1.tgz 0ms (cache hit)
[INSTALL_DEPENDENCIES] npm http cache npm-package-arg@https://registry.npmjs.org/npm-package-arg/-/npm-package-arg-11.0.3.tgz 0ms (cache hit)
[INSTALL_DEPENDENCIES] npm http cache node-releases@https://registry.npmjs.org/node-releases/-/node-releases-2.0.36.tgz 0ms (cache hit)
[INSTALL_DEPENDENCIES] npm http cache node-int64@https://registry.npmjs.org/node-int64/-/node-int64-0.4.0.tgz 0ms (cache hit)
[INSTALL_DEPENDENCIES] npm http cache node-forge@https://registry.npmjs.org/node-forge/-/node-forge-1.3.3.tgz 0ms (cache hit)
[INSTALL_DEPENDENCIES] npm http cache node-fetch@https://registry.npmjs.org/node-fetch/-/node-fetch-2.7.0.tgz 0ms (cache hit)
[INSTALL_DEPENDENCIES] npm http cache node-exports-info@https://registry.npmjs.org/node-exports-info/-/node-exports-info-1.6.0.tgz 0ms (cache hit)
[INSTALL_DEPENDENCIES] npm http cache node-domexception@https://registry.npmjs.org/node-domexception/-/node-domexception-1.0.0.tgz 0ms (cache hit)
[INSTALL_DEPENDENCIES] npm http cache nested-error-stacks@https://registry.npmjs.org/nested-error-stacks/-/nested-error-stacks-2.0.1.tgz 0ms (cache hit)
[INSTALL_DEPENDENCIES] npm http cache normalize-path@https://registry.npmjs.org/normalize-path/-/normalize-path-3.0.0.tgz 0ms (cache hit)
[INSTALL_DEPENDENCIES] npm http cache nativewind@https://registry.npmjs.org/nativewind/-/nativewind-4.2.2.tgz 0ms (cache hit)
[INSTALL_DEPENDENCIES] npm http cache napi-postinstall@https://registry.npmjs.org/napi-postinstall/-/napi-postinstall-0.3.4.tgz 0ms (cache hit)
[INSTALL_DEPENDENCIES] npm http cache nanoid@https://registry.npmjs.org/nanoid/-/nanoid-3.3.11.tgz 0ms (cache hit)
[INSTALL_DEPENDENCIES] npm http cache natural-compare@https://registry.npmjs.org/natural-compare/-/natural-compare-1.4.0.tgz 0ms (cache hit)
[INSTALL_DEPENDENCIES] npm http cache mz@https://registry.npmjs.org/mz/-/mz-2.7.0.tgz 0ms (cache hit)
[INSTALL_DEPENDENCIES] npm http cache negotiator@https://registry.npmjs.org/negotiator/-/negotiator-0.6.3.tgz 0ms (cache hit)
[INSTALL_DEPENDENCIES] npm http cache ms@https://registry.npmjs.org/ms/-/ms-2.1.3.tgz 0ms (cache hit)
[INSTALL_DEPENDENCIES] npm http cache mkdirp@https://registry.npmjs.org/mkdirp/-/mkdirp-1.0.4.tgz 0ms (cache hit)
[INSTALL_DEPENDENCIES] npm http cache minizlib@https://registry.npmjs.org/minizlib/-/minizlib-3.1.0.tgz 0ms (cache hit)
[INSTALL_DEPENDENCIES] npm http cache minipass@https://registry.npmjs.org/minipass/-/minipass-7.1.3.tgz 0ms (cache hit)
[INSTALL_DEPENDENCIES] npm http cache minimist@https://registry.npmjs.org/minimist/-/minimist-1.2.8.tgz 0ms (cache hit)
[INSTALL_DEPENDENCIES] npm http cache minimatch@https://registry.npmjs.org/minimatch/-/minimatch-3.1.5.tgz 0ms (cache hit)
[INSTALL_DEPENDENCIES] npm http cache mimic-fn@https://registry.npmjs.org/mimic-fn/-/mimic-fn-1.2.0.tgz 0ms (cache hit)
[INSTALL_DEPENDENCIES] npm http cache mime-types@https://registry.npmjs.org/mime-types/-/mime-types-2.1.35.tgz 0ms (cache hit)
[INSTALL_DEPENDENCIES] npm http cache mime-db@https://registry.npmjs.org/mime-db/-/mime-db-1.52.0.tgz 0ms (cache hit)
[INSTALL_DEPENDENCIES] npm http cache mime@https://registry.npmjs.org/mime/-/mime-1.6.0.tgz 0ms (cache hit)
[INSTALL_DEPENDENCIES] npm http cache micromatch@https://registry.npmjs.org/micromatch/-/micromatch-4.0.8.tgz 0ms (cache hit)
[INSTALL_DEPENDENCIES] npm http cache metro-symbolicate@https://registry.npmjs.org/metro-symbolicate/-/metro-symbolicate-0.83.3.tgz 0ms (cache hit)
[INSTALL_DEPENDENCIES] npm http cache metro-transform-plugins@https://registry.npmjs.org/metro-transform-plugins/-/metro-transform-plugins-0.83.3.tgz 0ms (cache hit)
[INSTALL_DEPENDENCIES] npm http cache metro-source-map@https://registry.npmjs.org/metro-source-map/-/metro-source-map-0.83.3.tgz 0ms (cache hit)
[INSTALL_DEPENDENCIES] npm http cache metro-runtime@https://registry.npmjs.org/metro-runtime/-/metro-runtime-0.83.3.tgz 0ms (cache hit)
[INSTALL_DEPENDENCIES] npm http cache metro-resolver@https://registry.npmjs.org/metro-resolver/-/metro-resolver-0.83.3.tgz 0ms (cache hit)
[INSTALL_DEPENDENCIES] npm http cache metro-minify-terser@https://registry.npmjs.org/metro-minify-terser/-/metro-minify-terser-0.83.3.tgz 0ms (cache hit)
[INSTALL_DEPENDENCIES] npm http cache metro-transform-worker@https://registry.npmjs.org/metro-transform-worker/-/metro-transform-worker-0.83.3.tgz 0ms (cache hit)
[INSTALL_DEPENDENCIES] npm http cache metro-file-map@https://registry.npmjs.org/metro-file-map/-/metro-file-map-0.83.3.tgz 0ms (cache hit)
[INSTALL_DEPENDENCIES] npm http cache metro-core@https://registry.npmjs.org/metro-core/-/metro-core-0.83.3.tgz 0ms (cache hit)
[INSTALL_DEPENDENCIES] npm http cache metro-cache-key@https://registry.npmjs.org/metro-cache-key/-/metro-cache-key-0.83.3.tgz 0ms (cache hit)
[INSTALL_DEPENDENCIES] npm http cache metro-cache@https://registry.npmjs.org/metro-cache/-/metro-cache-0.83.3.tgz 0ms (cache hit)
[INSTALL_DEPENDENCIES] npm http cache metro-babel-transformer@https://registry.npmjs.org/metro-babel-transformer/-/metro-babel-transformer-0.83.3.tgz 0ms (cache hit)
[INSTALL_DEPENDENCIES] npm http cache metro@https://registry.npmjs.org/metro/-/metro-0.83.3.tgz 0ms (cache hit)
[INSTALL_DEPENDENCIES] npm http cache merge2@https://registry.npmjs.org/merge2/-/merge2-1.4.1.tgz 0ms (cache hit)
[INSTALL_DEPENDENCIES] npm http cache merge-stream@https://registry.npmjs.org/merge-stream/-/merge-stream-2.0.0.tgz 0ms (cache hit)
[INSTALL_DEPENDENCIES] npm http cache merge-options@https://registry.npmjs.org/merge-options/-/merge-options-3.0.4.tgz 0ms (cache hit)
[INSTALL_DEPENDENCIES] npm http cache memoize-one@https://registry.npmjs.org/memoize-one/-/memoize-one-5.2.1.tgz 0ms (cache hit)
[INSTALL_DEPENDENCIES] npm http cache math-intrinsics@https://registry.npmjs.org/math-intrinsics/-/math-intrinsics-1.1.0.tgz 0ms (cache hit)
[INSTALL_DEPENDENCIES] npm http cache marky@https://registry.npmjs.org/marky/-/marky-1.3.0.tgz 0ms (cache hit)
[INSTALL_DEPENDENCIES] npm http cache makeerror@https://registry.npmjs.org/makeerror/-/makeerror-1.0.12.tgz 0ms (cache hit)
[INSTALL_DEPENDENCIES] npm http cache lru-cache@https://registry.npmjs.org/lru-cache/-/lru-cache-5.1.1.tgz 0ms (cache hit)
[INSTALL_DEPENDENCIES] npm http cache loose-envify@https://registry.npmjs.org/loose-envify/-/loose-envify-1.4.0.tgz 0ms (cache hit)
[INSTALL_DEPENDENCIES] npm http cache long@https://registry.npmjs.org/long/-/long-5.3.2.tgz 0ms (cache hit)
[INSTALL_DEPENDENCIES] npm http cache log-symbols@https://registry.npmjs.org/log-symbols/-/log-symbols-2.2.0.tgz 0ms (cache hit)
[INSTALL_DEPENDENCIES] npm http cache lodash.throttle@https://registry.npmjs.org/lodash.throttle/-/lodash.throttle-4.1.1.tgz 0ms (cache hit)
[INSTALL_DEPENDENCIES] npm http cache lodash.merge@https://registry.npmjs.org/lodash.merge/-/lodash.merge-4.6.2.tgz 0ms (cache hit)
[INSTALL_DEPENDENCIES] npm http cache metro-config@https://registry.npmjs.org/metro-config/-/metro-config-0.83.3.tgz 0ms (cache hit)
[INSTALL_DEPENDENCIES] npm http cache lodash.debounce@https://registry.npmjs.org/lodash.debounce/-/lodash.debounce-4.0.8.tgz 0ms (cache hit)
[INSTALL_DEPENDENCIES] npm http cache lilconfig@https://registry.npmjs.org/lilconfig/-/lilconfig-3.1.3.tgz 0ms (cache hit)
[INSTALL_DEPENDENCIES] npm http cache lightningcss-darwin-arm64@https://registry.npmjs.org/lightningcss-darwin-arm64/-/lightningcss-darwin-arm64-1.32.0.tgz 0ms (cache hit)
[INSTALL_DEPENDENCIES] npm http cache locate-path@https://registry.npmjs.org/locate-path/-/locate-path-6.0.0.tgz 0ms (cache hit)
[INSTALL_DEPENDENCIES] npm http cache lines-and-columns@https://registry.npmjs.org/lines-and-columns/-/lines-and-columns-1.2.4.tgz 0ms (cache hit)
[INSTALL_DEPENDENCIES] npm http cache lighthouse-logger@https://registry.npmjs.org/lighthouse-logger/-/lighthouse-logger-1.4.2.tgz 0ms (cache hit)
[INSTALL_DEPENDENCIES] npm http cache levn@https://registry.npmjs.org/levn/-/levn-0.4.1.tgz 0ms (cache hit)
[INSTALL_DEPENDENCIES] npm http cache leven@https://registry.npmjs.org/leven/-/leven-3.1.0.tgz 0ms (cache hit)
[INSTALL_DEPENDENCIES] npm http cache lan-network@https://registry.npmjs.org/lan-network/-/lan-network-0.1.7.tgz 0ms (cache hit)
[INSTALL_DEPENDENCIES] npm http cache kleur@https://registry.npmjs.org/kleur/-/kleur-3.0.3.tgz 0ms (cache hit)
[INSTALL_DEPENDENCIES] npm http cache lightningcss@https://registry.npmjs.org/lightningcss/-/lightningcss-1.32.0.tgz 0ms (cache hit)
[INSTALL_DEPENDENCIES] npm http cache keyv@https://registry.npmjs.org/keyv/-/keyv-4.5.4.tgz 0ms (cache hit)
[INSTALL_DEPENDENCIES] npm http cache jws@https://registry.npmjs.org/jws/-/jws-4.0.1.tgz 0ms (cache hit)
[INSTALL_DEPENDENCIES] npm http cache jwa@https://registry.npmjs.org/jwa/-/jwa-2.0.1.tgz 0ms (cache hit)
[INSTALL_DEPENDENCIES] npm http cache jsx-ast-utils@https://registry.npmjs.org/jsx-ast-utils/-/jsx-ast-utils-3.3.5.tgz 0ms (cache hit)
[INSTALL_DEPENDENCIES] npm http cache json5@https://registry.npmjs.org/json5/-/json5-2.2.3.tgz 0ms (cache hit)
[INSTALL_DEPENDENCIES] npm http cache json-stable-stringify-without-jsonify@https://registry.npmjs.org/json-stable-stringify-without-jsonify/-/json-stable-stringify-without-jsonify-1.0.1.tgz 0ms (cache hit)
[INSTALL_DEPENDENCIES] npm http cache json-schema-traverse@https://registry.npmjs.org/json-schema-traverse/-/json-schema-traverse-0.4.1.tgz 0ms (cache hit)
[INSTALL_DEPENDENCIES] npm http cache json-buffer@https://registry.npmjs.org/json-buffer/-/json-buffer-3.0.1.tgz 0ms (cache hit)
[INSTALL_DEPENDENCIES] npm http cache json-bigint@https://registry.npmjs.org/json-bigint/-/json-bigint-1.0.0.tgz 0ms (cache hit)
[INSTALL_DEPENDENCIES] npm http cache jsesc@https://registry.npmjs.org/jsesc/-/jsesc-3.1.0.tgz 0ms (cache hit)
[INSTALL_DEPENDENCIES] npm http cache js-yaml@https://registry.npmjs.org/js-yaml/-/js-yaml-4.1.1.tgz 0ms (cache hit)
[INSTALL_DEPENDENCIES] npm http cache js-tokens@https://registry.npmjs.org/js-tokens/-/js-tokens-4.0.0.tgz 0ms (cache hit)
[INSTALL_DEPENDENCIES] npm http cache jiti@https://registry.npmjs.org/jiti/-/jiti-1.21.7.tgz 0ms (cache hit)
[INSTALL_DEPENDENCIES] npm http cache jimp-compact@https://registry.npmjs.org/jimp-compact/-/jimp-compact-0.16.1.tgz 0ms (cache hit)
[INSTALL_DEPENDENCIES] npm http cache jsc-safe-url@https://registry.npmjs.org/jsc-safe-url/-/jsc-safe-url-0.2.4.tgz 0ms (cache hit)
[INSTALL_DEPENDENCIES] npm http cache jest-util@https://registry.npmjs.org/jest-util/-/jest-util-29.7.0.tgz 0ms (cache hit)
[INSTALL_DEPENDENCIES] npm http cache jest-worker@https://registry.npmjs.org/jest-worker/-/jest-worker-29.7.0.tgz 0ms (cache hit)
[INSTALL_DEPENDENCIES] npm http cache jest-validate@https://registry.npmjs.org/jest-validate/-/jest-validate-29.7.0.tgz 0ms (cache hit)
[INSTALL_DEPENDENCIES] npm http cache jest-regex-util@https://registry.npmjs.org/jest-regex-util/-/jest-regex-util-29.6.3.tgz 0ms (cache hit)
[INSTALL_DEPENDENCIES] npm http cache jest-mock@https://registry.npmjs.org/jest-mock/-/jest-mock-29.7.0.tgz 0ms (cache hit)
[INSTALL_DEPENDENCIES] npm http cache jest-message-util@https://registry.npmjs.org/jest-message-util/-/jest-message-util-29.7.0.tgz 0ms (cache hit)
[INSTALL_DEPENDENCIES] npm http cache jest-haste-map@https://registry.npmjs.org/jest-haste-map/-/jest-haste-map-29.7.0.tgz 0ms (cache hit)
[INSTALL_DEPENDENCIES] npm http cache jest-get-type@https://registry.npmjs.org/jest-get-type/-/jest-get-type-29.6.3.tgz 0ms (cache hit)
[INSTALL_DEPENDENCIES] npm http cache jest-environment-node@https://registry.npmjs.org/jest-environment-node/-/jest-environment-node-29.7.0.tgz 0ms (cache hit)
[INSTALL_DEPENDENCIES] npm http cache jackspeak@https://registry.npmjs.org/jackspeak/-/jackspeak-3.4.3.tgz 0ms (cache hit)
[INSTALL_DEPENDENCIES] npm http cache iterator.prototype@https://registry.npmjs.org/iterator.prototype/-/iterator.prototype-1.1.5.tgz 0ms (cache hit)
[INSTALL_DEPENDENCIES] npm http cache istanbul-lib-instrument@https://registry.npmjs.org/istanbul-lib-instrument/-/istanbul-lib-instrument-5.2.1.tgz 0ms (cache hit)
[INSTALL_DEPENDENCIES] npm http cache istanbul-lib-coverage@https://registry.npmjs.org/istanbul-lib-coverage/-/istanbul-lib-coverage-3.2.2.tgz 0ms (cache hit)
[INSTALL_DEPENDENCIES] npm http cache isarray@https://registry.npmjs.org/isarray/-/isarray-2.0.5.tgz 0ms (cache hit)
[INSTALL_DEPENDENCIES] npm http cache isexe@https://registry.npmjs.org/isexe/-/isexe-2.0.0.tgz 0ms (cache hit)
[INSTALL_DEPENDENCIES] npm http cache is-wsl@https://registry.npmjs.org/is-wsl/-/is-wsl-2.2.0.tgz 0ms (cache hit)
[INSTALL_DEPENDENCIES] npm http cache is-weakset@https://registry.npmjs.org/is-weakset/-/is-weakset-2.0.4.tgz 0ms (cache hit)
[INSTALL_DEPENDENCIES] npm http cache is-weakref@https://registry.npmjs.org/is-weakref/-/is-weakref-1.1.1.tgz 0ms (cache hit)
[INSTALL_DEPENDENCIES] npm http cache is-weakmap@https://registry.npmjs.org/is-weakmap/-/is-weakmap-2.0.2.tgz 0ms (cache hit)
[INSTALL_DEPENDENCIES] npm http cache is-typed-array@https://registry.npmjs.org/is-typed-array/-/is-typed-array-1.1.15.tgz 0ms (cache hit)
[INSTALL_DEPENDENCIES] npm http cache is-symbol@https://registry.npmjs.org/is-symbol/-/is-symbol-1.1.1.tgz 0ms (cache hit)
[INSTALL_DEPENDENCIES] npm http cache is-string@https://registry.npmjs.org/is-string/-/is-string-1.1.1.tgz 0ms (cache hit)
[INSTALL_DEPENDENCIES] npm http cache is-set@https://registry.npmjs.org/is-set/-/is-set-2.0.3.tgz 0ms (cache hit)
[INSTALL_DEPENDENCIES] npm http cache is-regex@https://registry.npmjs.org/is-regex/-/is-regex-1.2.1.tgz 0ms (cache hit)
[INSTALL_DEPENDENCIES] npm http cache is-plain-obj@https://registry.npmjs.org/is-plain-obj/-/is-plain-obj-2.1.0.tgz 0ms (cache hit)
[INSTALL_DEPENDENCIES] npm http cache is-number-object@https://registry.npmjs.org/is-number-object/-/is-number-object-1.1.1.tgz 0ms (cache hit)
[INSTALL_DEPENDENCIES] npm http cache is-shared-array-buffer@https://registry.npmjs.org/is-shared-array-buffer/-/is-shared-array-buffer-1.0.4.tgz 0ms (cache hit)
[INSTALL_DEPENDENCIES] npm http cache is-negative-zero@https://registry.npmjs.org/is-negative-zero/-/is-negative-zero-2.0.3.tgz 0ms (cache hit)
[INSTALL_DEPENDENCIES] npm http cache is-nan@https://registry.npmjs.org/is-nan/-/is-nan-1.3.2.tgz 0ms (cache hit)
[INSTALL_DEPENDENCIES] npm http cache is-map@https://registry.npmjs.org/is-map/-/is-map-2.0.3.tgz 0ms (cache hit)
[INSTALL_DEPENDENCIES] npm http cache is-number@https://registry.npmjs.org/is-number/-/is-number-7.0.0.tgz 0ms (cache hit)
[INSTALL_DEPENDENCIES] npm http cache is-glob@https://registry.npmjs.org/is-glob/-/is-glob-4.0.3.tgz 0ms (cache hit)
[INSTALL_DEPENDENCIES] npm http cache is-generator-function@https://registry.npmjs.org/is-generator-function/-/is-generator-function-1.1.2.tgz 0ms (cache hit)
[INSTALL_DEPENDENCIES] npm http cache is-fullwidth-code-point@https://registry.npmjs.org/is-fullwidth-code-point/-/is-fullwidth-code-point-3.0.0.tgz 0ms (cache hit)
[INSTALL_DEPENDENCIES] npm http cache is-finalizationregistry@https://registry.npmjs.org/is-finalizationregistry/-/is-finalizationregistry-1.1.1.tgz 0ms (cache hit)
[INSTALL_DEPENDENCIES] npm http cache is-extglob@https://registry.npmjs.org/is-extglob/-/is-extglob-2.1.1.tgz 0ms (cache hit)
[INSTALL_DEPENDENCIES] npm http cache is-docker@https://registry.npmjs.org/is-docker/-/is-docker-2.2.1.tgz 0ms (cache hit)
[INSTALL_DEPENDENCIES] npm http cache is-data-view@https://registry.npmjs.org/is-data-view/-/is-data-view-1.0.2.tgz 0ms (cache hit)
[INSTALL_DEPENDENCIES] npm http cache is-date-object@https://registry.npmjs.org/is-date-object/-/is-date-object-1.1.0.tgz 0ms (cache hit)
[INSTALL_DEPENDENCIES] npm http cache is-core-module@https://registry.npmjs.org/is-core-module/-/is-core-module-2.16.1.tgz 0ms (cache hit)
[INSTALL_DEPENDENCIES] npm http cache is-callable@https://registry.npmjs.org/is-callable/-/is-callable-1.2.7.tgz 0ms (cache hit)
[INSTALL_DEPENDENCIES] npm http cache is-bun-module@https://registry.npmjs.org/is-bun-module/-/is-bun-module-2.0.0.tgz 0ms (cache hit)
[INSTALL_DEPENDENCIES] npm http cache is-boolean-object@https://registry.npmjs.org/is-boolean-object/-/is-boolean-object-1.2.2.tgz 0ms (cache hit)
[INSTALL_DEPENDENCIES] npm http cache is-bigint@https://registry.npmjs.org/is-bigint/-/is-bigint-1.1.0.tgz 0ms (cache hit)
[INSTALL_DEPENDENCIES] npm http cache is-async-function@https://registry.npmjs.org/is-async-function/-/is-async-function-2.1.1.tgz 0ms (cache hit)
[INSTALL_DEPENDENCIES] npm http cache is-binary-path@https://registry.npmjs.org/is-binary-path/-/is-binary-path-2.1.0.tgz 0ms (cache hit)
[INSTALL_DEPENDENCIES] npm http cache is-arrayish@https://registry.npmjs.org/is-arrayish/-/is-arrayish-0.3.4.tgz 0ms (cache hit)
[INSTALL_DEPENDENCIES] npm http cache is-array-buffer@https://registry.npmjs.org/is-array-buffer/-/is-array-buffer-3.0.5.tgz 0ms (cache hit)
[INSTALL_DEPENDENCIES] npm http cache is-arguments@https://registry.npmjs.org/is-arguments/-/is-arguments-1.2.0.tgz 0ms (cache hit)
[INSTALL_DEPENDENCIES] npm http cache internal-slot@https://registry.npmjs.org/internal-slot/-/internal-slot-1.1.0.tgz 0ms (cache hit)
[INSTALL_DEPENDENCIES] npm http cache invariant@https://registry.npmjs.org/invariant/-/invariant-2.2.4.tgz 0ms (cache hit)
[INSTALL_DEPENDENCIES] npm http cache inline-style-prefixer@https://registry.npmjs.org/inline-style-prefixer/-/inline-style-prefixer-7.0.1.tgz 0ms (cache hit)
[INSTALL_DEPENDENCIES] npm http cache ini@https://registry.npmjs.org/ini/-/ini-1.3.8.tgz 0ms (cache hit)
[INSTALL_DEPENDENCIES] npm http cache inflight@https://registry.npmjs.org/inflight/-/inflight-1.0.6.tgz 0ms (cache hit)
[INSTALL_DEPENDENCIES] npm http cache imurmurhash@https://registry.npmjs.org/imurmurhash/-/imurmurhash-0.1.4.tgz 0ms (cache hit)
[INSTALL_DEPENDENCIES] npm http cache import-fresh@https://registry.npmjs.org/import-fresh/-/import-fresh-3.3.1.tgz 0ms (cache hit)
[INSTALL_DEPENDENCIES] npm http cache inherits@https://registry.npmjs.org/inherits/-/inherits-2.0.4.tgz 0ms (cache hit)
[INSTALL_DEPENDENCIES] npm http cache image-size@https://registry.npmjs.org/image-size/-/image-size-1.2.1.tgz 0ms (cache hit)
[INSTALL_DEPENDENCIES] npm http cache ignore@https://registry.npmjs.org/ignore/-/ignore-5.3.2.tgz 0ms (cache hit)
[INSTALL_DEPENDENCIES] npm http cache ieee754@https://registry.npmjs.org/ieee754/-/ieee754-1.2.1.tgz 0ms (cache hit)
[INSTALL_DEPENDENCIES] npm http cache hyphenate-style-name@https://registry.npmjs.org/hyphenate-style-name/-/hyphenate-style-name-1.1.0.tgz 0ms (cache hit)
[INSTALL_DEPENDENCIES] npm http cache https-proxy-agent@https://registry.npmjs.org/https-proxy-agent/-/https-proxy-agent-7.0.6.tgz 0ms (cache hit)
[INSTALL_DEPENDENCIES] npm http cache hosted-git-info@https://registry.npmjs.org/hosted-git-info/-/hosted-git-info-7.0.2.tgz 0ms (cache hit)
[INSTALL_DEPENDENCIES] npm http cache hoist-non-react-statics@https://registry.npmjs.org/hoist-non-react-statics/-/hoist-non-react-statics-3.3.2.tgz 0ms (cache hit)
[INSTALL_DEPENDENCIES] npm http cache http-errors@https://registry.npmjs.org/http-errors/-/http-errors-2.0.1.tgz 0ms (cache hit)
[INSTALL_DEPENDENCIES] npm http cache hermes-parser@https://registry.npmjs.org/hermes-parser/-/hermes-parser-0.29.1.tgz 0ms (cache hit)
[INSTALL_DEPENDENCIES] npm http cache hermes-estree@https://registry.npmjs.org/hermes-estree/-/hermes-estree-0.29.1.tgz 0ms (cache hit)
[INSTALL_DEPENDENCIES] npm http cache hasown@https://registry.npmjs.org/hasown/-/hasown-2.0.2.tgz 0ms (cache hit)
[INSTALL_DEPENDENCIES] npm http cache has-tostringtag@https://registry.npmjs.org/has-tostringtag/-/has-tostringtag-1.0.2.tgz 0ms (cache hit)
[INSTALL_DEPENDENCIES] npm http cache has-symbols@https://registry.npmjs.org/has-symbols/-/has-symbols-1.1.0.tgz 0ms (cache hit)
[INSTALL_DEPENDENCIES] npm http cache has-flag@https://registry.npmjs.org/has-flag/-/has-flag-4.0.0.tgz 0ms (cache hit)
[INSTALL_DEPENDENCIES] npm http cache has-bigints@https://registry.npmjs.org/has-bigints/-/has-bigints-1.1.0.tgz 0ms (cache hit)
[INSTALL_DEPENDENCIES] npm http cache has-property-descriptors@https://registry.npmjs.org/has-property-descriptors/-/has-property-descriptors-1.0.2.tgz 0ms (cache hit)
[INSTALL_DEPENDENCIES] npm http cache gopd@https://registry.npmjs.org/gopd/-/gopd-1.2.0.tgz 0ms (cache hit)
[INSTALL_DEPENDENCIES] npm http cache google-logging-utils@https://registry.npmjs.org/google-logging-utils/-/google-logging-utils-1.1.3.tgz 0ms (cache hit)
[INSTALL_DEPENDENCIES] npm http cache graceful-fs@https://registry.npmjs.org/graceful-fs/-/graceful-fs-4.2.11.tgz 0ms (cache hit)
[INSTALL_DEPENDENCIES] npm http cache google-auth-library@https://registry.npmjs.org/google-auth-library/-/google-auth-library-10.6.1.tgz 0ms (cache hit)
[INSTALL_DEPENDENCIES] npm http cache globalthis@https://registry.npmjs.org/globalthis/-/globalthis-1.0.4.tgz 0ms (cache hit)
[INSTALL_DEPENDENCIES] npm http cache glob-parent@https://registry.npmjs.org/glob-parent/-/glob-parent-6.0.2.tgz 0ms (cache hit)
[INSTALL_DEPENDENCIES] npm http cache glob@https://registry.npmjs.org/glob/-/glob-13.0.6.tgz 0ms (cache hit)
[INSTALL_DEPENDENCIES] npm http cache globals@https://registry.npmjs.org/globals/-/globals-14.0.0.tgz 0ms (cache hit)
[INSTALL_DEPENDENCIES] npm http cache has-proto@https://registry.npmjs.org/has-proto/-/has-proto-1.2.0.tgz 0ms (cache hit)
[INSTALL_DEPENDENCIES] npm http cache getenv@https://registry.npmjs.org/getenv/-/getenv-2.0.0.tgz 0ms (cache hit)
[INSTALL_DEPENDENCIES] npm http cache get-tsconfig@https://registry.npmjs.org/get-tsconfig/-/get-tsconfig-4.13.6.tgz 0ms (cache hit)
[INSTALL_DEPENDENCIES] npm http cache get-proto@https://registry.npmjs.org/get-proto/-/get-proto-1.0.1.tgz 0ms (cache hit)
[INSTALL_DEPENDENCIES] npm http cache get-package-type@https://registry.npmjs.org/get-package-type/-/get-package-type-0.1.0.tgz 0ms (cache hit)
[INSTALL_DEPENDENCIES] npm http cache get-symbol-description@https://registry.npmjs.org/get-symbol-description/-/get-symbol-description-1.1.0.tgz 0ms (cache hit)
[INSTALL_DEPENDENCIES] npm http cache get-caller-file@https://registry.npmjs.org/get-caller-file/-/get-caller-file-2.0.5.tgz 0ms (cache hit)
[INSTALL_DEPENDENCIES] npm http cache generator-function@https://registry.npmjs.org/generator-function/-/generator-function-2.0.1.tgz 0ms (cache hit)
[INSTALL_DEPENDENCIES] npm http cache gensync@https://registry.npmjs.org/gensync/-/gensync-1.0.0-beta.2.tgz 0ms (cache hit)
[INSTALL_DEPENDENCIES] npm http cache get-intrinsic@https://registry.npmjs.org/get-intrinsic/-/get-intrinsic-1.3.0.tgz 0ms (cache hit)
[INSTALL_DEPENDENCIES] npm http cache gcp-metadata@https://registry.npmjs.org/gcp-metadata/-/gcp-metadata-8.1.2.tgz 0ms (cache hit)
[INSTALL_DEPENDENCIES] npm http cache gaxios@https://registry.npmjs.org/gaxios/-/gaxios-7.1.3.tgz 0ms (cache hit)
[INSTALL_DEPENDENCIES] npm http cache get-nonce@https://registry.npmjs.org/get-nonce/-/get-nonce-1.0.1.tgz 0ms (cache hit)
[INSTALL_DEPENDENCIES] npm http cache functions-have-names@https://registry.npmjs.org/functions-have-names/-/functions-have-names-1.2.3.tgz 0ms (cache hit)
[INSTALL_DEPENDENCIES] npm http cache fs.realpath@https://registry.npmjs.org/fs.realpath/-/fs.realpath-1.0.0.tgz 0ms (cache hit)
[INSTALL_DEPENDENCIES] npm http cache fresh@https://registry.npmjs.org/fresh/-/fresh-0.5.2.tgz 0ms (cache hit)
[INSTALL_DEPENDENCIES] npm http cache fsevents@https://registry.npmjs.org/fsevents/-/fsevents-2.3.3.tgz 0ms (cache hit)
[INSTALL_DEPENDENCIES] npm http cache freeport-async@https://registry.npmjs.org/freeport-async/-/freeport-async-2.0.0.tgz 0ms (cache hit)
[INSTALL_DEPENDENCIES] npm http cache function.prototype.name@https://registry.npmjs.org/function.prototype.name/-/function.prototype.name-1.1.8.tgz 0ms (cache hit)
[INSTALL_DEPENDENCIES] npm http cache formdata-polyfill@https://registry.npmjs.org/formdata-polyfill/-/formdata-polyfill-4.0.10.tgz 0ms (cache hit)
[INSTALL_DEPENDENCIES] npm http cache foreground-child@https://registry.npmjs.org/foreground-child/-/foreground-child-3.3.1.tgz 0ms (cache hit)
[INSTALL_DEPENDENCIES] npm http cache fontfaceobserver@https://registry.npmjs.org/fontfaceobserver/-/fontfaceobserver-2.3.0.tgz 0ms (cache hit)
[INSTALL_DEPENDENCIES] npm http cache function-bind@https://registry.npmjs.org/function-bind/-/function-bind-1.1.2.tgz 0ms (cache hit)
[INSTALL_DEPENDENCIES] npm http cache flow-enums-runtime@https://registry.npmjs.org/flow-enums-runtime/-/flow-enums-runtime-0.0.6.tgz 0ms (cache hit)
[INSTALL_DEPENDENCIES] npm http cache for-each@https://registry.npmjs.org/for-each/-/for-each-0.3.5.tgz 0ms (cache hit)
[INSTALL_DEPENDENCIES] npm http cache flatted@https://registry.npmjs.org/flatted/-/flatted-3.4.1.tgz 0ms (cache hit)
[INSTALL_DEPENDENCIES] npm http cache finalhandler@https://registry.npmjs.org/finalhandler/-/finalhandler-1.1.2.tgz 0ms (cache hit)
[INSTALL_DEPENDENCIES] npm http cache find-up@https://registry.npmjs.org/find-up/-/find-up-5.0.0.tgz 0ms (cache hit)
[INSTALL_DEPENDENCIES] npm http cache filter-obj@https://registry.npmjs.org/filter-obj/-/filter-obj-1.1.0.tgz 0ms (cache hit)
[INSTALL_DEPENDENCIES] npm http cache flat-cache@https://registry.npmjs.org/flat-cache/-/flat-cache-4.0.1.tgz 0ms (cache hit)
[INSTALL_DEPENDENCIES] npm http cache fill-range@https://registry.npmjs.org/fill-range/-/fill-range-7.1.1.tgz 0ms (cache hit)
[INSTALL_DEPENDENCIES] npm http cache fetch-blob@https://registry.npmjs.org/fetch-blob/-/fetch-blob-3.2.0.tgz 0ms (cache hit)
[INSTALL_DEPENDENCIES] npm http cache fbjs-css-vars@https://registry.npmjs.org/fbjs-css-vars/-/fbjs-css-vars-1.0.2.tgz 0ms (cache hit)
[INSTALL_DEPENDENCIES] npm http cache fbjs@https://registry.npmjs.org/fbjs/-/fbjs-3.0.5.tgz 0ms (cache hit)
[INSTALL_DEPENDENCIES] npm http cache file-entry-cache@https://registry.npmjs.org/file-entry-cache/-/file-entry-cache-8.0.0.tgz 0ms (cache hit)
[INSTALL_DEPENDENCIES] npm http cache fastq@https://registry.npmjs.org/fastq/-/fastq-1.20.1.tgz 0ms (cache hit)
[INSTALL_DEPENDENCIES] npm http cache fast-levenshtein@https://registry.npmjs.org/fast-levenshtein/-/fast-levenshtein-2.0.6.tgz 0ms (cache hit)
[INSTALL_DEPENDENCIES] npm http cache fast-glob@https://registry.npmjs.org/fast-glob/-/fast-glob-3.3.3.tgz 0ms (cache hit)
[INSTALL_DEPENDENCIES] npm http cache fast-deep-equal@https://registry.npmjs.org/fast-deep-equal/-/fast-deep-equal-3.1.3.tgz 0ms (cache hit)
[INSTALL_DEPENDENCIES] npm http cache extend@https://registry.npmjs.org/extend/-/extend-3.0.2.tgz 0ms (cache hit)
[INSTALL_DEPENDENCIES] npm http cache fb-watchman@https://registry.npmjs.org/fb-watchman/-/fb-watchman-2.0.2.tgz 0ms (cache hit)
[INSTALL_DEPENDENCIES] npm http cache fast-json-stable-stringify@https://registry.npmjs.org/fast-json-stable-stringify/-/fast-json-stable-stringify-2.1.0.tgz 0ms (cache hit)
[INSTALL_DEPENDENCIES] npm http cache exponential-backoff@https://registry.npmjs.org/exponential-backoff/-/exponential-backoff-3.1.3.tgz 0ms (cache hit)
[INSTALL_DEPENDENCIES] npm http cache expo-web-browser@https://registry.npmjs.org/expo-web-browser/-/expo-web-browser-15.0.10.tgz 0ms (cache hit)
[INSTALL_DEPENDENCIES] npm http cache expo-symbols@https://registry.npmjs.org/expo-symbols/-/expo-symbols-1.0.8.tgz 0ms (cache hit)
[INSTALL_DEPENDENCIES] npm http cache expo-status-bar@https://registry.npmjs.org/expo-status-bar/-/expo-status-bar-3.0.9.tgz 0ms (cache hit)
[INSTALL_DEPENDENCIES] npm http cache expo-splash-screen@https://registry.npmjs.org/expo-splash-screen/-/expo-splash-screen-31.0.13.tgz 0ms (cache hit)
[INSTALL_DEPENDENCIES] npm http cache expo-server@https://registry.npmjs.org/expo-server/-/expo-server-1.0.5.tgz 0ms (cache hit)
[INSTALL_DEPENDENCIES] npm http cache expo-router@https://registry.npmjs.org/expo-router/-/expo-router-6.0.23.tgz 0ms (cache hit)
[INSTALL_DEPENDENCIES] npm http cache expo-notifications@https://registry.npmjs.org/expo-notifications/-/expo-notifications-0.32.16.tgz 0ms (cache hit)
[INSTALL_DEPENDENCIES] npm http cache expo-modules-core@https://registry.npmjs.org/expo-modules-core/-/expo-modules-core-3.0.29.tgz 0ms (cache hit)
[INSTALL_DEPENDENCIES] npm http cache expo-modules-autolinking@https://registry.npmjs.org/expo-modules-autolinking/-/expo-modules-autolinking-3.0.24.tgz 0ms (cache hit)
[INSTALL_DEPENDENCIES] npm http cache expo-system-ui@https://registry.npmjs.org/expo-system-ui/-/expo-system-ui-6.0.9.tgz 0ms (cache hit)
[INSTALL_DEPENDENCIES] npm http cache expo-keep-awake@https://registry.npmjs.org/expo-keep-awake/-/expo-keep-awake-15.0.8.tgz 0ms (cache hit)
[INSTALL_DEPENDENCIES] npm http cache expo-image@https://registry.npmjs.org/expo-image/-/expo-image-3.0.11.tgz 0ms (cache hit)
[INSTALL_DEPENDENCIES] npm http cache expo-font@https://registry.npmjs.org/expo-font/-/expo-font-14.0.11.tgz 0ms (cache hit)
[INSTALL_DEPENDENCIES] npm http cache expo-file-system@https://registry.npmjs.org/expo-file-system/-/expo-file-system-19.0.21.tgz 0ms (cache hit)
[INSTALL_DEPENDENCIES] npm http cache expo-haptics@https://registry.npmjs.org/expo-haptics/-/expo-haptics-15.0.8.tgz 0ms (cache hit)
[INSTALL_DEPENDENCIES] npm http cache expo-constants@https://registry.npmjs.org/expo-constants/-/expo-constants-18.0.13.tgz 0ms (cache hit)
[INSTALL_DEPENDENCIES] npm http cache expo-blur@https://registry.npmjs.org/expo-blur/-/expo-blur-15.0.8.tgz 0ms (cache hit)
[INSTALL_DEPENDENCIES] npm http cache expo-av@https://registry.npmjs.org/expo-av/-/expo-av-16.0.8.tgz 0ms (cache hit)
[INSTALL_DEPENDENCIES] npm http cache expo-linking@https://registry.npmjs.org/expo-linking/-/expo-linking-8.0.11.tgz 0ms (cache hit)
[INSTALL_DEPENDENCIES] npm http cache expo@https://registry.npmjs.org/expo/-/expo-54.0.33.tgz 0ms (cache hit)
[INSTALL_DEPENDENCIES] npm http cache expo-application@https://registry.npmjs.org/expo-application/-/expo-application-7.0.8.tgz 0ms (cache hit)
[INSTALL_DEPENDENCIES] npm http cache expo-asset@https://registry.npmjs.org/expo-asset/-/expo-asset-12.0.12.tgz 0ms (cache hit)
[INSTALL_DEPENDENCIES] npm http cache event-target-shim@https://registry.npmjs.org/event-target-shim/-/event-target-shim-5.0.1.tgz 0ms (cache hit)
[INSTALL_DEPENDENCIES] npm http cache esutils@https://registry.npmjs.org/esutils/-/esutils-2.0.3.tgz 0ms (cache hit)
[INSTALL_DEPENDENCIES] npm http cache esrecurse@https://registry.npmjs.org/esrecurse/-/esrecurse-4.3.0.tgz 0ms (cache hit)
[INSTALL_DEPENDENCIES] npm http cache esquery@https://registry.npmjs.org/esquery/-/esquery-1.7.0.tgz 0ms (cache hit)
[INSTALL_DEPENDENCIES] npm http cache espree@https://registry.npmjs.org/espree/-/espree-10.4.0.tgz 0ms (cache hit)
[INSTALL_DEPENDENCIES] npm http cache etag@https://registry.npmjs.org/etag/-/etag-1.8.1.tgz 0ms (cache hit)
[INSTALL_DEPENDENCIES] npm http cache esprima@https://registry.npmjs.org/esprima/-/esprima-4.0.1.tgz 0ms (cache hit)
[INSTALL_DEPENDENCIES] npm http cache eslint-visitor-keys@https://registry.npmjs.org/eslint-visitor-keys/-/eslint-visitor-keys-4.2.1.tgz 0ms (cache hit)
[INSTALL_DEPENDENCIES] npm http cache eslint-scope@https://registry.npmjs.org/eslint-scope/-/eslint-scope-8.4.0.tgz 0ms (cache hit)
[INSTALL_DEPENDENCIES] npm http cache eslint-plugin-react-hooks@https://registry.npmjs.org/eslint-plugin-react-hooks/-/eslint-plugin-react-hooks-5.2.0.tgz 0ms (cache hit)
[INSTALL_DEPENDENCIES] npm http cache eslint-plugin-react@https://registry.npmjs.org/eslint-plugin-react/-/eslint-plugin-react-7.37.5.tgz 0ms (cache hit)
[INSTALL_DEPENDENCIES] npm http cache eslint-plugin-import@https://registry.npmjs.org/eslint-plugin-import/-/eslint-plugin-import-2.32.0.tgz 0ms (cache hit)
[INSTALL_DEPENDENCIES] npm http cache eslint-module-utils@https://registry.npmjs.org/eslint-module-utils/-/eslint-module-utils-2.12.1.tgz 0ms (cache hit)
[INSTALL_DEPENDENCIES] npm http cache eslint-import-resolver-typescript@https://registry.npmjs.org/eslint-import-resolver-typescript/-/eslint-import-resolver-typescript-3.10.1.tgz 0ms (cache hit)
[INSTALL_DEPENDENCIES] npm http cache eslint-config-expo@https://registry.npmjs.org/eslint-config-expo/-/eslint-config-expo-10.0.0.tgz 0ms (cache hit)
[INSTALL_DEPENDENCIES] npm http cache eslint-plugin-expo@https://registry.npmjs.org/eslint-plugin-expo/-/eslint-plugin-expo-1.0.0.tgz 0ms (cache hit)
[INSTALL_DEPENDENCIES] npm http cache eslint-import-resolver-node@https://registry.npmjs.org/eslint-import-resolver-node/-/eslint-import-resolver-node-0.3.9.tgz 0ms (cache hit)
[INSTALL_DEPENDENCIES] npm http cache estraverse@https://registry.npmjs.org/estraverse/-/estraverse-5.3.0.tgz 0ms (cache hit)
[INSTALL_DEPENDENCIES] npm http cache eslint@https://registry.npmjs.org/eslint/-/eslint-9.39.4.tgz 0ms (cache hit)
[INSTALL_DEPENDENCIES] npm http cache escape-string-regexp@https://registry.npmjs.org/escape-string-regexp/-/escape-string-regexp-4.0.0.tgz 0ms (cache hit)
[INSTALL_DEPENDENCIES] npm http cache escalade@https://registry.npmjs.org/escalade/-/escalade-3.2.0.tgz 0ms (cache hit)
[INSTALL_DEPENDENCIES] npm http cache es-to-primitive@https://registry.npmjs.org/es-to-primitive/-/es-to-primitive-1.3.0.tgz 0ms (cache hit)
[INSTALL_DEPENDENCIES] npm http cache es-shim-unscopables@https://registry.npmjs.org/es-shim-unscopables/-/es-shim-unscopables-1.1.0.tgz 0ms (cache hit)
[INSTALL_DEPENDENCIES] npm http cache es-set-tostringtag@https://registry.npmjs.org/es-set-tostringtag/-/es-set-tostringtag-2.1.0.tgz 0ms (cache hit)
[INSTALL_DEPENDENCIES] npm http cache es-object-atoms@https://registry.npmjs.org/es-object-atoms/-/es-object-atoms-1.1.1.tgz 0ms (cache hit)
[INSTALL_DEPENDENCIES] npm http cache es-errors@https://registry.npmjs.org/es-errors/-/es-errors-1.3.0.tgz 0ms (cache hit)
[INSTALL_DEPENDENCIES] npm http cache es-abstract@https://registry.npmjs.org/es-abstract/-/es-abstract-1.24.1.tgz 0ms (cache hit)
[INSTALL_DEPENDENCIES] npm http cache error-stack-parser@https://registry.npmjs.org/error-stack-parser/-/error-stack-parser-2.1.4.tgz 0ms (cache hit)
[INSTALL_DEPENDENCIES] npm http cache es-define-property@https://registry.npmjs.org/es-define-property/-/es-define-property-1.0.1.tgz 0ms (cache hit)
[INSTALL_DEPENDENCIES] npm http cache env-editor@https://registry.npmjs.org/env-editor/-/env-editor-0.4.2.tgz 0ms (cache hit)
[INSTALL_DEPENDENCIES] npm http cache es-iterator-helpers@https://registry.npmjs.org/es-iterator-helpers/-/es-iterator-helpers-1.2.2.tgz 0ms (cache hit)
[INSTALL_DEPENDENCIES] npm http cache encodeurl@https://registry.npmjs.org/encodeurl/-/encodeurl-1.0.2.tgz 0ms (cache hit)
[INSTALL_DEPENDENCIES] npm http cache emoji-regex@https://registry.npmjs.org/emoji-regex/-/emoji-regex-8.0.0.tgz 0ms (cache hit)
[INSTALL_DEPENDENCIES] npm http cache ee-first@https://registry.npmjs.org/ee-first/-/ee-first-1.1.1.tgz 0ms (cache hit)
[INSTALL_DEPENDENCIES] npm http cache electron-to-chromium@https://registry.npmjs.org/electron-to-chromium/-/electron-to-chromium-1.5.307.tgz 0ms (cache hit)
[INSTALL_DEPENDENCIES] npm http cache eastasianwidth@https://registry.npmjs.org/eastasianwidth/-/eastasianwidth-0.2.0.tgz 0ms (cache hit)
[INSTALL_DEPENDENCIES] npm http cache ecdsa-sig-formatter@https://registry.npmjs.org/ecdsa-sig-formatter/-/ecdsa-sig-formatter-1.0.11.tgz 0ms (cache hit)
[INSTALL_DEPENDENCIES] npm http cache dotenv-expand@https://registry.npmjs.org/dotenv-expand/-/dotenv-expand-11.0.7.tgz 0ms (cache hit)
[INSTALL_DEPENDENCIES] npm http cache doctrine@https://registry.npmjs.org/doctrine/-/doctrine-2.1.0.tgz 0ms (cache hit)
[INSTALL_DEPENDENCIES] npm http cache dunder-proto@https://registry.npmjs.org/dunder-proto/-/dunder-proto-1.0.1.tgz 0ms (cache hit)
[INSTALL_DEPENDENCIES] npm http cache detect-node-es@https://registry.npmjs.org/detect-node-es/-/detect-node-es-1.1.0.tgz 0ms (cache hit)
[INSTALL_DEPENDENCIES] npm http cache dlv@https://registry.npmjs.org/dlv/-/dlv-1.1.3.tgz 0ms (cache hit)
[INSTALL_DEPENDENCIES] npm http cache destroy@https://registry.npmjs.org/destroy/-/destroy-1.2.0.tgz 0ms (cache hit)
[INSTALL_DEPENDENCIES] npm http cache escape-html@https://registry.npmjs.org/escape-html/-/escape-html-1.0.3.tgz 0ms (cache hit)
[INSTALL_DEPENDENCIES] npm http cache didyoumean@https://registry.npmjs.org/didyoumean/-/didyoumean-1.2.2.tgz 0ms (cache hit)
[INSTALL_DEPENDENCIES] npm http cache dotenv@https://registry.npmjs.org/dotenv/-/dotenv-16.4.7.tgz 0ms (cache hit)
[INSTALL_DEPENDENCIES] npm http cache depd@https://registry.npmjs.org/depd/-/depd-2.0.0.tgz 0ms (cache hit)
[INSTALL_DEPENDENCIES] npm http cache define-lazy-prop@https://registry.npmjs.org/define-lazy-prop/-/define-lazy-prop-2.0.0.tgz 0ms (cache hit)
[INSTALL_DEPENDENCIES] npm http cache define-data-property@https://registry.npmjs.org/define-data-property/-/define-data-property-1.1.4.tgz 0ms (cache hit)
[INSTALL_DEPENDENCIES] npm http cache defaults@https://registry.npmjs.org/defaults/-/defaults-1.0.4.tgz 0ms (cache hit)
[INSTALL_DEPENDENCIES] npm http cache detect-libc@https://registry.npmjs.org/detect-libc/-/detect-libc-2.1.2.tgz 0ms (cache hit)
[INSTALL_DEPENDENCIES] npm http cache deepmerge@https://registry.npmjs.org/deepmerge/-/deepmerge-4.3.1.tgz 0ms (cache hit)
[INSTALL_DEPENDENCIES] npm http cache deep-extend@https://registry.npmjs.org/deep-extend/-/deep-extend-0.6.0.tgz 0ms (cache hit)
[INSTALL_DEPENDENCIES] npm http cache debug@https://registry.npmjs.org/debug/-/debug-4.4.3.tgz 0ms (cache hit)
[INSTALL_DEPENDENCIES] npm http cache deep-is@https://registry.npmjs.org/deep-is/-/deep-is-0.1.4.tgz 0ms (cache hit)
[INSTALL_DEPENDENCIES] npm http cache data-view-byte-offset@https://registry.npmjs.org/data-view-byte-offset/-/data-view-byte-offset-1.0.1.tgz 0ms (cache hit)
[INSTALL_DEPENDENCIES] npm http cache data-view-buffer@https://registry.npmjs.org/data-view-buffer/-/data-view-buffer-1.0.2.tgz 0ms (cache hit)
[INSTALL_DEPENDENCIES] npm http cache data-uri-to-buffer@https://registry.npmjs.org/data-uri-to-buffer/-/data-uri-to-buffer-4.0.1.tgz 0ms (cache hit)
[INSTALL_DEPENDENCIES] npm http cache csstype@https://registry.npmjs.org/csstype/-/csstype-3.2.3.tgz 0ms (cache hit)
[INSTALL_DEPENDENCIES] npm http cache data-view-byte-length@https://registry.npmjs.org/data-view-byte-length/-/data-view-byte-length-1.0.2.tgz 0ms (cache hit)
[INSTALL_DEPENDENCIES] npm http cache cssesc@https://registry.npmjs.org/cssesc/-/cssesc-3.0.0.tgz 0ms (cache hit)
[INSTALL_DEPENDENCIES] npm http cache css-in-js-utils@https://registry.npmjs.org/css-in-js-utils/-/css-in-js-utils-3.1.0.tgz 0ms (cache hit)
[INSTALL_DEPENDENCIES] npm http cache define-properties@https://registry.npmjs.org/define-properties/-/define-properties-1.2.1.tgz 0ms (cache hit)
[INSTALL_DEPENDENCIES] npm http cache cross-spawn@https://registry.npmjs.org/cross-spawn/-/cross-spawn-7.0.6.tgz 0ms (cache hit)
[INSTALL_DEPENDENCIES] npm http cache core-js-compat@https://registry.npmjs.org/core-js-compat/-/core-js-compat-3.48.0.tgz 0ms (cache hit)
[INSTALL_DEPENDENCIES] npm http cache convert-source-map@https://registry.npmjs.org/convert-source-map/-/convert-source-map-2.0.0.tgz 0ms (cache hit)
[INSTALL_DEPENDENCIES] npm http cache concat-map@https://registry.npmjs.org/concat-map/-/concat-map-0.0.1.tgz 0ms (cache hit)
[INSTALL_DEPENDENCIES] npm http cache decode-uri-component@https://registry.npmjs.org/decode-uri-component/-/decode-uri-component-0.2.2.tgz 0ms (cache hit)
[INSTALL_DEPENDENCIES] npm http cache compression@https://registry.npmjs.org/compression/-/compression-1.8.1.tgz 0ms (cache hit)
[INSTALL_DEPENDENCIES] npm http cache commander@https://registry.npmjs.org/commander/-/commander-7.2.0.tgz 0ms (cache hit)
[INSTALL_DEPENDENCIES] npm http cache connect@https://registry.npmjs.org/connect/-/connect-3.7.0.tgz 0ms (cache hit)
[INSTALL_DEPENDENCIES] npm http cache compressible@https://registry.npmjs.org/compressible/-/compressible-2.0.18.tgz 0ms (cache hit)
[INSTALL_DEPENDENCIES] npm http cache comment-json@https://registry.npmjs.org/comment-json/-/comment-json-4.6.2.tgz 0ms (cache hit)
[INSTALL_DEPENDENCIES] npm http cache color-string@https://registry.npmjs.org/color-string/-/color-string-1.9.1.tgz 0ms (cache hit)
[INSTALL_DEPENDENCIES] npm http cache color-convert@https://registry.npmjs.org/color-convert/-/color-convert-2.0.1.tgz 0ms (cache hit)
[INSTALL_DEPENDENCIES] npm http cache color@https://registry.npmjs.org/color/-/color-4.2.3.tgz 0ms (cache hit)
[INSTALL_DEPENDENCIES] npm http cache color-name@https://registry.npmjs.org/color-name/-/color-name-1.1.4.tgz 0ms (cache hit)
[INSTALL_DEPENDENCIES] npm http cache clone@https://registry.npmjs.org/clone/-/clone-1.0.4.tgz 0ms (cache hit)
[INSTALL_DEPENDENCIES] npm http cache cliui@https://registry.npmjs.org/cliui/-/cliui-8.0.1.tgz 0ms (cache hit)
[INSTALL_DEPENDENCIES] npm http cache client-only@https://registry.npmjs.org/client-only/-/client-only-0.0.1.tgz 0ms (cache hit)
[INSTALL_DEPENDENCIES] npm http cache cli-spinners@https://registry.npmjs.org/cli-spinners/-/cli-spinners-2.9.2.tgz 0ms (cache hit)
[INSTALL_DEPENDENCIES] npm http cache chrome-launcher@https://registry.npmjs.org/chrome-launcher/-/chrome-launcher-0.15.2.tgz 0ms (cache hit)
[INSTALL_DEPENDENCIES] npm http cache ci-info@https://registry.npmjs.org/ci-info/-/ci-info-2.0.0.tgz 0ms (cache hit)
[INSTALL_DEPENDENCIES] npm http cache chromium-edge-launcher@https://registry.npmjs.org/chromium-edge-launcher/-/chromium-edge-launcher-0.2.0.tgz 0ms (cache hit)
[INSTALL_DEPENDENCIES] npm http cache chownr@https://registry.npmjs.org/chownr/-/chownr-3.0.0.tgz 0ms (cache hit)
[INSTALL_DEPENDENCIES] npm http cache cli-cursor@https://registry.npmjs.org/cli-cursor/-/cli-cursor-2.1.0.tgz 0ms (cache hit)
[INSTALL_DEPENDENCIES] npm http cache cross-fetch@https://registry.npmjs.org/cross-fetch/-/cross-fetch-3.2.0.tgz 0ms (cache hit)
[INSTALL_DEPENDENCIES] npm http cache chokidar@https://registry.npmjs.org/chokidar/-/chokidar-3.6.0.tgz 0ms (cache hit)
[INSTALL_DEPENDENCIES] npm http cache caniuse-lite@https://registry.npmjs.org/caniuse-lite/-/caniuse-lite-1.0.30001777.tgz 0ms (cache hit)
[INSTALL_DEPENDENCIES] npm http cache chalk@https://registry.npmjs.org/chalk/-/chalk-4.1.2.tgz 0ms (cache hit)
[INSTALL_DEPENDENCIES] npm http cache call-bound@https://registry.npmjs.org/call-bound/-/call-bound-1.0.4.tgz 0ms (cache hit)
[INSTALL_DEPENDENCIES] npm http cache camelcase-css@https://registry.npmjs.org/camelcase-css/-/camelcase-css-2.0.1.tgz 0ms (cache hit)
[INSTALL_DEPENDENCIES] npm http cache call-bind@https://registry.npmjs.org/call-bind/-/call-bind-1.0.8.tgz 0ms (cache hit)
[INSTALL_DEPENDENCIES] npm http cache callsites@https://registry.npmjs.org/callsites/-/callsites-3.1.0.tgz 0ms (cache hit)
[INSTALL_DEPENDENCIES] npm http cache camelcase@https://registry.npmjs.org/camelcase/-/camelcase-6.3.0.tgz 0ms (cache hit)
[INSTALL_DEPENDENCIES] npm http cache buffer-equal-constant-time@https://registry.npmjs.org/buffer-equal-constant-time/-/buffer-equal-constant-time-1.0.1.tgz 0ms (cache hit)
[INSTALL_DEPENDENCIES] npm http cache call-bind-apply-helpers@https://registry.npmjs.org/call-bind-apply-helpers/-/call-bind-apply-helpers-1.0.2.tgz 0ms (cache hit)
[INSTALL_DEPENDENCIES] npm http cache bser@https://registry.npmjs.org/bser/-/bser-2.1.1.tgz 0ms (cache hit)
[INSTALL_DEPENDENCIES] npm http cache bytes@https://registry.npmjs.org/bytes/-/bytes-3.1.2.tgz 0ms (cache hit)
[INSTALL_DEPENDENCIES] npm http cache buffer@https://registry.npmjs.org/buffer/-/buffer-5.7.1.tgz 0ms (cache hit)
[INSTALL_DEPENDENCIES] npm http cache buffer-from@https://registry.npmjs.org/buffer-from/-/buffer-from-1.1.2.tgz 0ms (cache hit)
[INSTALL_DEPENDENCIES] npm http cache browserslist@https://registry.npmjs.org/browserslist/-/browserslist-4.28.1.tgz 0ms (cache hit)
[INSTALL_DEPENDENCIES] npm http cache bplist-parser@https://registry.npmjs.org/bplist-parser/-/bplist-parser-0.3.1.tgz 0ms (cache hit)
[INSTALL_DEPENDENCIES] npm http cache bplist-creator@https://registry.npmjs.org/bplist-creator/-/bplist-creator-0.1.0.tgz 0ms (cache hit)
[INSTALL_DEPENDENCIES] npm http cache binary-extensions@https://registry.npmjs.org/binary-extensions/-/binary-extensions-2.3.0.tgz 0ms (cache hit)
[INSTALL_DEPENDENCIES] npm http cache braces@https://registry.npmjs.org/braces/-/braces-3.0.3.tgz 0ms (cache hit)
[INSTALL_DEPENDENCIES] npm http cache big-integer@https://registry.npmjs.org/big-integer/-/big-integer-1.6.52.tgz 0ms (cache hit)
[INSTALL_DEPENDENCIES] npm http cache bignumber.js@https://registry.npmjs.org/bignumber.js/-/bignumber.js-9.3.1.tgz 0ms (cache hit)
[INSTALL_DEPENDENCIES] npm http cache brace-expansion@https://registry.npmjs.org/brace-expansion/-/brace-expansion-1.1.12.tgz 0ms (cache hit)
[INSTALL_DEPENDENCIES] npm http cache baseline-browser-mapping@https://registry.npmjs.org/baseline-browser-mapping/-/baseline-browser-mapping-2.10.0.tgz 0ms (cache hit)
[INSTALL_DEPENDENCIES] npm http cache balanced-match@https://registry.npmjs.org/balanced-match/-/balanced-match-1.0.2.tgz 0ms (cache hit)
[INSTALL_DEPENDENCIES] npm http cache badgin@https://registry.npmjs.org/badgin/-/badgin-1.2.3.tgz 0ms (cache hit)
[INSTALL_DEPENDENCIES] npm http cache better-opn@https://registry.npmjs.org/better-opn/-/better-opn-3.0.2.tgz 0ms (cache hit)
[INSTALL_DEPENDENCIES] npm http cache babel-preset-jest@https://registry.npmjs.org/babel-preset-jest/-/babel-preset-jest-29.6.3.tgz 0ms (cache hit)
[INSTALL_DEPENDENCIES] npm http cache babel-preset-expo@https://registry.npmjs.org/babel-preset-expo/-/babel-preset-expo-54.0.10.tgz 0ms (cache hit)
[INSTALL_DEPENDENCIES] npm http cache base64-js@https://registry.npmjs.org/base64-js/-/base64-js-1.5.1.tgz 0ms (cache hit)
[INSTALL_DEPENDENCIES] npm http cache babel-preset-current-node-syntax@https://registry.npmjs.org/babel-preset-current-node-syntax/-/babel-preset-current-node-syntax-1.2.0.tgz 0ms (cache hit)
[INSTALL_DEPENDENCIES] npm http cache babel-plugin-react-native-web@https://registry.npmjs.org/babel-plugin-react-native-web/-/babel-plugin-react-native-web-0.21.2.tgz 0ms (cache hit)
[INSTALL_DEPENDENCIES] npm http cache babel-plugin-polyfill-regenerator@https://registry.npmjs.org/babel-plugin-polyfill-regenerator/-/babel-plugin-polyfill-regenerator-0.6.7.tgz 0ms (cache hit)
[INSTALL_DEPENDENCIES] npm http cache babel-plugin-react-compiler@https://registry.npmjs.org/babel-plugin-react-compiler/-/babel-plugin-react-compiler-1.0.0.tgz 0ms (cache hit)
[INSTALL_DEPENDENCIES] npm http cache babel-plugin-transform-flow-enums@https://registry.npmjs.org/babel-plugin-transform-flow-enums/-/babel-plugin-transform-flow-enums-0.0.2.tgz 0ms (cache hit)
[INSTALL_DEPENDENCIES] npm http cache babel-plugin-polyfill-corejs2@https://registry.npmjs.org/babel-plugin-polyfill-corejs2/-/babel-plugin-polyfill-corejs2-0.4.16.tgz 0ms (cache hit)
[INSTALL_DEPENDENCIES] npm http cache babel-plugin-istanbul@https://registry.npmjs.org/babel-plugin-istanbul/-/babel-plugin-istanbul-6.1.1.tgz 0ms (cache hit)
[INSTALL_DEPENDENCIES] npm http cache babel-plugin-polyfill-corejs3@https://registry.npmjs.org/babel-plugin-polyfill-corejs3/-/babel-plugin-polyfill-corejs3-0.13.0.tgz 0ms (cache hit)
[INSTALL_DEPENDENCIES] npm http cache babel-plugin-syntax-hermes-parser@https://registry.npmjs.org/babel-plugin-syntax-hermes-parser/-/babel-plugin-syntax-hermes-parser-0.29.1.tgz 0ms (cache hit)
[INSTALL_DEPENDENCIES] npm http cache available-typed-arrays@https://registry.npmjs.org/available-typed-arrays/-/available-typed-arrays-1.0.7.tgz 0ms (cache hit)
[INSTALL_DEPENDENCIES] npm http cache babel-jest@https://registry.npmjs.org/babel-jest/-/babel-jest-29.7.0.tgz 0ms (cache hit)
[INSTALL_DEPENDENCIES] npm http cache async-limiter@https://registry.npmjs.org/async-limiter/-/async-limiter-1.0.1.tgz 0ms (cache hit)
[INSTALL_DEPENDENCIES] npm http cache assert@https://registry.npmjs.org/assert/-/assert-2.1.0.tgz 0ms (cache hit)
[INSTALL_DEPENDENCIES] npm http cache async-function@https://registry.npmjs.org/async-function/-/async-function-1.0.0.tgz 0ms (cache hit)
[INSTALL_DEPENDENCIES] npm http cache asap@https://registry.npmjs.org/asap/-/asap-2.0.6.tgz 0ms (cache hit)
[INSTALL_DEPENDENCIES] npm http cache arraybuffer.prototype.slice@https://registry.npmjs.org/arraybuffer.prototype.slice/-/arraybuffer.prototype.slice-1.0.4.tgz 0ms (cache hit)
[INSTALL_DEPENDENCIES] npm http cache array.prototype.flatmap@https://registry.npmjs.org/array.prototype.flatmap/-/array.prototype.flatmap-1.3.3.tgz 0ms (cache hit)
[INSTALL_DEPENDENCIES] npm http cache array.prototype.flat@https://registry.npmjs.org/array.prototype.flat/-/array.prototype.flat-1.3.3.tgz 0ms (cache hit)
[INSTALL_DEPENDENCIES] npm http cache array.prototype.tosorted@https://registry.npmjs.org/array.prototype.tosorted/-/array.prototype.tosorted-1.1.4.tgz 0ms (cache hit)
[INSTALL_DEPENDENCIES] npm http cache array-includes@https://registry.npmjs.org/array-includes/-/array-includes-3.1.9.tgz 0ms (cache hit)
[INSTALL_DEPENDENCIES] npm http cache array-timsort@https://registry.npmjs.org/array-timsort/-/array-timsort-1.0.3.tgz 0ms (cache hit)
[INSTALL_DEPENDENCIES] npm http cache array.prototype.findlastindex@https://registry.npmjs.org/array.prototype.findlastindex/-/array.prototype.findlastindex-1.2.6.tgz 0ms (cache hit)
[INSTALL_DEPENDENCIES] npm http cache array.prototype.findlast@https://registry.npmjs.org/array.prototype.findlast/-/array.prototype.findlast-1.2.5.tgz 0ms (cache hit)
[INSTALL_DEPENDENCIES] npm http cache array-buffer-byte-length@https://registry.npmjs.org/array-buffer-byte-length/-/array-buffer-byte-length-1.0.2.tgz 0ms (cache hit)
[INSTALL_DEPENDENCIES] npm http cache aria-hidden@https://registry.npmjs.org/aria-hidden/-/aria-hidden-1.2.6.tgz 0ms (cache hit)
[INSTALL_DEPENDENCIES] npm http cache argparse@https://registry.npmjs.org/argparse/-/argparse-2.0.1.tgz 0ms (cache hit)
[INSTALL_DEPENDENCIES] npm http cache any-promise@https://registry.npmjs.org/any-promise/-/any-promise-1.3.0.tgz 0ms (cache hit)
[INSTALL_DEPENDENCIES] npm http cache anymatch@https://registry.npmjs.org/anymatch/-/anymatch-3.1.3.tgz 0ms (cache hit)
[INSTALL_DEPENDENCIES] npm http cache arg@https://registry.npmjs.org/arg/-/arg-5.0.2.tgz 0ms (cache hit)
[INSTALL_DEPENDENCIES] npm http cache ansi-styles@https://registry.npmjs.org/ansi-styles/-/ansi-styles-4.3.0.tgz 0ms (cache hit)
[INSTALL_DEPENDENCIES] npm http cache ansi-regex@https://registry.npmjs.org/ansi-regex/-/ansi-regex-5.0.1.tgz 0ms (cache hit)
[INSTALL_DEPENDENCIES] npm http cache anser@https://registry.npmjs.org/anser/-/anser-1.4.10.tgz 0ms (cache hit)
[INSTALL_DEPENDENCIES] npm http cache babel-plugin-jest-hoist@https://registry.npmjs.org/babel-plugin-jest-hoist/-/babel-plugin-jest-hoist-29.6.3.tgz 0ms (cache hit)
[INSTALL_DEPENDENCIES] npm http cache agent-base@https://registry.npmjs.org/agent-base/-/agent-base-7.1.4.tgz 0ms (cache hit)
[INSTALL_DEPENDENCIES] npm http cache ansi-escapes@https://registry.npmjs.org/ansi-escapes/-/ansi-escapes-4.3.2.tgz 0ms (cache hit)
[INSTALL_DEPENDENCIES] npm http cache acorn-jsx@https://registry.npmjs.org/acorn-jsx/-/acorn-jsx-5.3.2.tgz 0ms (cache hit)
[INSTALL_DEPENDENCIES] npm http cache accepts@https://registry.npmjs.org/accepts/-/accepts-1.3.8.tgz 0ms (cache hit)
[INSTALL_DEPENDENCIES] npm http cache @xmldom/xmldom@https://registry.npmjs.org/@xmldom/xmldom/-/xmldom-0.8.11.tgz 0ms (cache hit)
[INSTALL_DEPENDENCIES] npm http cache acorn@https://registry.npmjs.org/acorn/-/acorn-8.16.0.tgz 0ms (cache hit)
[INSTALL_DEPENDENCIES] npm http cache abort-controller@https://registry.npmjs.org/abort-controller/-/abort-controller-3.0.0.tgz 0ms (cache hit)
[INSTALL_DEPENDENCIES] npm http cache ajv@https://registry.npmjs.org/ajv/-/ajv-6.14.0.tgz 0ms (cache hit)
[INSTALL_DEPENDENCIES] npm http cache @urql/exchange-retry@https://registry.npmjs.org/@urql/exchange-retry/-/exchange-retry-1.3.2.tgz 0ms (cache hit)
[INSTALL_DEPENDENCIES] npm http cache @unrs/resolver-binding-darwin-arm64@https://registry.npmjs.org/@unrs/resolver-binding-darwin-arm64/-/resolver-binding-darwin-arm64-1.11.1.tgz 0ms (cache hit)
[INSTALL_DEPENDENCIES] npm http cache @ungap/structured-clone@https://registry.npmjs.org/@ungap/structured-clone/-/structured-clone-1.3.0.tgz 0ms (cache hit)
[INSTALL_DEPENDENCIES] npm http cache @urql/core@https://registry.npmjs.org/@urql/core/-/core-5.2.0.tgz 0ms (cache hit)
[INSTALL_DEPENDENCIES] npm http cache @typescript-eslint/visitor-keys@https://registry.npmjs.org/@typescript-eslint/visitor-keys/-/visitor-keys-8.57.0.tgz 0ms (cache hit)
[INSTALL_DEPENDENCIES] npm http cache @typescript-eslint/type-utils@https://registry.npmjs.org/@typescript-eslint/type-utils/-/type-utils-8.57.0.tgz 0ms (cache hit)
[INSTALL_DEPENDENCIES] npm http cache @typescript-eslint/utils@https://registry.npmjs.org/@typescript-eslint/utils/-/utils-8.57.0.tgz 0ms (cache hit)
[INSTALL_DEPENDENCIES] npm http cache @typescript-eslint/types@https://registry.npmjs.org/@typescript-eslint/types/-/types-8.57.0.tgz 0ms (cache hit)
[INSTALL_DEPENDENCIES] npm http cache @typescript-eslint/scope-manager@https://registry.npmjs.org/@typescript-eslint/scope-manager/-/scope-manager-8.57.0.tgz 0ms (cache hit)
[INSTALL_DEPENDENCIES] npm http cache @typescript-eslint/tsconfig-utils@https://registry.npmjs.org/@typescript-eslint/tsconfig-utils/-/tsconfig-utils-8.57.0.tgz 0ms (cache hit)
[INSTALL_DEPENDENCIES] npm http cache @types/yargs-parser@https://registry.npmjs.org/@types/yargs-parser/-/yargs-parser-21.0.3.tgz 0ms (cache hit)
[INSTALL_DEPENDENCIES] npm http cache @typescript-eslint/eslint-plugin@https://registry.npmjs.org/@typescript-eslint/eslint-plugin/-/eslint-plugin-8.57.0.tgz 0ms (cache hit)
[INSTALL_DEPENDENCIES] npm http cache @typescript-eslint/project-service@https://registry.npmjs.org/@typescript-eslint/project-service/-/project-service-8.57.0.tgz 0ms (cache hit)
[INSTALL_DEPENDENCIES] npm http cache @typescript-eslint/parser@https://registry.npmjs.org/@typescript-eslint/parser/-/parser-8.57.0.tgz 0ms (cache hit)
[INSTALL_DEPENDENCIES] npm http cache @types/yargs@https://registry.npmjs.org/@types/yargs/-/yargs-17.0.35.tgz 0ms (cache hit)
[INSTALL_DEPENDENCIES] npm http cache @types/retry@https://registry.npmjs.org/@types/retry/-/retry-0.12.0.tgz 0ms (cache hit)
[INSTALL_DEPENDENCIES] npm http cache @types/stack-utils@https://registry.npmjs.org/@types/stack-utils/-/stack-utils-2.0.3.tgz 0ms (cache hit)
[INSTALL_DEPENDENCIES] npm http cache @types/node@https://registry.npmjs.org/@types/node/-/node-25.4.0.tgz 0ms (cache hit)
[INSTALL_DEPENDENCIES] npm http cache @types/json5@https://registry.npmjs.org/@types/json5/-/json5-0.0.29.tgz 0ms (cache hit)
[INSTALL_DEPENDENCIES] npm http cache @typescript-eslint/typescript-estree@https://registry.npmjs.org/@typescript-eslint/typescript-estree/-/typescript-estree-8.57.0.tgz 0ms (cache hit)
[INSTALL_DEPENDENCIES] npm http cache @types/json-schema@https://registry.npmjs.org/@types/json-schema/-/json-schema-7.0.15.tgz 0ms (cache hit)
[INSTALL_DEPENDENCIES] npm http cache @types/react@https://registry.npmjs.org/@types/react/-/react-19.1.17.tgz 0ms (cache hit)
[INSTALL_DEPENDENCIES] npm http cache @types/istanbul-reports@https://registry.npmjs.org/@types/istanbul-reports/-/istanbul-reports-3.0.4.tgz 0ms (cache hit)
[INSTALL_DEPENDENCIES] npm http cache @types/istanbul-lib-report@https://registry.npmjs.org/@types/istanbul-lib-report/-/istanbul-lib-report-3.0.3.tgz 0ms (cache hit)
[INSTALL_DEPENDENCIES] npm http cache @types/istanbul-lib-coverage@https://registry.npmjs.org/@types/istanbul-lib-coverage/-/istanbul-lib-coverage-2.0.6.tgz 0ms (cache hit)
[INSTALL_DEPENDENCIES] npm http cache @types/graceful-fs@https://registry.npmjs.org/@types/graceful-fs/-/graceful-fs-4.1.9.tgz 0ms (cache hit)
[INSTALL_DEPENDENCIES] npm http cache @types/babel__traverse@https://registry.npmjs.org/@types/babel__traverse/-/babel__traverse-7.28.0.tgz 0ms (cache hit)
[INSTALL_DEPENDENCIES] npm http cache @types/babel__template@https://registry.npmjs.org/@types/babel__template/-/babel__template-7.4.4.tgz 0ms (cache hit)
[INSTALL_DEPENDENCIES] npm http cache @types/estree@https://registry.npmjs.org/@types/estree/-/estree-1.0.8.tgz 0ms (cache hit)
[INSTALL_DEPENDENCIES] npm http cache @types/hammerjs@https://registry.npmjs.org/@types/hammerjs/-/hammerjs-2.0.46.tgz 0ms (cache hit)
[INSTALL_DEPENDENCIES] npm http cache @types/babel__core@https://registry.npmjs.org/@types/babel__core/-/babel__core-7.20.5.tgz 0ms (cache hit)
[INSTALL_DEPENDENCIES] npm http cache @types/babel__generator@https://registry.npmjs.org/@types/babel__generator/-/babel__generator-7.27.0.tgz 0ms (cache hit)
[INSTALL_DEPENDENCIES] npm http cache @sinonjs/fake-timers@https://registry.npmjs.org/@sinonjs/fake-timers/-/fake-timers-10.3.0.tgz 0ms (cache hit)
[INSTALL_DEPENDENCIES] npm http cache @revenuecat/purchases-typescript-internal@https://registry.npmjs.org/@revenuecat/purchases-typescript-internal/-/purchases-typescript-internal-17.46.1.tgz 0ms (cache hit)
[INSTALL_DEPENDENCIES] npm http cache @sinclair/typebox@https://registry.npmjs.org/@sinclair/typebox/-/typebox-0.27.10.tgz 0ms (cache hit)
[INSTALL_DEPENDENCIES] npm http cache @rtsao/scc@https://registry.npmjs.org/@rtsao/scc/-/scc-1.1.0.tgz 0ms (cache hit)
[INSTALL_DEPENDENCIES] npm http cache @sinonjs/commons@https://registry.npmjs.org/@sinonjs/commons/-/commons-3.0.1.tgz 0ms (cache hit)
[INSTALL_DEPENDENCIES] npm http cache @revenuecat/purchases-js-hybrid-mappings@https://registry.npmjs.org/@revenuecat/purchases-js-hybrid-mappings/-/purchases-js-hybrid-mappings-17.46.1.tgz 0ms (cache hit)
[INSTALL_DEPENDENCIES] npm http cache @revenuecat/purchases-js@https://registry.npmjs.org/@revenuecat/purchases-js/-/purchases-js-1.27.0.tgz 0ms (cache hit)
[INSTALL_DEPENDENCIES] npm http cache @react-navigation/routers@https://registry.npmjs.org/@react-navigation/routers/-/routers-7.5.3.tgz 0ms (cache hit)
[INSTALL_DEPENDENCIES] npm http cache @react-navigation/native-stack@https://registry.npmjs.org/@react-navigation/native-stack/-/native-stack-7.14.4.tgz 0ms (cache hit)
[INSTALL_DEPENDENCIES] npm http cache @react-navigation/core@https://registry.npmjs.org/@react-navigation/core/-/core-7.16.1.tgz 0ms (cache hit)
[INSTALL_DEPENDENCIES] npm http cache @react-navigation/native@https://registry.npmjs.org/@react-navigation/native/-/native-7.1.33.tgz 0ms (cache hit)
[INSTALL_DEPENDENCIES] npm http cache @react-navigation/elements@https://registry.npmjs.org/@react-navigation/elements/-/elements-2.9.10.tgz 0ms (cache hit)
[INSTALL_DEPENDENCIES] npm http cache @react-native/normalize-colors@https://registry.npmjs.org/@react-native/normalize-colors/-/normalize-colors-0.81.5.tgz 0ms (cache hit)
[INSTALL_DEPENDENCIES] npm http cache @react-native/gradle-plugin@https://registry.npmjs.org/@react-native/gradle-plugin/-/gradle-plugin-0.81.5.tgz 0ms (cache hit)
[INSTALL_DEPENDENCIES] npm http cache @react-native/debugger-frontend@https://registry.npmjs.org/@react-native/debugger-frontend/-/debugger-frontend-0.81.5.tgz 0ms (cache hit)
[INSTALL_DEPENDENCIES] npm http cache @react-native/js-polyfills@https://registry.npmjs.org/@react-native/js-polyfills/-/js-polyfills-0.81.5.tgz 0ms (cache hit)
[INSTALL_DEPENDENCIES] npm http cache @react-native/dev-middleware@https://registry.npmjs.org/@react-native/dev-middleware/-/dev-middleware-0.81.5.tgz 0ms (cache hit)
[INSTALL_DEPENDENCIES] npm http cache @react-navigation/bottom-tabs@https://registry.npmjs.org/@react-navigation/bottom-tabs/-/bottom-tabs-7.15.5.tgz 0ms (cache hit)
[INSTALL_DEPENDENCIES] npm http cache @react-native/community-cli-plugin@https://registry.npmjs.org/@react-native/community-cli-plugin/-/community-cli-plugin-0.81.5.tgz 0ms (cache hit)
[INSTALL_DEPENDENCIES] npm http cache @react-native/codegen@https://registry.npmjs.org/@react-native/codegen/-/codegen-0.81.5.tgz 0ms (cache hit)
[INSTALL_DEPENDENCIES] npm http cache @react-native/babel-preset@https://registry.npmjs.org/@react-native/babel-preset/-/babel-preset-0.81.5.tgz 0ms (cache hit)
[INSTALL_DEPENDENCIES] npm http cache @react-native/assets-registry@https://registry.npmjs.org/@react-native/assets-registry/-/assets-registry-0.81.5.tgz 0ms (cache hit)
[INSTALL_DEPENDENCIES] npm http cache @react-native/babel-plugin-codegen@https://registry.npmjs.org/@react-native/babel-plugin-codegen/-/babel-plugin-codegen-0.81.5.tgz 0ms (cache hit)
[INSTALL_DEPENDENCIES] npm http cache @react-native-community/datetimepicker@https://registry.npmjs.org/@react-native-community/datetimepicker/-/datetimepicker-8.4.4.tgz 0ms (cache hit)
[INSTALL_DEPENDENCIES] npm http cache @react-native-async-storage/async-storage@https://registry.npmjs.org/@react-native-async-storage/async-storage/-/async-storage-2.2.0.tgz 0ms (cache hit)
[INSTALL_DEPENDENCIES] npm http cache @radix-ui/react-use-layout-effect@https://registry.npmjs.org/@radix-ui/react-use-layout-effect/-/react-use-layout-effect-1.1.1.tgz 0ms (cache hit)
[INSTALL_DEPENDENCIES] npm http cache @radix-ui/react-use-escape-keydown@https://registry.npmjs.org/@radix-ui/react-use-escape-keydown/-/react-use-escape-keydown-1.1.1.tgz 0ms (cache hit)
[INSTALL_DEPENDENCIES] npm http cache @radix-ui/react-use-effect-event@https://registry.npmjs.org/@radix-ui/react-use-effect-event/-/react-use-effect-event-0.0.2.tgz 0ms (cache hit)
[INSTALL_DEPENDENCIES] npm http cache @radix-ui/react-use-callback-ref@https://registry.npmjs.org/@radix-ui/react-use-callback-ref/-/react-use-callback-ref-1.1.1.tgz 0ms (cache hit)
[INSTALL_DEPENDENCIES] npm http cache @radix-ui/react-use-controllable-state@https://registry.npmjs.org/@radix-ui/react-use-controllable-state/-/react-use-controllable-state-1.2.2.tgz 0ms (cache hit)
[INSTALL_DEPENDENCIES] npm http cache @radix-ui/react-focus-guards@https://registry.npmjs.org/@radix-ui/react-focus-guards/-/react-focus-guards-1.1.3.tgz 0ms (cache hit)
[INSTALL_DEPENDENCIES] npm http cache @radix-ui/react-context@https://registry.npmjs.org/@radix-ui/react-context/-/react-context-1.1.2.tgz 0ms (cache hit)
[INSTALL_DEPENDENCIES] npm http cache @radix-ui/react-direction@https://registry.npmjs.org/@radix-ui/react-direction/-/react-direction-1.1.1.tgz 0ms (cache hit)
[INSTALL_DEPENDENCIES] npm http cache @radix-ui/react-id@https://registry.npmjs.org/@radix-ui/react-id/-/react-id-1.1.1.tgz 0ms (cache hit)
[INSTALL_DEPENDENCIES] npm http cache @radix-ui/react-slot@https://registry.npmjs.org/@radix-ui/react-slot/-/react-slot-1.2.0.tgz 0ms (cache hit)
[INSTALL_DEPENDENCIES] npm http cache @radix-ui/react-compose-refs@https://registry.npmjs.org/@radix-ui/react-compose-refs/-/react-compose-refs-1.1.2.tgz 0ms (cache hit)
[INSTALL_DEPENDENCIES] npm http cache @protobufjs/utf8@https://registry.npmjs.org/@protobufjs/utf8/-/utf8-1.1.0.tgz 0ms (cache hit)
[INSTALL_DEPENDENCIES] npm http cache @protobufjs/path@https://registry.npmjs.org/@protobufjs/path/-/path-1.1.2.tgz 0ms (cache hit)
[INSTALL_DEPENDENCIES] npm http cache @radix-ui/primitive@https://registry.npmjs.org/@radix-ui/primitive/-/primitive-1.1.3.tgz 0ms (cache hit)
[INSTALL_DEPENDENCIES] npm http cache @protobufjs/inquire@https://registry.npmjs.org/@protobufjs/inquire/-/inquire-1.1.0.tgz 0ms (cache hit)
[INSTALL_DEPENDENCIES] npm http cache @protobufjs/eventemitter@https://registry.npmjs.org/@protobufjs/eventemitter/-/eventemitter-1.1.0.tgz 0ms (cache hit)
[INSTALL_DEPENDENCIES] npm http cache @protobufjs/fetch@https://registry.npmjs.org/@protobufjs/fetch/-/fetch-1.1.0.tgz 0ms (cache hit)
[INSTALL_DEPENDENCIES] npm http cache @protobufjs/pool@https://registry.npmjs.org/@protobufjs/pool/-/pool-1.1.0.tgz 0ms (cache hit)
[INSTALL_DEPENDENCIES] npm http cache @protobufjs/float@https://registry.npmjs.org/@protobufjs/float/-/float-1.0.2.tgz 0ms (cache hit)
[INSTALL_DEPENDENCIES] npm http cache @protobufjs/codegen@https://registry.npmjs.org/@protobufjs/codegen/-/codegen-2.0.4.tgz 0ms (cache hit)
[INSTALL_DEPENDENCIES] npm http cache @nolyfill/is-core-module@https://registry.npmjs.org/@nolyfill/is-core-module/-/is-core-module-1.0.39.tgz 0ms (cache hit)
[INSTALL_DEPENDENCIES] npm http cache @protobufjs/aspromise@https://registry.npmjs.org/@protobufjs/aspromise/-/aspromise-1.1.2.tgz 0ms (cache hit)
[INSTALL_DEPENDENCIES] npm http cache @pkgjs/parseargs@https://registry.npmjs.org/@pkgjs/parseargs/-/parseargs-0.11.0.tgz 0ms (cache hit)
[INSTALL_DEPENDENCIES] npm http cache @nodelib/fs.walk@https://registry.npmjs.org/@nodelib/fs.walk/-/fs.walk-1.2.8.tgz 0ms (cache hit)
[INSTALL_DEPENDENCIES] npm http cache @nodelib/fs.stat@https://registry.npmjs.org/@nodelib/fs.stat/-/fs.stat-2.0.5.tgz 0ms (cache hit)
[INSTALL_DEPENDENCIES] npm http cache @jridgewell/sourcemap-codec@https://registry.npmjs.org/@jridgewell/sourcemap-codec/-/sourcemap-codec-1.5.5.tgz 0ms (cache hit)
[INSTALL_DEPENDENCIES] npm http cache @protobufjs/base64@https://registry.npmjs.org/@protobufjs/base64/-/base64-1.1.2.tgz 0ms (cache hit)
[INSTALL_DEPENDENCIES] npm http cache @nodelib/fs.scandir@https://registry.npmjs.org/@nodelib/fs.scandir/-/fs.scandir-2.1.5.tgz 0ms (cache hit)
[INSTALL_DEPENDENCIES] npm http cache @jridgewell/trace-mapping@https://registry.npmjs.org/@jridgewell/trace-mapping/-/trace-mapping-0.3.31.tgz 0ms (cache hit)
[INSTALL_DEPENDENCIES] npm http cache @jridgewell/source-map@https://registry.npmjs.org/@jridgewell/source-map/-/source-map-0.3.11.tgz 0ms (cache hit)
[INSTALL_DEPENDENCIES] npm http cache @jridgewell/resolve-uri@https://registry.npmjs.org/@jridgewell/resolve-uri/-/resolve-uri-3.1.2.tgz 0ms (cache hit)
[INSTALL_DEPENDENCIES] npm http cache @jest/types@https://registry.npmjs.org/@jest/types/-/types-29.6.3.tgz 0ms (cache hit)
[INSTALL_DEPENDENCIES] npm http cache @jest/transform@https://registry.npmjs.org/@jest/transform/-/transform-29.7.0.tgz 0ms (cache hit)
[INSTALL_DEPENDENCIES] npm http cache @jest/schemas@https://registry.npmjs.org/@jest/schemas/-/schemas-29.6.3.tgz 0ms (cache hit)
[INSTALL_DEPENDENCIES] npm http cache @jest/fake-timers@https://registry.npmjs.org/@jest/fake-timers/-/fake-timers-29.7.0.tgz 0ms (cache hit)
[INSTALL_DEPENDENCIES] npm http cache @jridgewell/remapping@https://registry.npmjs.org/@jridgewell/remapping/-/remapping-2.3.5.tgz 0ms (cache hit)
[INSTALL_DEPENDENCIES] npm http cache @jest/environment@https://registry.npmjs.org/@jest/environment/-/environment-29.7.0.tgz 0ms (cache hit)
[INSTALL_DEPENDENCIES] npm http cache @jest/create-cache-key-function@https://registry.npmjs.org/@jest/create-cache-key-function/-/create-cache-key-function-29.7.0.tgz 0ms (cache hit)
[INSTALL_DEPENDENCIES] npm http cache @istanbuljs/schema@https://registry.npmjs.org/@istanbuljs/schema/-/schema-0.1.3.tgz 0ms (cache hit)
[INSTALL_DEPENDENCIES] npm http cache @jridgewell/gen-mapping@https://registry.npmjs.org/@jridgewell/gen-mapping/-/gen-mapping-0.3.13.tgz 0ms (cache hit)
[INSTALL_DEPENDENCIES] npm http cache @isaacs/ttlcache@https://registry.npmjs.org/@isaacs/ttlcache/-/ttlcache-1.4.1.tgz 0ms (cache hit)
[INSTALL_DEPENDENCIES] npm http cache @istanbuljs/load-nyc-config@https://registry.npmjs.org/@istanbuljs/load-nyc-config/-/load-nyc-config-1.1.0.tgz 0ms (cache hit)
[INSTALL_DEPENDENCIES] npm http cache @img/sharp-libvips-darwin-arm64@https://registry.npmjs.org/@img/sharp-libvips-darwin-arm64/-/sharp-libvips-darwin-arm64-1.2.4.tgz 0ms (cache hit)
[INSTALL_DEPENDENCIES] npm http cache @isaacs/cliui@https://registry.npmjs.org/@isaacs/cliui/-/cliui-8.0.2.tgz 0ms (cache hit)
[INSTALL_DEPENDENCIES] npm http cache @isaacs/fs-minipass@https://registry.npmjs.org/@isaacs/fs-minipass/-/fs-minipass-4.0.1.tgz 0ms (cache hit)
[INSTALL_DEPENDENCIES] npm http cache @img/sharp-darwin-arm64@https://registry.npmjs.org/@img/sharp-darwin-arm64/-/sharp-darwin-arm64-0.34.5.tgz 0ms (cache hit)
[INSTALL_DEPENDENCIES] npm http cache @img/colour@https://registry.npmjs.org/@img/colour/-/colour-1.1.0.tgz 0ms (cache hit)
[INSTALL_DEPENDENCIES] npm http cache @humanwhocodes/retry@https://registry.npmjs.org/@humanwhocodes/retry/-/retry-0.4.3.tgz 0ms (cache hit)
[INSTALL_DEPENDENCIES] npm http cache @humanfs/node@https://registry.npmjs.org/@humanfs/node/-/node-0.16.7.tgz 0ms (cache hit)
[INSTALL_DEPENDENCIES] npm http cache @humanwhocodes/module-importer@https://registry.npmjs.org/@humanwhocodes/module-importer/-/module-importer-1.0.1.tgz 0ms (cache hit)
[INSTALL_DEPENDENCIES] npm http cache @humanfs/core@https://registry.npmjs.org/@humanfs/core/-/core-0.19.1.tgz 0ms (cache hit)
[INSTALL_DEPENDENCIES] npm http cache @ide/backoff@https://registry.npmjs.org/@ide/backoff/-/backoff-1.0.0.tgz 0ms (cache hit)
[INSTALL_DEPENDENCIES] npm http cache @expo/xcpretty@https://registry.npmjs.org/@expo/xcpretty/-/xcpretty-4.4.1.tgz 0ms (cache hit)
[INSTALL_DEPENDENCIES] npm http cache @google/generative-ai@https://registry.npmjs.org/@google/generative-ai/-/generative-ai-0.24.1.tgz 0ms (cache hit)
[INSTALL_DEPENDENCIES] npm http cache @google/genai@https://registry.npmjs.org/@google/genai/-/genai-1.44.0.tgz 0ms (cache hit)
[INSTALL_DEPENDENCIES] npm http cache @expo/ws-tunnel@https://registry.npmjs.org/@expo/ws-tunnel/-/ws-tunnel-1.0.6.tgz 0ms (cache hit)
[INSTALL_DEPENDENCIES] npm http cache @expo/sudo-prompt@https://registry.npmjs.org/@expo/sudo-prompt/-/sudo-prompt-9.3.2.tgz 0ms (cache hit)
[INSTALL_DEPENDENCIES] npm http cache @expo/spawn-async@https://registry.npmjs.org/@expo/spawn-async/-/spawn-async-1.7.2.tgz 0ms (cache hit)
[INSTALL_DEPENDENCIES] npm http cache @expo/vector-icons@https://registry.npmjs.org/@expo/vector-icons/-/vector-icons-15.1.1.tgz 0ms (cache hit)
[INSTALL_DEPENDENCIES] npm http cache @expo/sdk-runtime-versions@https://registry.npmjs.org/@expo/sdk-runtime-versions/-/sdk-runtime-versions-1.0.0.tgz 0ms (cache hit)
[INSTALL_DEPENDENCIES] npm http cache @expo/schema-utils@https://registry.npmjs.org/@expo/schema-utils/-/schema-utils-0.1.8.tgz 0ms (cache hit)
[INSTALL_DEPENDENCIES] npm http cache @expo/prebuild-config@https://registry.npmjs.org/@expo/prebuild-config/-/prebuild-config-54.0.8.tgz 0ms (cache hit)
[INSTALL_DEPENDENCIES] npm http cache @expo/plist@https://registry.npmjs.org/@expo/plist/-/plist-0.4.8.tgz 0ms (cache hit)
[INSTALL_DEPENDENCIES] npm http cache @expo/osascript@https://registry.npmjs.org/@expo/osascript/-/osascript-2.4.2.tgz 0ms (cache hit)
[INSTALL_DEPENDENCIES] npm http cache @expo/metro-config@https://registry.npmjs.org/@expo/metro-config/-/metro-config-54.0.14.tgz 0ms (cache hit)
[INSTALL_DEPENDENCIES] npm http cache @expo/package-manager@https://registry.npmjs.org/@expo/package-manager/-/package-manager-1.10.3.tgz 0ms (cache hit)
[INSTALL_DEPENDENCIES] npm http cache @expo/json-file@https://registry.npmjs.org/@expo/json-file/-/json-file-10.0.12.tgz 0ms (cache hit)
[INSTALL_DEPENDENCIES] npm http cache @expo/metro@https://registry.npmjs.org/@expo/metro/-/metro-54.2.0.tgz 0ms (cache hit)
[INSTALL_DEPENDENCIES] npm http cache @expo/image-utils@https://registry.npmjs.org/@expo/image-utils/-/image-utils-0.8.12.tgz 0ms (cache hit)
[INSTALL_DEPENDENCIES] npm http cache @expo/metro-runtime@https://registry.npmjs.org/@expo/metro-runtime/-/metro-runtime-6.1.2.tgz 0ms (cache hit)
[INSTALL_DEPENDENCIES] npm http cache @expo/fingerprint@https://registry.npmjs.org/@expo/fingerprint/-/fingerprint-0.15.4.tgz 0ms (cache hit)
[INSTALL_DEPENDENCIES] npm http cache @expo/devtools@https://registry.npmjs.org/@expo/devtools/-/devtools-0.1.8.tgz 0ms (cache hit)
[INSTALL_DEPENDENCIES] npm http cache @expo/env@https://registry.npmjs.org/@expo/env/-/env-2.0.11.tgz 0ms (cache hit)
[INSTALL_DEPENDENCIES] npm http cache @expo/devcert@https://registry.npmjs.org/@expo/devcert/-/devcert-1.2.1.tgz 0ms (cache hit)
[INSTALL_DEPENDENCIES] npm http cache @expo/config-types@https://registry.npmjs.org/@expo/config-types/-/config-types-54.0.10.tgz 0ms (cache hit)
[INSTALL_DEPENDENCIES] npm http cache @expo/code-signing-certificates@https://registry.npmjs.org/@expo/code-signing-certificates/-/code-signing-certificates-0.0.6.tgz 0ms (cache hit)
[INSTALL_DEPENDENCIES] npm http cache @expo/config@https://registry.npmjs.org/@expo/config/-/config-12.0.13.tgz 0ms (cache hit)
[INSTALL_DEPENDENCIES] npm http cache @expo/config-plugins@https://registry.npmjs.org/@expo/config-plugins/-/config-plugins-54.0.4.tgz 0ms (cache hit)
[INSTALL_DEPENDENCIES] npm http cache @eslint/plugin-kit@https://registry.npmjs.org/@eslint/plugin-kit/-/plugin-kit-0.4.1.tgz 0ms (cache hit)
[INSTALL_DEPENDENCIES] npm http cache @eslint/object-schema@https://registry.npmjs.org/@eslint/object-schema/-/object-schema-2.1.7.tgz 0ms (cache hit)
[INSTALL_DEPENDENCIES] npm http cache @eslint/eslintrc@https://registry.npmjs.org/@eslint/eslintrc/-/eslintrc-3.3.5.tgz 0ms (cache hit)
[INSTALL_DEPENDENCIES] npm http cache @eslint/config-helpers@https://registry.npmjs.org/@eslint/config-helpers/-/config-helpers-0.4.2.tgz 0ms (cache hit)
[INSTALL_DEPENDENCIES] npm http cache @eslint/config-array@https://registry.npmjs.org/@eslint/config-array/-/config-array-0.21.2.tgz 0ms (cache hit)
[INSTALL_DEPENDENCIES] npm http cache @eslint/js@https://registry.npmjs.org/@eslint/js/-/js-9.39.4.tgz 0ms (cache hit)
[INSTALL_DEPENDENCIES] npm http cache @eslint-community/regexpp@https://registry.npmjs.org/@eslint-community/regexpp/-/regexpp-4.12.2.tgz 0ms (cache hit)
[INSTALL_DEPENDENCIES] npm http cache @eslint-community/eslint-utils@https://registry.npmjs.org/@eslint-community/eslint-utils/-/eslint-utils-4.9.1.tgz 0ms (cache hit)
[INSTALL_DEPENDENCIES] npm http cache @emnapi/runtime@https://registry.npmjs.org/@emnapi/runtime/-/runtime-1.8.1.tgz 0ms (cache hit)
[INSTALL_DEPENDENCIES] npm http cache @eslint/core@https://registry.npmjs.org/@eslint/core/-/core-0.17.0.tgz 0ms (cache hit)
[INSTALL_DEPENDENCIES] npm http cache @egjs/hammerjs@https://registry.npmjs.org/@egjs/hammerjs/-/hammerjs-2.0.17.tgz 0ms (cache hit)
[INSTALL_DEPENDENCIES] npm http cache @babel/types@https://registry.npmjs.org/@babel/types/-/types-7.29.0.tgz 0ms (cache hit)
[INSTALL_DEPENDENCIES] npm http cache @babel/traverse--for-generate-function-map@https://registry.npmjs.org/@babel/traverse/-/traverse-7.29.0.tgz 0ms (cache hit)
[INSTALL_DEPENDENCIES] npm http cache @babel/template@https://registry.npmjs.org/@babel/template/-/template-7.28.6.tgz 0ms (cache hit)
[INSTALL_DEPENDENCIES] npm http cache @babel/preset-typescript@https://registry.npmjs.org/@babel/preset-typescript/-/preset-typescript-7.28.5.tgz 0ms (cache hit)
[INSTALL_DEPENDENCIES] npm http cache @babel/preset-react@https://registry.npmjs.org/@babel/preset-react/-/preset-react-7.28.5.tgz 0ms (cache hit)
[INSTALL_DEPENDENCIES] npm http cache @babel/runtime@https://registry.npmjs.org/@babel/runtime/-/runtime-7.28.6.tgz 0ms (cache hit)
[INSTALL_DEPENDENCIES] npm http cache @babel/traverse@https://registry.npmjs.org/@babel/traverse/-/traverse-7.29.0.tgz 0ms (cache hit)
[INSTALL_DEPENDENCIES] npm http cache @babel/plugin-transform-unicode-regex@https://registry.npmjs.org/@babel/plugin-transform-unicode-regex/-/plugin-transform-unicode-regex-7.27.1.tgz 0ms (cache hit)
[INSTALL_DEPENDENCIES] npm http cache @babel/plugin-transform-typescript@https://registry.npmjs.org/@babel/plugin-transform-typescript/-/plugin-transform-typescript-7.28.6.tgz 0ms (cache hit)
[INSTALL_DEPENDENCIES] npm http cache @babel/plugin-transform-template-literals@https://registry.npmjs.org/@babel/plugin-transform-template-literals/-/plugin-transform-template-literals-7.27.1.tgz 0ms (cache hit)
[INSTALL_DEPENDENCIES] npm http cache @babel/plugin-transform-spread@https://registry.npmjs.org/@babel/plugin-transform-spread/-/plugin-transform-spread-7.28.6.tgz 0ms (cache hit)
[INSTALL_DEPENDENCIES] npm http cache @babel/plugin-transform-runtime@https://registry.npmjs.org/@babel/plugin-transform-runtime/-/plugin-transform-runtime-7.29.0.tgz 0ms (cache hit)
[INSTALL_DEPENDENCIES] npm http cache @babel/plugin-transform-shorthand-properties@https://registry.npmjs.org/@babel/plugin-transform-shorthand-properties/-/plugin-transform-shorthand-properties-7.27.1.tgz 0ms (cache hit)
[INSTALL_DEPENDENCIES] npm http cache @babel/plugin-transform-sticky-regex@https://registry.npmjs.org/@babel/plugin-transform-sticky-regex/-/plugin-transform-sticky-regex-7.27.1.tgz 0ms (cache hit)
[INSTALL_DEPENDENCIES] npm http cache @babel/plugin-transform-regenerator@https://registry.npmjs.org/@babel/plugin-transform-regenerator/-/plugin-transform-regenerator-7.29.0.tgz 0ms (cache hit)
[INSTALL_DEPENDENCIES] npm http cache @babel/plugin-transform-react-pure-annotations@https://registry.npmjs.org/@babel/plugin-transform-react-pure-annotations/-/plugin-transform-react-pure-annotations-7.27.1.tgz 0ms (cache hit)
[INSTALL_DEPENDENCIES] npm http cache @babel/plugin-transform-react-jsx-source@https://registry.npmjs.org/@babel/plugin-transform-react-jsx-source/-/plugin-transform-react-jsx-source-7.27.1.tgz 0ms (cache hit)
[INSTALL_DEPENDENCIES] npm http cache @babel/plugin-transform-react-jsx-development@https://registry.npmjs.org/@babel/plugin-transform-react-jsx-development/-/plugin-transform-react-jsx-development-7.27.1.tgz 0ms (cache hit)
[INSTALL_DEPENDENCIES] npm http cache @babel/plugin-transform-react-jsx@https://registry.npmjs.org/@babel/plugin-transform-react-jsx/-/plugin-transform-react-jsx-7.28.6.tgz 0ms (cache hit)
[INSTALL_DEPENDENCIES] npm http cache @babel/plugin-transform-react-display-name@https://registry.npmjs.org/@babel/plugin-transform-react-display-name/-/plugin-transform-react-display-name-7.28.0.tgz 0ms (cache hit)
[INSTALL_DEPENDENCIES] npm http cache @babel/plugin-transform-private-property-in-object@https://registry.npmjs.org/@babel/plugin-transform-private-property-in-object/-/plugin-transform-private-property-in-object-7.28.6.tgz 0ms (cache hit)
[INSTALL_DEPENDENCIES] npm http cache @babel/plugin-transform-react-jsx-self@https://registry.npmjs.org/@babel/plugin-transform-react-jsx-self/-/plugin-transform-react-jsx-self-7.27.1.tgz 0ms (cache hit)
[INSTALL_DEPENDENCIES] npm http cache @babel/plugin-transform-private-methods@https://registry.npmjs.org/@babel/plugin-transform-private-methods/-/plugin-transform-private-methods-7.28.6.tgz 0ms (cache hit)
[INSTALL_DEPENDENCIES] npm http cache @babel/plugin-transform-optional-chaining@https://registry.npmjs.org/@babel/plugin-transform-optional-chaining/-/plugin-transform-optional-chaining-7.28.6.tgz 0ms (cache hit)
[INSTALL_DEPENDENCIES] npm http cache @babel/plugin-transform-parameters@https://registry.npmjs.org/@babel/plugin-transform-parameters/-/plugin-transform-parameters-7.27.7.tgz 0ms (cache hit)
[INSTALL_DEPENDENCIES] npm http cache @babel/plugin-transform-optional-catch-binding@https://registry.npmjs.org/@babel/plugin-transform-optional-catch-binding/-/plugin-transform-optional-catch-binding-7.28.6.tgz 0ms (cache hit)
[INSTALL_DEPENDENCIES] npm http cache @babel/plugin-transform-nullish-coalescing-operator@https://registry.npmjs.org/@babel/plugin-transform-nullish-coalescing-operator/-/plugin-transform-nullish-coalescing-operator-7.28.6.tgz 0ms (cache hit)
[INSTALL_DEPENDENCIES] npm http cache @babel/plugin-transform-object-rest-spread@https://registry.npmjs.org/@babel/plugin-transform-object-rest-spread/-/plugin-transform-object-rest-spread-7.28.6.tgz 0ms (cache hit)
[INSTALL_DEPENDENCIES] npm http cache @babel/plugin-transform-numeric-separator@https://registry.npmjs.org/@babel/plugin-transform-numeric-separator/-/plugin-transform-numeric-separator-7.28.6.tgz 0ms (cache hit)
[INSTALL_DEPENDENCIES] npm http cache @babel/plugin-transform-named-capturing-groups-regex@https://registry.npmjs.org/@babel/plugin-transform-named-capturing-groups-regex/-/plugin-transform-named-capturing-groups-regex-7.29.0.tgz 0ms (cache hit)
[INSTALL_DEPENDENCIES] npm http cache @babel/plugin-transform-logical-assignment-operators@https://registry.npmjs.org/@babel/plugin-transform-logical-assignment-operators/-/plugin-transform-logical-assignment-operators-7.28.6.tgz 0ms (cache hit)
[INSTALL_DEPENDENCIES] npm http cache @babel/plugin-transform-literals@https://registry.npmjs.org/@babel/plugin-transform-literals/-/plugin-transform-literals-7.27.1.tgz 0ms (cache hit)
[INSTALL_DEPENDENCIES] npm http cache @babel/plugin-transform-function-name@https://registry.npmjs.org/@babel/plugin-transform-function-name/-/plugin-transform-function-name-7.27.1.tgz 0ms (cache hit)
[INSTALL_DEPENDENCIES] npm http cache @babel/plugin-transform-export-namespace-from@https://registry.npmjs.org/@babel/plugin-transform-export-namespace-from/-/plugin-transform-export-namespace-from-7.27.1.tgz 0ms (cache hit)
[INSTALL_DEPENDENCIES] npm http cache @babel/plugin-transform-flow-strip-types@https://registry.npmjs.org/@babel/plugin-transform-flow-strip-types/-/plugin-transform-flow-strip-types-7.27.1.tgz 0ms (cache hit)
[INSTALL_DEPENDENCIES] npm http cache @babel/plugin-transform-for-of@https://registry.npmjs.org/@babel/plugin-transform-for-of/-/plugin-transform-for-of-7.27.1.tgz 0ms (cache hit)
[INSTALL_DEPENDENCIES] npm http cache @babel/plugin-transform-destructuring@https://registry.npmjs.org/@babel/plugin-transform-destructuring/-/plugin-transform-destructuring-7.28.5.tgz 0ms (cache hit)
[INSTALL_DEPENDENCIES] npm http cache @babel/plugin-transform-classes@https://registry.npmjs.org/@babel/plugin-transform-classes/-/plugin-transform-classes-7.28.6.tgz 0ms (cache hit)
[INSTALL_DEPENDENCIES] npm http cache @babel/plugin-transform-computed-properties@https://registry.npmjs.org/@babel/plugin-transform-computed-properties/-/plugin-transform-computed-properties-7.28.6.tgz 0ms (cache hit)
[INSTALL_DEPENDENCIES] npm http cache @babel/plugin-transform-modules-commonjs@https://registry.npmjs.org/@babel/plugin-transform-modules-commonjs/-/plugin-transform-modules-commonjs-7.28.6.tgz 0ms (cache hit)
[INSTALL_DEPENDENCIES] npm http cache @babel/plugin-transform-class-static-block@https://registry.npmjs.org/@babel/plugin-transform-class-static-block/-/plugin-transform-class-static-block-7.28.6.tgz 0ms (cache hit)
[INSTALL_DEPENDENCIES] npm http cache @babel/plugin-transform-class-properties@https://registry.npmjs.org/@babel/plugin-transform-class-properties/-/plugin-transform-class-properties-7.28.6.tgz 0ms (cache hit)
[INSTALL_DEPENDENCIES] npm http cache @babel/plugin-transform-block-scoping@https://registry.npmjs.org/@babel/plugin-transform-block-scoping/-/plugin-transform-block-scoping-7.28.6.tgz 0ms (cache hit)
[INSTALL_DEPENDENCIES] npm http cache @babel/plugin-transform-async-generator-functions@https://registry.npmjs.org/@babel/plugin-transform-async-generator-functions/-/plugin-transform-async-generator-functions-7.29.0.tgz 0ms (cache hit)
[INSTALL_DEPENDENCIES] npm http cache @babel/plugin-transform-async-to-generator@https://registry.npmjs.org/@babel/plugin-transform-async-to-generator/-/plugin-transform-async-to-generator-7.28.6.tgz 0ms (cache hit)
[INSTALL_DEPENDENCIES] npm http cache @babel/plugin-syntax-typescript@https://registry.npmjs.org/@babel/plugin-syntax-typescript/-/plugin-syntax-typescript-7.28.6.tgz 0ms (cache hit)
[INSTALL_DEPENDENCIES] npm http cache @babel/plugin-syntax-top-level-await@https://registry.npmjs.org/@babel/plugin-syntax-top-level-await/-/plugin-syntax-top-level-await-7.14.5.tgz 0ms (cache hit)
[INSTALL_DEPENDENCIES] npm http cache @babel/plugin-syntax-private-property-in-object@https://registry.npmjs.org/@babel/plugin-syntax-private-property-in-object/-/plugin-syntax-private-property-in-object-7.14.5.tgz 0ms (cache hit)
[INSTALL_DEPENDENCIES] npm http cache @babel/plugin-transform-arrow-functions@https://registry.npmjs.org/@babel/plugin-transform-arrow-functions/-/plugin-transform-arrow-functions-7.27.1.tgz 0ms (cache hit)
[INSTALL_DEPENDENCIES] npm http cache @babel/plugin-syntax-optional-chaining@https://registry.npmjs.org/@babel/plugin-syntax-optional-chaining/-/plugin-syntax-optional-chaining-7.8.3.tgz 0ms (cache hit)
[INSTALL_DEPENDENCIES] npm http cache @babel/plugin-syntax-object-rest-spread@https://registry.npmjs.org/@babel/plugin-syntax-object-rest-spread/-/plugin-syntax-object-rest-spread-7.8.3.tgz 0ms (cache hit)
[INSTALL_DEPENDENCIES] npm http cache @babel/plugin-syntax-optional-catch-binding@https://registry.npmjs.org/@babel/plugin-syntax-optional-catch-binding/-/plugin-syntax-optional-catch-binding-7.8.3.tgz 0ms (cache hit)
[INSTALL_DEPENDENCIES] npm http cache @babel/plugin-syntax-numeric-separator@https://registry.npmjs.org/@babel/plugin-syntax-numeric-separator/-/plugin-syntax-numeric-separator-7.10.4.tgz 0ms (cache hit)
[INSTALL_DEPENDENCIES] npm http cache @babel/plugin-syntax-jsx@https://registry.npmjs.org/@babel/plugin-syntax-jsx/-/plugin-syntax-jsx-7.28.6.tgz 0ms (cache hit)
[INSTALL_DEPENDENCIES] npm http cache @babel/plugin-syntax-nullish-coalescing-operator@https://registry.npmjs.org/@babel/plugin-syntax-nullish-coalescing-operator/-/plugin-syntax-nullish-coalescing-operator-7.8.3.tgz 0ms (cache hit)
[INSTALL_DEPENDENCIES] npm http cache @babel/plugin-syntax-logical-assignment-operators@https://registry.npmjs.org/@babel/plugin-syntax-logical-assignment-operators/-/plugin-syntax-logical-assignment-operators-7.10.4.tgz 0ms (cache hit)
[INSTALL_DEPENDENCIES] npm http cache @babel/plugin-syntax-json-strings@https://registry.npmjs.org/@babel/plugin-syntax-json-strings/-/plugin-syntax-json-strings-7.8.3.tgz 1ms (cache hit)
[INSTALL_DEPENDENCIES] npm http cache @babel/plugin-syntax-import-meta@https://registry.npmjs.org/@babel/plugin-syntax-import-meta/-/plugin-syntax-import-meta-7.10.4.tgz 0ms (cache hit)
[INSTALL_DEPENDENCIES] npm http cache @babel/plugin-syntax-import-attributes@https://registry.npmjs.org/@babel/plugin-syntax-import-attributes/-/plugin-syntax-import-attributes-7.28.6.tgz 0ms (cache hit)
[INSTALL_DEPENDENCIES] npm http cache @babel/plugin-syntax-flow@https://registry.npmjs.org/@babel/plugin-syntax-flow/-/plugin-syntax-flow-7.28.6.tgz 0ms (cache hit)
[INSTALL_DEPENDENCIES] npm http cache @babel/plugin-syntax-dynamic-import@https://registry.npmjs.org/@babel/plugin-syntax-dynamic-import/-/plugin-syntax-dynamic-import-7.8.3.tgz 0ms (cache hit)
[INSTALL_DEPENDENCIES] npm http cache @babel/plugin-syntax-decorators@https://registry.npmjs.org/@babel/plugin-syntax-decorators/-/plugin-syntax-decorators-7.28.6.tgz 0ms (cache hit)
[INSTALL_DEPENDENCIES] npm http cache @babel/plugin-syntax-class-static-block@https://registry.npmjs.org/@babel/plugin-syntax-class-static-block/-/plugin-syntax-class-static-block-7.14.5.tgz 0ms (cache hit)
[INSTALL_DEPENDENCIES] npm http cache @babel/plugin-syntax-export-default-from@https://registry.npmjs.org/@babel/plugin-syntax-export-default-from/-/plugin-syntax-export-default-from-7.28.6.tgz 0ms (cache hit)
[INSTALL_DEPENDENCIES] npm http cache @babel/plugin-syntax-class-properties@https://registry.npmjs.org/@babel/plugin-syntax-class-properties/-/plugin-syntax-class-properties-7.12.13.tgz 0ms (cache hit)
[INSTALL_DEPENDENCIES] npm http cache @babel/plugin-syntax-async-generators@https://registry.npmjs.org/@babel/plugin-syntax-async-generators/-/plugin-syntax-async-generators-7.8.4.tgz 0ms (cache hit)
[INSTALL_DEPENDENCIES] npm http cache @babel/plugin-syntax-bigint@https://registry.npmjs.org/@babel/plugin-syntax-bigint/-/plugin-syntax-bigint-7.8.3.tgz 0ms (cache hit)
[INSTALL_DEPENDENCIES] npm http cache @babel/plugin-proposal-decorators@https://registry.npmjs.org/@babel/plugin-proposal-decorators/-/plugin-proposal-decorators-7.29.0.tgz 0ms (cache hit)
[INSTALL_DEPENDENCIES] npm http cache @babel/parser@https://registry.npmjs.org/@babel/parser/-/parser-7.29.0.tgz 0ms (cache hit)
[INSTALL_DEPENDENCIES] npm http cache @babel/highlight@https://registry.npmjs.org/@babel/highlight/-/highlight-7.25.9.tgz 0ms (cache hit)
[INSTALL_DEPENDENCIES] npm http cache @babel/plugin-proposal-export-default-from@https://registry.npmjs.org/@babel/plugin-proposal-export-default-from/-/plugin-proposal-export-default-from-7.27.1.tgz 0ms (cache hit)
[INSTALL_DEPENDENCIES] npm http cache @babel/helper-wrap-function@https://registry.npmjs.org/@babel/helper-wrap-function/-/helper-wrap-function-7.28.6.tgz 0ms (cache hit)
[INSTALL_DEPENDENCIES] npm http cache @babel/helper-validator-option@https://registry.npmjs.org/@babel/helper-validator-option/-/helper-validator-option-7.27.1.tgz 0ms (cache hit)
[INSTALL_DEPENDENCIES] npm http cache @babel/helper-validator-identifier@https://registry.npmjs.org/@babel/helper-validator-identifier/-/helper-validator-identifier-7.28.5.tgz 0ms (cache hit)
[INSTALL_DEPENDENCIES] npm http cache @babel/helper-replace-supers@https://registry.npmjs.org/@babel/helper-replace-supers/-/helper-replace-supers-7.28.6.tgz 0ms (cache hit)
[INSTALL_DEPENDENCIES] npm http cache @babel/helper-skip-transparent-expression-wrappers@https://registry.npmjs.org/@babel/helper-skip-transparent-expression-wrappers/-/helper-skip-transparent-expression-wrappers-7.27.1.tgz 0ms (cache hit)
[INSTALL_DEPENDENCIES] npm http cache @babel/helper-remap-async-to-generator@https://registry.npmjs.org/@babel/helper-remap-async-to-generator/-/helper-remap-async-to-generator-7.27.1.tgz 0ms (cache hit)
[INSTALL_DEPENDENCIES] npm http cache @babel/helper-string-parser@https://registry.npmjs.org/@babel/helper-string-parser/-/helper-string-parser-7.27.1.tgz 0ms (cache hit)
[INSTALL_DEPENDENCIES] npm http cache @babel/helper-optimise-call-expression@https://registry.npmjs.org/@babel/helper-optimise-call-expression/-/helper-optimise-call-expression-7.27.1.tgz 0ms (cache hit)
[INSTALL_DEPENDENCIES] npm http cache @babel/helper-module-transforms@https://registry.npmjs.org/@babel/helper-module-transforms/-/helper-module-transforms-7.28.6.tgz 0ms (cache hit)
[INSTALL_DEPENDENCIES] npm http cache @babel/helper-plugin-utils@https://registry.npmjs.org/@babel/helper-plugin-utils/-/helper-plugin-utils-7.28.6.tgz 0ms (cache hit)
[INSTALL_DEPENDENCIES] npm http cache @babel/helper-globals@https://registry.npmjs.org/@babel/helper-globals/-/helper-globals-7.28.0.tgz 0ms (cache hit)
[INSTALL_DEPENDENCIES] npm http cache @babel/helper-member-expression-to-functions@https://registry.npmjs.org/@babel/helper-member-expression-to-functions/-/helper-member-expression-to-functions-7.28.5.tgz 0ms (cache hit)
[INSTALL_DEPENDENCIES] npm http cache @babel/helper-define-polyfill-provider@https://registry.npmjs.org/@babel/helper-define-polyfill-provider/-/helper-define-polyfill-provider-0.6.7.tgz 0ms (cache hit)
[INSTALL_DEPENDENCIES] npm http cache @babel/helper-module-imports@https://registry.npmjs.org/@babel/helper-module-imports/-/helper-module-imports-7.28.6.tgz 0ms (cache hit)
[INSTALL_DEPENDENCIES] npm http cache @babel/helpers@https://registry.npmjs.org/@babel/helpers/-/helpers-7.28.6.tgz 0ms (cache hit)
[INSTALL_DEPENDENCIES] npm http cache @babel/helper-create-regexp-features-plugin@https://registry.npmjs.org/@babel/helper-create-regexp-features-plugin/-/helper-create-regexp-features-plugin-7.28.5.tgz 0ms (cache hit)
[INSTALL_DEPENDENCIES] npm http cache @babel/helper-create-class-features-plugin@https://registry.npmjs.org/@babel/helper-create-class-features-plugin/-/helper-create-class-features-plugin-7.28.6.tgz 0ms (cache hit)
[INSTALL_DEPENDENCIES] npm http cache @babel/helper-compilation-targets@https://registry.npmjs.org/@babel/helper-compilation-targets/-/helper-compilation-targets-7.28.6.tgz 0ms (cache hit)
[INSTALL_DEPENDENCIES] npm http cache @babel/generator@https://registry.npmjs.org/@babel/generator/-/generator-7.29.1.tgz 0ms (cache hit)
[INSTALL_DEPENDENCIES] npm http cache @babel/helper-annotate-as-pure@https://registry.npmjs.org/@babel/helper-annotate-as-pure/-/helper-annotate-as-pure-7.27.3.tgz 0ms (cache hit)
[INSTALL_DEPENDENCIES] npm http cache @babel/core@https://registry.npmjs.org/@babel/core/-/core-7.29.0.tgz 0ms (cache hit)
[INSTALL_DEPENDENCIES] npm http cache @babel/compat-data@https://registry.npmjs.org/@babel/compat-data/-/compat-data-7.29.0.tgz 0ms (cache hit)
[INSTALL_DEPENDENCIES] npm http cache @babel/code-frame@https://registry.npmjs.org/@babel/code-frame/-/code-frame-7.29.0.tgz 0ms (cache hit)
[INSTALL_DEPENDENCIES] npm http cache @0no-co/graphql.web@https://registry.npmjs.org/@0no-co/graphql.web/-/graphql.web-1.2.0.tgz 0ms (cache hit)
[INSTALL_DEPENDENCIES] npm http cache @alloc/quick-lru@https://registry.npmjs.org/@alloc/quick-lru/-/quick-lru-5.2.0.tgz 0ms (cache hit)
[INSTALL_DEPENDENCIES] npm http cache xmlbuilder@https://registry.npmjs.org/xmlbuilder/-/xmlbuilder-11.0.1.tgz 0ms (cache hit)
[INSTALL_DEPENDENCIES] npm http cache webidl-conversions@https://registry.npmjs.org/webidl-conversions/-/webidl-conversions-5.0.0.tgz 0ms (cache hit)
[INSTALL_DEPENDENCIES] npm http cache @radix-ui/react-slot@https://registry.npmjs.org/@radix-ui/react-slot/-/react-slot-1.2.3.tgz 0ms (cache hit)
[INSTALL_DEPENDENCIES] npm http cache @radix-ui/react-presence@https://registry.npmjs.org/@radix-ui/react-presence/-/react-presence-1.1.5.tgz 0ms (cache hit)
[INSTALL_DEPENDENCIES] npm http cache @radix-ui/react-primitive@https://registry.npmjs.org/@radix-ui/react-primitive/-/react-primitive-2.1.3.tgz 0ms (cache hit)
[INSTALL_DEPENDENCIES] npm http cache @radix-ui/react-portal@https://registry.npmjs.org/@radix-ui/react-portal/-/react-portal-1.1.9.tgz 0ms (cache hit)
[INSTALL_DEPENDENCIES] npm http cache @radix-ui/react-focus-scope@https://registry.npmjs.org/@radix-ui/react-focus-scope/-/react-focus-scope-1.1.7.tgz 0ms (cache hit)
[INSTALL_DEPENDENCIES] npm http cache @radix-ui/react-dismissable-layer@https://registry.npmjs.org/@radix-ui/react-dismissable-layer/-/react-dismissable-layer-1.1.11.tgz 0ms (cache hit)
[INSTALL_DEPENDENCIES] npm http cache @radix-ui/react-dialog@https://registry.npmjs.org/@radix-ui/react-dialog/-/react-dialog-1.1.15.tgz 0ms (cache hit)
[INSTALL_DEPENDENCIES] npm http cache json5@https://registry.npmjs.org/json5/-/json5-1.0.2.tgz 0ms (cache hit)
[INSTALL_DEPENDENCIES] npm http cache picomatch@https://registry.npmjs.org/picomatch/-/picomatch-4.0.3.tgz 0ms (cache hit)
[INSTALL_DEPENDENCIES] npm http cache fdir@https://registry.npmjs.org/fdir/-/fdir-6.5.0.tgz 0ms (cache hit)
[INSTALL_DEPENDENCIES] npm http cache glob@https://registry.npmjs.org/glob/-/glob-7.2.3.tgz 0ms (cache hit)
[INSTALL_DEPENDENCIES] npm http cache commander@https://registry.npmjs.org/commander/-/commander-2.20.3.tgz 0ms (cache hit)
[INSTALL_DEPENDENCIES] npm http cache commander@https://registry.npmjs.org/commander/-/commander-4.1.1.tgz 0ms (cache hit)
[INSTALL_DEPENDENCIES] npm http cache yallist@https://registry.npmjs.org/yallist/-/yallist-5.0.0.tgz 0ms (cache hit)
[INSTALL_DEPENDENCIES] npm http cache escape-string-regexp@https://registry.npmjs.org/escape-string-regexp/-/escape-string-regexp-2.0.0.tgz 0ms (cache hit)
[INSTALL_DEPENDENCIES] npm http cache source-map@https://registry.npmjs.org/source-map/-/source-map-0.6.1.tgz 0ms (cache hit)
[INSTALL_DEPENDENCIES] npm http cache semver@https://registry.npmjs.org/semver/-/semver-7.7.4.tgz 0ms (cache hit)
[INSTALL_DEPENDENCIES] npm http cache encodeurl@https://registry.npmjs.org/encodeurl/-/encodeurl-2.0.0.tgz 0ms (cache hit)
[INSTALL_DEPENDENCIES] npm http cache statuses@https://registry.npmjs.org/statuses/-/statuses-2.0.2.tgz 0ms (cache hit)
[INSTALL_DEPENDENCIES] npm http cache on-finished@https://registry.npmjs.org/on-finished/-/on-finished-2.4.1.tgz 0ms (cache hit)
[INSTALL_DEPENDENCIES] npm http cache encodeurl@https://registry.npmjs.org/encodeurl/-/encodeurl-2.0.0.tgz 0ms (cache hit)
[INSTALL_DEPENDENCIES] npm http cache debug@https://registry.npmjs.org/debug/-/debug-2.6.9.tgz 0ms (cache hit)
[INSTALL_DEPENDENCIES] npm http cache glob@https://registry.npmjs.org/glob/-/glob-7.2.3.tgz 0ms (cache hit)
[INSTALL_DEPENDENCIES] npm http cache resolve@https://registry.npmjs.org/resolve/-/resolve-1.7.1.tgz 0ms (cache hit)
[INSTALL_DEPENDENCIES] npm http cache ms@https://registry.npmjs.org/ms/-/ms-2.0.0.tgz 0ms (cache hit)
[INSTALL_DEPENDENCIES] npm http cache semver@https://registry.npmjs.org/semver/-/semver-7.7.2.tgz 0ms (cache hit)
[INSTALL_DEPENDENCIES] npm http cache memoize-one@https://registry.npmjs.org/memoize-one/-/memoize-one-6.0.0.tgz 0ms (cache hit)
[INSTALL_DEPENDENCIES] npm http cache @react-native/normalize-colors@https://registry.npmjs.org/@react-native/normalize-colors/-/normalize-colors-0.74.89.tgz 0ms (cache hit)
[INSTALL_DEPENDENCIES] npm http cache semver@https://registry.npmjs.org/semver/-/semver-7.7.2.tgz 0ms (cache hit)
[INSTALL_DEPENDENCIES] npm http cache ws@https://registry.npmjs.org/ws/-/ws-6.2.3.tgz 0ms (cache hit)
[INSTALL_DEPENDENCIES] npm http cache semver@https://registry.npmjs.org/semver/-/semver-7.7.4.tgz 0ms (cache hit)
[INSTALL_DEPENDENCIES] npm http cache glob@https://registry.npmjs.org/glob/-/glob-7.2.3.tgz 0ms (cache hit)
[INSTALL_DEPENDENCIES] npm http cache commander@https://registry.npmjs.org/commander/-/commander-12.1.0.tgz 0ms (cache hit)
[INSTALL_DEPENDENCIES] npm http cache @react-native/virtualized-lists@https://registry.npmjs.org/@react-native/virtualized-lists/-/virtualized-lists-0.81.5.tgz 0ms (cache hit)
[INSTALL_DEPENDENCIES] npm http cache strip-json-comments@https://registry.npmjs.org/strip-json-comments/-/strip-json-comments-2.0.1.tgz 0ms (cache hit)
[INSTALL_DEPENDENCIES] npm http cache react-is@https://registry.npmjs.org/react-is/-/react-is-18.3.1.tgz 0ms (cache hit)
[INSTALL_DEPENDENCIES] npm http cache react-is@https://registry.npmjs.org/react-is/-/react-is-16.13.1.tgz 0ms (cache hit)
[INSTALL_DEPENDENCIES] npm http cache ansi-styles@https://registry.npmjs.org/ansi-styles/-/ansi-styles-5.2.0.tgz 0ms (cache hit)
[INSTALL_DEPENDENCIES] npm http cache lru-cache@https://registry.npmjs.org/lru-cache/-/lru-cache-11.2.6.tgz 0ms (cache hit)
[INSTALL_DEPENDENCIES] npm http cache supports-color@https://registry.npmjs.org/supports-color/-/supports-color-5.5.0.tgz 0ms (cache hit)
[INSTALL_DEPENDENCIES] npm http cache has-flag@https://registry.npmjs.org/has-flag/-/has-flag-3.0.0.tgz 0ms (cache hit)
[INSTALL_DEPENDENCIES] npm http cache escape-string-regexp@https://registry.npmjs.org/escape-string-regexp/-/escape-string-regexp-1.0.5.tgz 0ms (cache hit)
[INSTALL_DEPENDENCIES] npm http cache strip-ansi@https://registry.npmjs.org/strip-ansi/-/strip-ansi-5.2.0.tgz 0ms (cache hit)
[INSTALL_DEPENDENCIES] npm http cache color-convert@https://registry.npmjs.org/color-convert/-/color-convert-1.9.3.tgz 0ms (cache hit)
[INSTALL_DEPENDENCIES] npm http cache color-name@https://registry.npmjs.org/color-name/-/color-name-1.1.3.tgz 0ms (cache hit)
[INSTALL_DEPENDENCIES] npm http cache chalk@https://registry.npmjs.org/chalk/-/chalk-2.4.2.tgz 0ms (cache hit)
[INSTALL_DEPENDENCIES] npm http cache ansi-styles@https://registry.npmjs.org/ansi-styles/-/ansi-styles-3.2.1.tgz 0ms (cache hit)
[INSTALL_DEPENDENCIES] npm http cache ansi-regex@https://registry.npmjs.org/ansi-regex/-/ansi-regex-4.1.1.tgz 0ms (cache hit)
[INSTALL_DEPENDENCIES] npm http cache semver@https://registry.npmjs.org/semver/-/semver-7.7.4.tgz 0ms (cache hit)
[INSTALL_DEPENDENCIES] npm http cache semver@https://registry.npmjs.org/semver/-/semver-7.7.4.tgz 0ms (cache hit)
[INSTALL_DEPENDENCIES] npm http cache react-native-css-interop@https://registry.npmjs.org/react-native-css-interop/-/react-native-css-interop-0.2.2.tgz 0ms (cache hit)
[INSTALL_DEPENDENCIES] npm http cache lightningcss-darwin-arm64@https://registry.npmjs.org/lightningcss-darwin-arm64/-/lightningcss-darwin-arm64-1.27.0.tgz 0ms (cache hit)
[INSTALL_DEPENDENCIES] npm http cache lightningcss@https://registry.npmjs.org/lightningcss/-/lightningcss-1.27.0.tgz 0ms (cache hit)
[INSTALL_DEPENDENCIES] npm http cache detect-libc@https://registry.npmjs.org/detect-libc/-/detect-libc-1.0.3.tgz 0ms (cache hit)
[INSTALL_DEPENDENCIES] npm http cache hermes-estree@https://registry.npmjs.org/hermes-estree/-/hermes-estree-0.32.0.tgz 0ms (cache hit)
[INSTALL_DEPENDENCIES] npm http cache hermes-parser@https://registry.npmjs.org/hermes-parser/-/hermes-parser-0.32.0.tgz 0ms (cache hit)
[INSTALL_DEPENDENCIES] npm http cache hermes-parser@https://registry.npmjs.org/hermes-parser/-/hermes-parser-0.32.0.tgz 0ms (cache hit)
[INSTALL_DEPENDENCIES] npm http cache hermes-estree@https://registry.npmjs.org/hermes-estree/-/hermes-estree-0.32.0.tgz 0ms (cache hit)
[INSTALL_DEPENDENCIES] npm http cache supports-color@https://registry.npmjs.org/supports-color/-/supports-color-5.5.0.tgz 0ms (cache hit)
[INSTALL_DEPENDENCIES] npm http cache escape-string-regexp@https://registry.npmjs.org/escape-string-regexp/-/escape-string-regexp-1.0.5.tgz 0ms (cache hit)
[INSTALL_DEPENDENCIES] npm http cache has-flag@https://registry.npmjs.org/has-flag/-/has-flag-3.0.0.tgz 0ms (cache hit)
[INSTALL_DEPENDENCIES] npm http cache color-convert@https://registry.npmjs.org/color-convert/-/color-convert-1.9.3.tgz 0ms (cache hit)
[INSTALL_DEPENDENCIES] npm http cache chalk@https://registry.npmjs.org/chalk/-/chalk-2.4.2.tgz 0ms (cache hit)
[INSTALL_DEPENDENCIES] npm http cache ansi-styles@https://registry.npmjs.org/ansi-styles/-/ansi-styles-3.2.1.tgz 0ms (cache hit)
[INSTALL_DEPENDENCIES] npm http cache color-name@https://registry.npmjs.org/color-name/-/color-name-1.1.3.tgz 0ms (cache hit)
[INSTALL_DEPENDENCIES] npm http cache debug@https://registry.npmjs.org/debug/-/debug-2.6.9.tgz 0ms (cache hit)
[INSTALL_DEPENDENCIES] npm http cache ms@https://registry.npmjs.org/ms/-/ms-2.0.0.tgz 0ms (cache hit)
[INSTALL_DEPENDENCIES] npm http cache supports-color@https://registry.npmjs.org/supports-color/-/supports-color-8.1.1.tgz 0ms (cache hit)
[INSTALL_DEPENDENCIES] npm http cache ci-info@https://registry.npmjs.org/ci-info/-/ci-info-3.9.0.tgz 0ms (cache hit)
[INSTALL_DEPENDENCIES] npm http cache statuses@https://registry.npmjs.org/statuses/-/statuses-2.0.2.tgz 0ms (cache hit)
[INSTALL_DEPENDENCIES] npm http cache semver@https://registry.npmjs.org/semver/-/semver-7.7.4.tgz 0ms (cache hit)
[INSTALL_DEPENDENCIES] npm http cache resolve-from@https://registry.npmjs.org/resolve-from/-/resolve-from-4.0.0.tgz 0ms (cache hit)
[INSTALL_DEPENDENCIES] npm http cache lru-cache@https://registry.npmjs.org/lru-cache/-/lru-cache-10.4.3.tgz 0ms (cache hit)
[INSTALL_DEPENDENCIES] npm http cache balanced-match@https://registry.npmjs.org/balanced-match/-/balanced-match-4.0.4.tgz 0ms (cache hit)
[INSTALL_DEPENDENCIES] npm http cache react-is@https://registry.npmjs.org/react-is/-/react-is-16.13.1.tgz 0ms (cache hit)
[INSTALL_DEPENDENCIES] npm http cache minimatch@https://registry.npmjs.org/minimatch/-/minimatch-10.2.4.tgz 0ms (cache hit)
[INSTALL_DEPENDENCIES] npm http cache rimraf@https://registry.npmjs.org/rimraf/-/rimraf-5.0.10.tgz 0ms (cache hit)
[INSTALL_DEPENDENCIES] npm http cache path-scurry@https://registry.npmjs.org/path-scurry/-/path-scurry-1.11.1.tgz 0ms (cache hit)
[INSTALL_DEPENDENCIES] npm http cache node-fetch@https://registry.npmjs.org/node-fetch/-/node-fetch-3.3.2.tgz 0ms (cache hit)
[INSTALL_DEPENDENCIES] npm http cache brace-expansion@https://registry.npmjs.org/brace-expansion/-/brace-expansion-5.0.4.tgz 0ms (cache hit)
[INSTALL_DEPENDENCIES] npm http cache minimatch@https://registry.npmjs.org/minimatch/-/minimatch-9.0.9.tgz 0ms (cache hit)
[INSTALL_DEPENDENCIES] npm http cache lru-cache@https://registry.npmjs.org/lru-cache/-/lru-cache-10.4.3.tgz 0ms (cache hit)
[INSTALL_DEPENDENCIES] npm http cache brace-expansion@https://registry.npmjs.org/brace-expansion/-/brace-expansion-2.0.2.tgz 0ms (cache hit)
[INSTALL_DEPENDENCIES] npm http cache glob@https://registry.npmjs.org/glob/-/glob-10.5.0.tgz 0ms (cache hit)
[INSTALL_DEPENDENCIES] npm http cache ms@https://registry.npmjs.org/ms/-/ms-2.0.0.tgz 0ms (cache hit)
[INSTALL_DEPENDENCIES] npm http cache signal-exit@https://registry.npmjs.org/signal-exit/-/signal-exit-4.1.0.tgz 0ms (cache hit)
[INSTALL_DEPENDENCIES] npm http cache promise@https://registry.npmjs.org/promise/-/promise-7.3.1.tgz 0ms (cache hit)
[INSTALL_DEPENDENCIES] npm http cache semver@https://registry.npmjs.org/semver/-/semver-7.6.3.tgz 0ms (cache hit)
[INSTALL_DEPENDENCIES] npm http cache glob-parent@https://registry.npmjs.org/glob-parent/-/glob-parent-5.1.2.tgz 0ms (cache hit)
[INSTALL_DEPENDENCIES] npm http cache debug@https://registry.npmjs.org/debug/-/debug-2.6.9.tgz 0ms (cache hit)
[INSTALL_DEPENDENCIES] npm http cache @radix-ui/react-tabs@https://registry.npmjs.org/@radix-ui/react-tabs/-/react-tabs-1.1.13.tgz 0ms (cache hit)
[INSTALL_DEPENDENCIES] npm http cache @radix-ui/react-roving-focus@https://registry.npmjs.org/@radix-ui/react-roving-focus/-/react-roving-focus-1.1.11.tgz 0ms (cache hit)
[INSTALL_DEPENDENCIES] npm http cache @radix-ui/react-slot@https://registry.npmjs.org/@radix-ui/react-slot/-/react-slot-1.2.3.tgz 0ms (cache hit)
[INSTALL_DEPENDENCIES] npm http cache @radix-ui/react-primitive@https://registry.npmjs.org/@radix-ui/react-primitive/-/react-primitive-2.1.3.tgz 0ms (cache hit)
[INSTALL_DEPENDENCIES] npm http cache @radix-ui/react-collection@https://registry.npmjs.org/@radix-ui/react-collection/-/react-collection-1.1.7.tgz 0ms (cache hit)
[INSTALL_DEPENDENCIES] npm http cache @radix-ui/react-presence@https://registry.npmjs.org/@radix-ui/react-presence/-/react-presence-1.1.5.tgz 0ms (cache hit)
[INSTALL_DEPENDENCIES] npm http cache ws@https://registry.npmjs.org/ws/-/ws-8.19.0.tgz 0ms (cache hit)
[INSTALL_DEPENDENCIES] npm http cache semver@https://registry.npmjs.org/semver/-/semver-7.7.4.tgz 0ms (cache hit)
[INSTALL_DEPENDENCIES] npm http cache picomatch@https://registry.npmjs.org/picomatch/-/picomatch-3.0.1.tgz 0ms (cache hit)
[INSTALL_DEPENDENCIES] npm http cache ci-info@https://registry.npmjs.org/ci-info/-/ci-info-3.9.0.tgz 0ms (cache hit)
[INSTALL_DEPENDENCIES] npm http cache minimatch@https://registry.npmjs.org/minimatch/-/minimatch-9.0.9.tgz 0ms (cache hit)
[INSTALL_DEPENDENCIES] npm http cache @radix-ui/react-slot@https://registry.npmjs.org/@radix-ui/react-slot/-/react-slot-1.2.3.tgz 0ms (cache hit)
[INSTALL_DEPENDENCIES] npm http cache brace-expansion@https://registry.npmjs.org/brace-expansion/-/brace-expansion-2.0.2.tgz 0ms (cache hit)
[INSTALL_DEPENDENCIES] npm http cache @expo/cli@https://registry.npmjs.org/@expo/cli/-/cli-54.0.23.tgz 0ms (cache hit)
[INSTALL_DEPENDENCIES] npm http cache debug@https://registry.npmjs.org/debug/-/debug-3.2.7.tgz 0ms (cache hit)
[INSTALL_DEPENDENCIES] npm http cache debug@https://registry.npmjs.org/debug/-/debug-3.2.7.tgz 0ms (cache hit)
[INSTALL_DEPENDENCIES] npm http cache globals@https://registry.npmjs.org/globals/-/globals-16.5.0.tgz 0ms (cache hit)
[INSTALL_DEPENDENCIES] npm http cache debug@https://registry.npmjs.org/debug/-/debug-3.2.7.tgz 0ms (cache hit)
[INSTALL_DEPENDENCIES] npm http cache ms@https://registry.npmjs.org/ms/-/ms-2.0.0.tgz 0ms (cache hit)
[INSTALL_DEPENDENCIES] npm http cache negotiator@https://registry.npmjs.org/negotiator/-/negotiator-0.6.4.tgz 0ms (cache hit)
[INSTALL_DEPENDENCIES] npm http cache resolve@https://registry.npmjs.org/resolve/-/resolve-2.0.0-next.6.tgz 0ms (cache hit)
[INSTALL_DEPENDENCIES] npm http cache debug@https://registry.npmjs.org/debug/-/debug-2.6.9.tgz 0ms (cache hit)
[INSTALL_DEPENDENCIES] npm http cache debug@https://registry.npmjs.org/debug/-/debug-2.6.9.tgz 0ms (cache hit)
[INSTALL_DEPENDENCIES] npm http cache glob-parent@https://registry.npmjs.org/glob-parent/-/glob-parent-5.1.2.tgz 0ms (cache hit)
[INSTALL_DEPENDENCIES] npm http cache open@https://registry.npmjs.org/open/-/open-8.4.2.tgz 0ms (cache hit)
[INSTALL_DEPENDENCIES] npm http cache type-fest@https://registry.npmjs.org/type-fest/-/type-fest-0.21.3.tgz 0ms (cache hit)
[INSTALL_DEPENDENCIES] npm http cache ms@https://registry.npmjs.org/ms/-/ms-2.0.0.tgz 0ms (cache hit)
[INSTALL_DEPENDENCIES] npm http cache eslint-visitor-keys@https://registry.npmjs.org/eslint-visitor-keys/-/eslint-visitor-keys-5.0.1.tgz 0ms (cache hit)
[INSTALL_DEPENDENCIES] npm http cache semver@https://registry.npmjs.org/semver/-/semver-7.7.4.tgz 0ms (cache hit)
[INSTALL_DEPENDENCIES] npm http cache minimatch@https://registry.npmjs.org/minimatch/-/minimatch-10.2.4.tgz 0ms (cache hit)
[INSTALL_DEPENDENCIES] npm http cache ignore@https://registry.npmjs.org/ignore/-/ignore-7.0.5.tgz 0ms (cache hit)
[INSTALL_DEPENDENCIES] npm http cache balanced-match@https://registry.npmjs.org/balanced-match/-/balanced-match-4.0.4.tgz 0ms (cache hit)
[INSTALL_DEPENDENCIES] npm http cache ws@https://registry.npmjs.org/ws/-/ws-6.2.3.tgz 0ms (cache hit)
[INSTALL_DEPENDENCIES] npm http cache brace-expansion@https://registry.npmjs.org/brace-expansion/-/brace-expansion-5.0.4.tgz 0ms (cache hit)
[INSTALL_DEPENDENCIES] npm http cache semver@https://registry.npmjs.org/semver/-/semver-7.7.4.tgz 0ms (cache hit)
[INSTALL_DEPENDENCIES] npm http cache glob@https://registry.npmjs.org/glob/-/glob-7.2.3.tgz 0ms (cache hit)
[INSTALL_DEPENDENCIES] npm http cache p-locate@https://registry.npmjs.org/p-locate/-/p-locate-4.1.0.tgz 0ms (cache hit)
[INSTALL_DEPENDENCIES] npm http cache js-yaml@https://registry.npmjs.org/js-yaml/-/js-yaml-3.14.2.tgz 0ms (cache hit)
[INSTALL_DEPENDENCIES] npm http cache find-up@https://registry.npmjs.org/find-up/-/find-up-4.1.0.tgz 0ms (cache hit)
[INSTALL_DEPENDENCIES] npm http cache p-limit@https://registry.npmjs.org/p-limit/-/p-limit-2.3.0.tgz 0ms (cache hit)
[INSTALL_DEPENDENCIES] npm http cache locate-path@https://registry.npmjs.org/locate-path/-/locate-path-5.0.0.tgz 0ms (cache hit)
[INSTALL_DEPENDENCIES] npm http cache argparse@https://registry.npmjs.org/argparse/-/argparse-1.0.10.tgz 0ms (cache hit)
[INSTALL_DEPENDENCIES] npm http cache string-width@https://registry.npmjs.org/string-width/-/string-width-5.1.2.tgz 0ms (cache hit)
[INSTALL_DEPENDENCIES] npm http cache wrap-ansi@https://registry.npmjs.org/wrap-ansi/-/wrap-ansi-8.1.0.tgz 0ms (cache hit)
[INSTALL_DEPENDENCIES] npm http cache strip-ansi@https://registry.npmjs.org/strip-ansi/-/strip-ansi-7.2.0.tgz 0ms (cache hit)
[INSTALL_DEPENDENCIES] npm http cache ansi-styles@https://registry.npmjs.org/ansi-styles/-/ansi-styles-6.2.3.tgz 0ms (cache hit)
[INSTALL_DEPENDENCIES] npm http cache ansi-regex@https://registry.npmjs.org/ansi-regex/-/ansi-regex-6.2.2.tgz 0ms (cache hit)
[INSTALL_DEPENDENCIES] npm http cache camelcase@https://registry.npmjs.org/camelcase/-/camelcase-5.3.1.tgz 0ms (cache hit)
[INSTALL_DEPENDENCIES] npm http cache emoji-regex@https://registry.npmjs.org/emoji-regex/-/emoji-regex-9.2.2.tgz 0ms (cache hit)
[INSTALL_DEPENDENCIES] npm http cache semver@https://registry.npmjs.org/semver/-/semver-7.7.4.tgz 0ms (cache hit)
[INSTALL_DEPENDENCIES] npm http cache brace-expansion@https://registry.npmjs.org/brace-expansion/-/brace-expansion-2.0.2.tgz 0ms (cache hit)
[INSTALL_DEPENDENCIES] npm http cache minimatch@https://registry.npmjs.org/minimatch/-/minimatch-9.0.9.tgz 0ms (cache hit)
[INSTALL_DEPENDENCIES] npm http cache semver@https://registry.npmjs.org/semver/-/semver-7.7.4.tgz 0ms (cache hit)
[INSTALL_DEPENDENCIES] npm http cache ws@https://registry.npmjs.org/ws/-/ws-8.19.0.tgz 0ms (cache hit)
[INSTALL_DEPENDENCIES] npm http cache minimatch@https://registry.npmjs.org/minimatch/-/minimatch-9.0.9.tgz 0ms (cache hit)
[INSTALL_DEPENDENCIES] npm http cache semver@https://registry.npmjs.org/semver/-/semver-7.7.4.tgz 0ms (cache hit)
[INSTALL_DEPENDENCIES] npm http cache brace-expansion@https://registry.npmjs.org/brace-expansion/-/brace-expansion-2.0.2.tgz 0ms (cache hit)
[INSTALL_DEPENDENCIES] npm http cache semver@https://registry.npmjs.org/semver/-/semver-7.7.4.tgz 0ms (cache hit)
[INSTALL_DEPENDENCIES] npm http cache debug@https://registry.npmjs.org/debug/-/debug-3.2.7.tgz 0ms (cache hit)
[INSTALL_DEPENDENCIES] npm http cache semver@https://registry.npmjs.org/semver/-/semver-7.7.4.tgz 0ms (cache hit)
[INSTALL_DEPENDENCIES] npm http cache supports-color@https://registry.npmjs.org/supports-color/-/supports-color-5.5.0.tgz 0ms (cache hit)
[INSTALL_DEPENDENCIES] npm http cache @babel/code-frame@https://registry.npmjs.org/@babel/code-frame/-/code-frame-7.10.4.tgz 0ms (cache hit)
[INSTALL_DEPENDENCIES] npm http cache has-flag@https://registry.npmjs.org/has-flag/-/has-flag-3.0.0.tgz 0ms (cache hit)
[INSTALL_DEPENDENCIES] npm http cache eslint-visitor-keys@https://registry.npmjs.org/eslint-visitor-keys/-/eslint-visitor-keys-3.4.3.tgz 0ms (cache hit)
[INSTALL_DEPENDENCIES] npm http cache escape-string-regexp@https://registry.npmjs.org/escape-string-regexp/-/escape-string-regexp-1.0.5.tgz 0ms (cache hit)
[INSTALL_DEPENDENCIES] npm http cache chalk@https://registry.npmjs.org/chalk/-/chalk-2.4.2.tgz 0ms (cache hit)
[INSTALL_DEPENDENCIES] npm http cache color-convert@https://registry.npmjs.org/color-convert/-/color-convert-1.9.3.tgz 0ms (cache hit)
[INSTALL_DEPENDENCIES] npm http cache color-name@https://registry.npmjs.org/color-name/-/color-name-1.1.3.tgz 0ms (cache hit)
[INSTALL_DEPENDENCIES] npm http cache ansi-styles@https://registry.npmjs.org/ansi-styles/-/ansi-styles-3.2.1.tgz 0ms (cache hit)
[INSTALL_DEPENDENCIES] npm warn deprecated inflight@1.0.6: This module is not supported, and leaks memory. Do not use it. Check out lru-cache if you want a good and tested way to coalesce async requests by a key value, which is much more comprehensive and powerful.
[INSTALL_DEPENDENCIES] npm warn deprecated rimraf@3.0.2: Rimraf versions prior to v4 are no longer supported
[INSTALL_DEPENDENCIES] npm warn deprecated glob@7.2.3: Old versions of glob are not supported, and contain widely publicized security vulnerabilities, which have been fixed in the current version. Please update. Support for old versions may be purchased (at exorbitant rates) by contacting i@izs.me
[INSTALL_DEPENDENCIES] npm warn deprecated glob@7.2.3: Old versions of glob are not supported, and contain widely publicized security vulnerabilities, which have been fixed in the current version. Please update. Support for old versions may be purchased (at exorbitant rates) by contacting i@izs.me
[INSTALL_DEPENDENCIES] npm warn deprecated glob@7.2.3: Old versions of glob are not supported, and contain widely publicized security vulnerabilities, which have been fixed in the current version. Please update. Support for old versions may be purchased (at exorbitant rates) by contacting i@izs.me
[INSTALL_DEPENDENCIES] npm warn deprecated glob@7.2.3: Old versions of glob are not supported, and contain widely publicized security vulnerabilities, which have been fixed in the current version. Please update. Support for old versions may be purchased (at exorbitant rates) by contacting i@izs.me
[INSTALL_DEPENDENCIES] npm http fetch POST 200 https://registry.npmjs.org/-/npm/v1/security/advisories/bulk 1031ms
[INSTALL_DEPENDENCIES] npm http cache https://registry.npmjs.org/picomatch 120ms (cache hit)
[INSTALL_DEPENDENCIES] npm http cache https://registry.npmjs.org/brace-expansion 122ms (cache hit)
[INSTALL_DEPENDENCIES] npm http cache https://registry.npmjs.org/undici 122ms (cache hit)
[INSTALL_DEPENDENCIES] npm http cache https://registry.npmjs.org/@xmldom%2fxmldom 124ms (cache hit)
[INSTALL_DEPENDENCIES] npm http cache https://registry.npmjs.org/flatted 125ms (cache hit)
[INSTALL_DEPENDENCIES] npm http cache https://registry.npmjs.org/node-forge 125ms (cache hit)
[INSTALL_DEPENDENCIES] npm http cache https://registry.npmjs.org/yaml 126ms (cache hit)
[INSTALL_DEPENDENCIES] npm http cache https://registry.npmjs.org/minimatch 71ms (cache hit)
[INSTALL_DEPENDENCIES] npm http cache https://registry.npmjs.org/plist 56ms (cache hit)
[INSTALL_DEPENDENCIES] npm http cache https://registry.npmjs.org/@expo%2fplist 57ms (cache hit)
[INSTALL_DEPENDENCIES] npm http cache https://registry.npmjs.org/anymatch 27ms (cache hit)
[INSTALL_DEPENDENCIES] npm http cache https://registry.npmjs.org/micromatch 27ms (cache hit)
[INSTALL_DEPENDENCIES] npm http cache https://registry.npmjs.org/readdirp 28ms (cache hit)
[INSTALL_DEPENDENCIES] npm http cache https://registry.npmjs.org/jest-util 29ms (cache hit)
[INSTALL_DEPENDENCIES] npm warn deprecated node-domexception@1.0.0: Use your platform's native DOMException instead
[INSTALL_DEPENDENCIES] npm http cache https://registry.npmjs.org/@expo%2fcli 29ms (cache hit)
[INSTALL_DEPENDENCIES] npm http cache https://registry.npmjs.org/tinyglobby 61ms (cache hit)
[INSTALL_DEPENDENCIES] npm http cache https://registry.npmjs.org/fdir 62ms (cache hit)
[INSTALL_DEPENDENCIES] npm http cache https://registry.npmjs.org/flat-cache 17ms (cache hit)
[INSTALL_DEPENDENCIES] npm http cache https://registry.npmjs.org/@expo%2fcode-signing-certificates 19ms (cache hit)
[INSTALL_DEPENDENCIES] npm http cache https://registry.npmjs.org/metro-config 16ms (cache hit)
[INSTALL_DEPENDENCIES] npm http cache https://registry.npmjs.org/postcss-load-config 17ms (cache hit)
[INSTALL_DEPENDENCIES] npm warn deprecated glob@10.5.0: Old versions of glob are not supported, and contain widely publicized security vulnerabilities, which have been fixed in the current version. Please update. Support for old versions may be purchased (at exorbitant rates) by contacting i@izs.me
[INSTALL_DEPENDENCIES] npm info run sharp@0.34.5 install node_modules/sharp node install/check.js || npm run build
[INSTALL_DEPENDENCIES] npm info run sharp@0.34.5 install { code: 0, signal: null }
[INSTALL_DEPENDENCIES] npm info run protobufjs@7.5.4 postinstall node_modules/protobufjs node scripts/postinstall
[INSTALL_DEPENDENCIES] npm info run unrs-resolver@1.11.1 postinstall node_modules/unrs-resolver napi-postinstall unrs-resolver 1.11.1 check
[INSTALL_DEPENDENCIES] npm info run protobufjs@7.5.4 postinstall { code: 0, signal: null }
[INSTALL_DEPENDENCIES] npm info run unrs-resolver@1.11.1 postinstall { code: 0, signal: null }
[INSTALL_DEPENDENCIES] added 1030 packages, and audited 1031 packages in 5s
[INSTALL_DEPENDENCIES] 198 packages are looking for funding
[INSTALL_DEPENDENCIES]   run `npm fund` for details
[INSTALL_DEPENDENCIES] 7 vulnerabilities (2 moderate, 5 high)
[INSTALL_DEPENDENCIES] 
[INSTALL_DEPENDENCIES] To address all issues, run:
[INSTALL_DEPENDENCIES]   npm audit fix
[INSTALL_DEPENDENCIES] 
[INSTALL_DEPENDENCIES] Run `npm audit` for details.
[INSTALL_DEPENDENCIES] npm verbose cwd /private/var/folders/5k/ynsqf8ds51b74h1c4xn_m83c0000gn/T/eas-build-local-nodejs/***/build
[INSTALL_DEPENDENCIES] npm verbose os Darwin 25.3.0
[INSTALL_DEPENDENCIES] npm verbose node v25.4.0
[INSTALL_DEPENDENCIES] npm verbose npm  v11.7.0
[INSTALL_DEPENDENCIES] npm verbose exit 0
[INSTALL_DEPENDENCIES] npm info ok
The NODE_ENV environment variable is required but was not specified. Ensure the project is bundled with Expo CLI or NODE_ENV is set.
Proceeding without mode-specific .env
[READ_APP_CONFIG] Using app configuration:
[READ_APP_CONFIG] {
  "name": "gita",
  "slug": "gita",
  "version": "1.0.0",
  "orientation": "portrait",
  "icon": "./assets/images/icon.png",
  "scheme": "gita",
  "userInterfaceStyle": "automatic",
  "newArchEnabled": true,
  "ios": {
    "supportsTablet": true,
    "bundleIdentifier": "com.yourcompany.gita"
  },
  "android": {
    "package": "com.yourcompany.gita",
    "adaptiveIcon": {
      "backgroundColor": "#E6F4FE",
      "foregroundImage": "./assets/images/android-icon-foreground.png",
      "backgroundImage": "./assets/images/android-icon-background.png",
      "monochromeImage": "./assets/images/android-icon-monochrome.png"
    },
    "edgeToEdgeEnabled": true,
    "predictiveBackGestureEnabled": false
  },
  "web": {
    "output": "single",
    "favicon": "./assets/images/favicon.png"
  },
  "plugins": [
    "expo-router",
    "./modules/dharma-blocker/app.plugin.js",
    [
      "expo-splash-screen",
      {
        "image": "./assets/images/splash-icon.png",
        "imageWidth": 200,
        "resizeMode": "contain",
        "backgroundColor": "#ffffff",
        "dark": {
          "backgroundColor": "#000000"
        }
      }
    ],
    "expo-font",
    "@react-native-community/datetimepicker"
  ],
  "experiments": {
    "typedRoutes": true,
    "reactCompiler": true
  },
  "extra": {
    "router": {},
    "eas": {
      "projectId": "67cebb38-a773-4143-a639-e2b99efbb441"
    }
  },
  "owner": "alphawolf3382",
  "sdkVersion": "54.0.0",
  "platforms": [
    "ios",
    "android",
    "web"
  ],
  "androidStatusBar": {
    "backgroundColor": "#ffffff"
  }
}
[RUN_EXPO_DOCTOR] Running "expo doctor"
[RUN_EXPO_DOCTOR] Running 17 checks on your project...
[RUN_EXPO_DOCTOR] 16/17 checks passed. 1 checks failed. Possible issues detected:
[RUN_EXPO_DOCTOR] Use the --verbose flag to see more details about passed checks.
[RUN_EXPO_DOCTOR] 
[RUN_EXPO_DOCTOR] ✖ Check Expo config (app.json/ app.config.js) schema
[RUN_EXPO_DOCTOR] Error validating asset fields in /private/var/folders/5k/ynsqf8ds51b74h1c4xn_m83c0000gn/T/eas-build-local-nodejs/42048a89-3ab1-4c93-b6a5-e4c458600e6f/build/app.json:
[RUN_EXPO_DOCTOR]  Field: icon - the file extension should match the content, but the file extension is .png while the file content at './assets/images/icon.png' is of type jpg.
[RUN_EXPO_DOCTOR]  Field: icon - field 'icon' should point to .png image but the file at './assets/images/icon.png' has type jpg.
[RUN_EXPO_DOCTOR] Advice:
[RUN_EXPO_DOCTOR] Resolve schema errors in your app config. Learn more: https://docs.expo.dev/workflow/configuration/
[RUN_EXPO_DOCTOR] 1 check failed, indicating possible issues with the project.
[RUN_EXPO_DOCTOR] Command "expo doctor" failed.
Error: npx -y expo-doctor exited with non-zero code: 1
    at ChildProcess.completionListener (/Users/ncsr/.npm/_npx/7c5cb04dd06e9766/node_modules/@expo/spawn-async/build/spawnAsync.js:42:23)
    at Object.onceWrapper (node:events:623:12)
    at ChildProcess.emit (node:events:508:20)
    at maybeClose (node:internal/child_process:1084:16)
    at ChildProcess._handle.onexit (node:internal/child_process:304:5)
    ...
    at spawnAsync (/Users/ncsr/.npm/_npx/7c5cb04dd06e9766/node_modules/@expo/spawn-async/build/spawnAsync.js:7:23)
    at spawn (/Users/ncsr/.npm/_npx/7c5cb04dd06e9766/node_modules/@expo/turtle-spawn/dist/index.js:16:47)
    at runExpoDoctor (/Users/ncsr/.npm/_npx/7c5cb04dd06e9766/node_modules/@expo/build-tools/dist/common/setup.js:141:52)
    at async /Users/ncsr/.npm/_npx/7c5cb04dd06e9766/node_modules/@expo/build-tools/dist/common/setup.js:120:17
    at async BuildContext.runBuildPhase (/Users/ncsr/.npm/_npx/7c5cb04dd06e9766/node_modules/@expo/build-tools/dist/context.js:125:28)
    at async setupAsync (/Users/ncsr/.npm/_npx/7c5cb04dd06e9766/node_modules/@expo/build-tools/dist/common/setup.js:118:9)
    at async buildAsync (/Users/ncsr/.npm/_npx/7c5cb04dd06e9766/node_modules/@expo/build-tools/dist/builders/android.js:41:5)
    at async runBuilderWithHooksAsync (/Users/ncsr/.npm/_npx/7c5cb04dd06e9766/node_modules/@expo/build-tools/dist/builders/common.js:12:13)
    at async Object.androidBuilder (/Users/ncsr/.npm/_npx/7c5cb04dd06e9766/node_modules/@expo/build-tools/dist/builders/android.js:28:16)
    at async buildAndroidAsync (/Users/ncsr/.npm/_npx/7c5cb04dd06e9766/node_modules/eas-cli-local-build-plugin/dist/android.js:43:12)
[PREBUILD] - Creating native directory (./android)
[PREBUILD] ✔ Created native directory
[PREBUILD] - Updating package.json
[PREBUILD] ✔ Updated package.json | no changes
[PREBUILD] - Running prebuild
[PREBUILD] ✔ Finished prebuild
[PREBUILD] Running "npm install --include=dev --verbose" in /var/folders/5k/ynsqf8ds51b74h1c4xn_m83c0000gn/T/eas-build-local-nodejs/42048a89-3ab1-4c93-b6a5-e4c458600e6f/build directory
[PREBUILD] npm verbose cli /opt/homebrew/Cellar/node/25.4.0/bin/node /opt/homebrew/bin/npm
[PREBUILD] npm info using npm@11.7.0
[PREBUILD] npm info using node@v25.4.0
[PREBUILD] npm verbose title npm install
[PREBUILD] npm verbose argv "install" "--include" "dev" "--loglevel" "verbose"
[PREBUILD] npm verbose logfile logs-max:10 dir:/Users/ncsr/.npm/_logs/2026-04-01T01_59_15_147Z-
[PREBUILD] npm verbose logfile /Users/ncsr/.npm/_logs/2026-04-01T01_59_15_147Z-debug-0.log
[PREBUILD] npm verbose shrinkwrap failed to load node_modules/.package-lock.json out of date, updated: node_modules/nativewind/node_modules/react-native-css-interop
[PREBUILD] npm http fetch POST 200 https://registry.npmjs.org/-/npm/v1/security/advisories/bulk 444ms
[PREBUILD] npm http cache https://registry.npmjs.org/@xmldom%2fxmldom 21ms (cache hit)
[PREBUILD] npm http cache https://registry.npmjs.org/brace-expansion 22ms (cache hit)
[PREBUILD] npm http cache https://registry.npmjs.org/flatted 22ms (cache hit)
[PREBUILD] npm http cache https://registry.npmjs.org/node-forge 23ms (cache hit)
[PREBUILD] npm http cache https://registry.npmjs.org/undici 23ms (cache hit)
[PREBUILD] npm http cache https://registry.npmjs.org/picomatch 29ms (cache hit)
[PREBUILD] npm http cache https://registry.npmjs.org/yaml 29ms (cache hit)
[PREBUILD] npm http cache https://registry.npmjs.org/minimatch 2ms (cache hit)
[PREBUILD] npm http cache https://registry.npmjs.org/@expo%2fplist 2ms (cache hit)
[PREBUILD] npm http cache https://registry.npmjs.org/plist 3ms (cache hit)
[PREBUILD] npm http cache https://registry.npmjs.org/anymatch 2ms (cache hit)
[PREBUILD] npm http cache https://registry.npmjs.org/jest-util 3ms (cache hit)
[PREBUILD] npm http cache https://registry.npmjs.org/micromatch 4ms (cache hit)
[PREBUILD] npm http cache https://registry.npmjs.org/readdirp 5ms (cache hit)
[PREBUILD] npm http cache https://registry.npmjs.org/@expo%2fcli 2ms (cache hit)
[PREBUILD] npm http cache https://registry.npmjs.org/tinyglobby 2ms (cache hit)
[PREBUILD] npm http cache https://registry.npmjs.org/fdir 2ms (cache hit)
[PREBUILD] npm http cache https://registry.npmjs.org/flat-cache 1ms (cache hit)
[PREBUILD] npm http cache https://registry.npmjs.org/@expo%2fcode-signing-certificates 2ms (cache hit)
[PREBUILD] npm http cache https://registry.npmjs.org/postcss-load-config 1ms (cache hit)
[PREBUILD] npm http cache https://registry.npmjs.org/metro-config 2ms (cache hit)
[PREBUILD] up to date, audited 1031 packages in 949ms
[PREBUILD] 
[PREBUILD] 198 packages are looking for funding
[PREBUILD] run `npm fund` for details
[PREBUILD] 7 vulnerabilities (2 moderate, 5 high)
[PREBUILD] 
[PREBUILD] To address all issues, run:
[PREBUILD]   npm audit fix
[PREBUILD] 
[PREBUILD] Run `npm audit` for details.
[PREBUILD] npm verbose cwd /private/var/folders/5k/ynsqf8ds51b74h1c4xn_m83c0000gn/T/eas-build-local-nodejs/***/build
[PREBUILD] npm verbose os Darwin 25.3.0
[PREBUILD] npm verbose node v25.4.0
[PREBUILD] npm verbose npm  v11.7.0
[PREBUILD] npm verbose exit 0
[PREBUILD] npm info ok
[RESTORE_CACHE] Local builds do not support restoring cache
[CALCULATE_EXPO_UPDATES_RUNTIME_VERSION] Resolved expo-updates package version: null
[PREPARE_CREDENTIALS] Writing secrets to the project's directory
[PREPARE_CREDENTIALS] Injecting signing config into build.gradle
[PREPARE_CREDENTIALS] Signing config injected
[CONFIGURE_EXPO_UPDATES] Resolved expo-updates package version: null
[EAGER_BUNDLE] React Compiler enabled
[EAGER_BUNDLE] Starting Metro Bundler
[EAGER_BUNDLE] Android node_modules/expo-router/entry.js ▓▓▓▓▓▓▓▓▓░░░░░░░ 58.5% (661/864)
[EAGER_BUNDLE] Android Bundled 5580ms node_modules/expo-router/entry.js (1638 modules)
[EAGER_BUNDLE] Writing bundle output to: /var/folders/5k/ynsqf8ds51b74h1c4xn_m83c0000gn/T/1239td7lwkm/index.js
[EAGER_BUNDLE] Copying 87 asset files
[EAGER_BUNDLE] Done writing bundle output
[RUN_GRADLEW] Running 'gradlew :app:assembleRelease' in /var/folders/5k/ynsqf8ds51b74h1c4xn_m83c0000gn/T/eas-build-local-nodejs/42048a89-3ab1-4c93-b6a5-e4c458600e6f/build/android
[RUN_GRADLEW] Initialized native services in: /Users/ncsr/.gradle/native
[RUN_GRADLEW] Initialized jansi services in: /Users/ncsr/.gradle/native
[RUN_GRADLEW] The client will now receive all logging from the daemon (pid: 45789). The daemon log file: /Users/ncsr/.gradle/daemon/8.14.3/daemon-45789.out.log
[RUN_GRADLEW] Starting 5th build in daemon [uptime: 3 mins 30.12 secs, performance: 99%, GC rate: 0.00/s, heap usage: 1% of 2 GiB, non-heap usage: 11% of 512 MiB]
[RUN_GRADLEW] Using 10 worker leases.
[RUN_GRADLEW] Now considering [/private/var/folders/5k/ynsqf8ds51b74h1c4xn_m83c0000gn/T/eas-build-local-nodejs/42048a89-3ab1-4c93-b6a5-e4c458600e6f/build/android] as hierarchies to watch
[RUN_GRADLEW] Watching the file system is configured to be enabled if available
[RUN_GRADLEW] File system watching is active
[RUN_GRADLEW] Starting Build
[RUN_GRADLEW] Starting process 'command 'node''. Working directory: /private/var/folders/5k/ynsqf8ds51b74h1c4xn_m83c0000gn/T/eas-build-local-nodejs/42048a89-3ab1-4c93-b6a5-e4c458600e6f/build/android Command: node --print require.resolve('@react-native/gradle-plugin/package.json', { paths: [require.resolve('react-native/package.json')] })
[RUN_GRADLEW] Successfully started process 'command 'node''
[RUN_GRADLEW] Starting process 'command 'node''. Working directory: /private/var/folders/5k/ynsqf8ds51b74h1c4xn_m83c0000gn/T/eas-build-local-nodejs/42048a89-3ab1-4c93-b6a5-e4c458600e6f/build/android Command: node --print require.resolve('expo-modules-autolinking/package.json', { paths: [require.resolve('expo/package.json')] })
[RUN_GRADLEW] Successfully started process 'command 'node''
[RUN_GRADLEW] Now considering [/private/var/folders/5k/ynsqf8ds51b74h1c4xn_m83c0000gn/T/eas-build-local-nodejs/42048a89-3ab1-4c93-b6a5-e4c458600e6f/build/node_modules/@react-native/gradle-plugin, /private/var/folders/5k/ynsqf8ds51b74h1c4xn_m83c0000gn/T/eas-build-local-nodejs/42048a89-3ab1-4c93-b6a5-e4c458600e6f/build/android] as hierarchies to watch
[RUN_GRADLEW] Caching disabled for Kotlin DSL script compilation (Settings/TopLevel/stage1) because:
[RUN_GRADLEW]   Build cache is disabled
[RUN_GRADLEW] FAILURE: Build failed with an exception.
[RUN_GRADLEW] * Where:
[RUN_GRADLEW] Settings file '/private/var/folders/5k/ynsqf8ds51b74h1c4xn_m83c0000gn/T/eas-build-local-nodejs/42048a89-3ab1-4c93-b6a5-e4c458600e6f/build/android/settings.gradle' line: 21
[RUN_GRADLEW] * What went wrong:
[RUN_GRADLEW] Error resolving plugin [id: 'com.facebook.react.settings']
[RUN_GRADLEW] > 25.0.1
[RUN_GRADLEW] * Try:
[RUN_GRADLEW] > Run with --stacktrace option to get the stack trace.
[RUN_GRADLEW] > Run with --debug option to get more log output.
[RUN_GRADLEW] > Run with --scan to get full insights.
[RUN_GRADLEW] > Get more help at https://help.gradle.org.
[RUN_GRADLEW] BUILD FAILED in 392ms
[RUN_GRADLEW] Watched directory hierarchies: []
[RUN_GRADLEW] Error: Gradle build failed with unknown error. See logs for the "Run gradlew" phase for more information.

Build failed
Error: bash -c ./gradlew :app:assembleRelease --info exited with non-zero code: 1
    at ChildProcess.completionListener (/Users/ncsr/.npm/_npx/7c5cb04dd06e9766/node_modules/@expo/spawn-async/build/spawnAsync.js:42:23)
    at Object.onceWrapper (node:events:623:12)
    at ChildProcess.emit (node:events:508:20)
    at maybeClose (node:internal/child_process:1084:16)
    at ChildProcess._handle.onexit (node:internal/child_process:304:5)
    ...
    at spawnAsync (/Users/ncsr/.npm/_npx/7c5cb04dd06e9766/node_modules/@expo/spawn-async/build/spawnAsync.js:7:23)
    at spawn (/Users/ncsr/.npm/_npx/7c5cb04dd06e9766/node_modules/@expo/turtle-spawn/dist/index.js:16:47)
    at runGradleCommand (/Users/ncsr/.npm/_npx/7c5cb04dd06e9766/node_modules/@expo/build-tools/dist/android/gradle.js:27:53)
    at async /Users/ncsr/.npm/_npx/7c5cb04dd06e9766/node_modules/@expo/build-tools/dist/builders/android.js:134:9
    at async BuildContext.runBuildPhase (/Users/ncsr/.npm/_npx/7c5cb04dd06e9766/node_modules/@expo/build-tools/dist/context.js:125:28)
    at async buildAsync (/Users/ncsr/.npm/_npx/7c5cb04dd06e9766/node_modules/@expo/build-tools/dist/builders/android.js:132:5)
    at async runBuilderWithHooksAsync (/Users/ncsr/.npm/_npx/7c5cb04dd06e9766/node_modules/@expo/build-tools/dist/builders/common.js:12:13)
    at async Object.androidBuilder (/Users/ncsr/.npm/_npx/7c5cb04dd06e9766/node_modules/@expo/build-tools/dist/builders/android.js:28:16)
    at async buildAndroidAsync (/Users/ncsr/.npm/_npx/7c5cb04dd06e9766/node_modules/eas-cli-local-build-plugin/dist/android.js:43:12)
    at async buildAsync (/Users/ncsr/.npm/_npx/7c5cb04dd06e9766/node_modules/eas-cli-local-build-plugin/dist/build.js:54:29) {
  pid: 55768,
  output: [
    'Initialized native services in: /Users/ncsr/.gradle/native\n' +
      'Initialized jansi services in: /Users/ncsr/.gradle/native\n' +
      'The client will now receive all logging from the daemon (pid: 45789). The daemon log file: /Users/ncsr/.gradle/daemon/8.14.3/daemon-45789.out.log\n' +
      'Starting 5th build in daemon [uptime: 3 mins 30.12 secs, performance: 99%, GC rate: 0.00/s, heap usage: 1% of 2 GiB, non-heap usage: 11% of 512 MiB]\n' +
      'Using 10 worker leases.\n' +
      'Now considering [/private/var/folders/5k/ynsqf8ds51b74h1c4xn_m83c0000gn/T/eas-build-local-nodejs/42048a89-3ab1-4c93-b6a5-e4c458600e6f/build/android] as hierarchies to watch\n' +
      'Watching the file system is configured to be enabled if available\n' +
      'File system watching is active\n' +
      'Starting Build\n' +
      "Starting process 'command 'node''. Working directory: /private/var/folders/5k/ynsqf8ds51b74h1c4xn_m83c0000gn/T/eas-build-local-nodejs/42048a89-3ab1-4c93-b6a5-e4c458600e6f/build/android Command: node --print require.resolve('@react-native/gradle-plugin/package.json', { paths: [require.resolve('react-native/package.json')] })\n" +
      "Successfully started process 'command 'node''\n" +
      "Starting process 'command 'node''. Working directory: /private/var/folders/5k/ynsqf8ds51b74h1c4xn_m83c0000gn/T/eas-build-local-nodejs/42048a89-3ab1-4c93-b6a5-e4c458600e6f/build/android Command: node --print require.resolve('expo-modules-autolinking/package.json', { paths: [require.resolve('expo/package.json')] })\n" +
      "Successfully started process 'command 'node''\n" +
      'Now considering [/private/var/folders/5k/ynsqf8ds51b74h1c4xn_m83c0000gn/T/eas-build-local-nodejs/42048a89-3ab1-4c93-b6a5-e4c458600e6f/build/node_modules/@react-native/gradle-plugin, /private/var/folders/5k/ynsqf8ds51b74h1c4xn_m83c0000gn/T/eas-build-local-nodejs/42048a89-3ab1-4c93-b6a5-e4c458600e6f/build/android] as hierarchies to watch\n' +
      'Caching disabled for Kotlin DSL script compilation (Settings/TopLevel/stage1) because:\n' +
      '  Build cache is disabled\n' +
      'Watched directory hierarchies: []\n',
    '\n' +
      'FAILURE: Build failed with an exception.\n' +
      '\n' +
      '* Where:\n' +
      "Settings file '/private/var/folders/5k/ynsqf8ds51b74h1c4xn_m83c0000gn/T/eas-build-local-nodejs/42048a89-3ab1-4c93-b6a5-e4c458600e6f/build/android/settings.gradle' line: 21\n" +
      '\n' +
      '* What went wrong:\n' +
      "Error resolving plugin [id: 'com.facebook.react.settings']\n" +
      '> 25.0.1\n' +
      '\n' +
      '* Try:\n' +
      '> Run with --stacktrace option to get the stack trace.\n' +
      '> Run with --debug option to get more log output.\n' +
      '> Run with --scan to get full insights.\n' +
      '> Get more help at https://help.gradle.org.\n' +
      '\n' +
      'BUILD FAILED in 392ms\n'
  ],
  stdout: 'Initialized native services in: /Users/ncsr/.gradle/native\n' +
    'Initialized jansi services in: /Users/ncsr/.gradle/native\n' +
    'The client will now receive all logging from the daemon (pid: 45789). The daemon log file: /Users/ncsr/.gradle/daemon/8.14.3/daemon-45789.out.log\n' +
    'Starting 5th build in daemon [uptime: 3 mins 30.12 secs, performance: 99%, GC rate: 0.00/s, heap usage: 1% of 2 GiB, non-heap usage: 11% of 512 MiB]\n' +
    'Using 10 worker leases.\n' +
    'Now considering [/private/var/folders/5k/ynsqf8ds51b74h1c4xn_m83c0000gn/T/eas-build-local-nodejs/42048a89-3ab1-4c93-b6a5-e4c458600e6f/build/android] as hierarchies to watch\n' +
    'Watching the file system is configured to be enabled if available\n' +
    'File system watching is active\n' +
    'Starting Build\n' +
    "Starting process 'command 'node''. Working directory: /private/var/folders/5k/ynsqf8ds51b74h1c4xn_m83c0000gn/T/eas-build-local-nodejs/42048a89-3ab1-4c93-b6a5-e4c458600e6f/build/android Command: node --print require.resolve('@react-native/gradle-plugin/package.json', { paths: [require.resolve('react-native/package.json')] })\n" +
    "Successfully started process 'command 'node''\n" +
    "Starting process 'command 'node''. Working directory: /private/var/folders/5k/ynsqf8ds51b74h1c4xn_m83c0000gn/T/eas-build-local-nodejs/42048a89-3ab1-4c93-b6a5-e4c458600e6f/build/android Command: node --print require.resolve('expo-modules-autolinking/package.json', { paths: [require.resolve('expo/package.json')] })\n" +
    "Successfully started process 'command 'node''\n" +
    'Now considering [/private/var/folders/5k/ynsqf8ds51b74h1c4xn_m83c0000gn/T/eas-build-local-nodejs/42048a89-3ab1-4c93-b6a5-e4c458600e6f/build/node_modules/@react-native/gradle-plugin, /private/var/folders/5k/ynsqf8ds51b74h1c4xn_m83c0000gn/T/eas-build-local-nodejs/42048a89-3ab1-4c93-b6a5-e4c458600e6f/build/android] as hierarchies to watch\n' +
    'Caching disabled for Kotlin DSL script compilation (Settings/TopLevel/stage1) because:\n' +
    '  Build cache is disabled\n' +
    'Watched directory hierarchies: []\n',
  stderr: '\n' +
    'FAILURE: Build failed with an exception.\n' +
    '\n' +
    '* Where:\n' +
    "Settings file '/private/var/folders/5k/ynsqf8ds51b74h1c4xn_m83c0000gn/T/eas-build-local-nodejs/42048a89-3ab1-4c93-b6a5-e4c458600e6f/build/android/settings.gradle' line: 21\n" +
    '\n' +
    '* What went wrong:\n' +
    "Error resolving plugin [id: 'com.facebook.react.settings']\n" +
    '> 25.0.1\n' +
    '\n' +
    '* Try:\n' +
    '> Run with --stacktrace option to get the stack trace.\n' +
    '> Run with --debug option to get more log output.\n' +
    '> Run with --scan to get full insights.\n' +
    '> Get more help at https://help.gradle.org.\n' +
    '\n' +
    'BUILD FAILED in 392ms\n',
  status: 1,
  signal: null
}
Gradle build failed with unknown error. See logs for the "Run gradlew" phase for more information.
Error: Gradle build failed with unknown error. See logs for the "Run gradlew" phase for more information.
    at resolveBuildPhaseErrorAsync (/Users/ncsr/.npm/_npx/7c5cb04dd06e9766/node_modules/@expo/build-tools/dist/buildErrors/detectError.js:61:12)
    at process.processTicksAndRejections (node:internal/process/task_queues:104:5)
    at async BuildContext.handleBuildPhaseErrorAsync (/Users/ncsr/.npm/_npx/7c5cb04dd06e9766/node_modules/@expo/build-tools/dist/context.js:192:28)
    at async BuildContext.runBuildPhase (/Users/ncsr/.npm/_npx/7c5cb04dd06e9766/node_modules/@expo/build-tools/dist/context.js:137:35)
    at async buildAsync (/Users/ncsr/.npm/_npx/7c5cb04dd06e9766/node_modules/@expo/build-tools/dist/builders/android.js:132:5)
    at async runBuilderWithHooksAsync (/Users/ncsr/.npm/_npx/7c5cb04dd06e9766/node_modules/@expo/build-tools/dist/builders/common.js:12:13)
    at async Object.androidBuilder (/Users/ncsr/.npm/_npx/7c5cb04dd06e9766/node_modules/@expo/build-tools/dist/builders/android.js:28:16)
    at async buildAndroidAsync (/Users/ncsr/.npm/_npx/7c5cb04dd06e9766/node_modules/eas-cli-local-build-plugin/dist/android.js:43:12)
    at async buildAsync (/Users/ncsr/.npm/_npx/7c5cb04dd06e9766/node_modules/eas-cli-local-build-plugin/dist/build.js:54:29)
    at async main (/Users/ncsr/.npm/_npx/7c5cb04dd06e9766/node_modules/eas-cli-local-build-plugin/dist/main.js:16:9)
npx -y eas-cli-local-build-plugin@18.4.0 eyJqb2IiOnsidHlwZSI6Im1hbmFnZWQiLCJwbGF0Zm9ybSI6ImFuZHJvaWQiLCJwcm9qZWN0Um9vdERpcmVjdG9yeSI6Ii4iLCJwcm9qZWN0QXJjaGl2ZSI6eyJ0eXBlIjoiUEFUSCIsInBhdGgiOiIvdmFyL2ZvbGRlcnMvNWsveW5zcWY4ZHM1MWI3NGgxYzR4bl9tODNjMDAwMGduL1QvZWFzLWNsaS1ub2RlanMvMzdkYzkxZDktZDFmOS00YzYwLWIwMDktNjJkMmViMmUzMWZjLnRhci5neiJ9LCJidWlsZGVyRW52aXJvbm1lbnQiOnsiZW52Ijp7IkVBU19WRVJCT1NFIjoiMSJ9fSwiY2FjaGUiOnsiZGlzYWJsZWQiOmZhbHNlLCJwYXRocyI6W10sImNsZWFyIjpmYWxzZX0sInNlY3JldHMiOnsiYnVpbGRDcmVkZW50aWFscyI6eyJrZXlzdG9yZSI6eyJkYXRhQmFzZTY0IjoiL3UzKzdRQUFBQUlBQUFBQkFBQUFBUUFnWm1Ga09EVTJObVV5Wm1ZM1kyRmhOV1JsWlRGbU9XUXlZelkxWVRoaE16a0FBQUdkS29LQnNBQUFCUDh3Z2dUN01Bd0dDaXNHQVFRQktnSVJBUUVFZ2dUcHJTUkV6VFZKd1dBZXFrT3ZhNit5L2c1QVdlMmJZUnYrdjVFemJmM3dpcWVHWk1FdmlOLzJ6NnE4bXpWOWRxMXQ4NWxHUjRpcndvaHgyZWpVbkx4VDFLTXQrWVkwcnhrMENTWXJKTHliNjZ0aGlzemY4QU5KeVd5OWUzTkJaQVhNNVIrU1AwQlEzemF0MTZVYmxnUXhybTIydjlWZ1hUWmF6djRNQVdheVJTR3JnVCtZNHlMaml0MFpKWXJ6SU1PYU92aGoraWJyQy9uaS92MTBqNzRYNGVzM1pyZ3VadEtvbkJYOGdQcGlTWjRjdGVwMCtRR0JBYTNENjRNVWhMTkJrcEdHa3BiL3FBUm91RGRVb1pBZGFaL2hEenFFM3RWZmRRUnl1UXVhSmlqZEZET1Y2UW5DVkhMREt4UENJaXNvMFNYRFRYVEJmZHdITW1NUmNFeEU3cFhZUEYzVE01ZUpWL2lNVW1DQjRSMWdydGgySXE0b20xdEhQVWRNK1JGWndtU3NSYUZuL0VXaW9ua0FPd3k2TkZhYjJsQzFGVHdxb2xod2xkWFJMa2VvZXNUaGtneGYzVkhzMW0wcjFFeXMyd1c3MUp6SUd1WVluNVpxOEZaUnh5YzVTUDhDRWpuZnM5dkg4NGJVV3AwUGtCYTMvUGpGemVMTkFRYnV1VUxlclltUzBkejZSdWlKdHJJWWRPTCtxTERsbnluNUNuZFJEVC84VVFIaTlNN21mVzJmallSWjlvOEcydHpXb1JRd2hxVjYzYXFLUlk4OThJdDRrSmJxTmp4cURKQUphQlFhZU1TR3dCZklqbFN0OG0xdjBnWGpCWlRMakRGTFptZS9JcklzWVk1NmhwMXg5aFhRNnFnT1JxTXMyaWZOdTJWVXZMb1RXNTI1d1M4OS9YSHFrUGZ2dUJGR3l4NE05Q2prU3J1dkdpeFE1QnBTbVpudkttVU1ZOFY2d29kWU9KKzlMUjBnQ2JlZWp6QTVOUk54ZytJT0l0aUFrL3hpdjErdmpQNzViMVJqUG9EYitFMkNyUTdJcnUzVlpaU2FINmowQlNTSGEwVkRYTmxWd3Zjc2ZlKzgwdytIdldOU2lYNDFEK2xMS3MrbnJ0OUY1MStYK1Zsdm80eW5OeW5WbGU4eldYWmFOU2xxWU5NS1RjdDZoWWc5OEc1bWVhdkFIQ2hzd3FUT2Y4a2FzdFozbEMyQXNOTVR1L3lIcHZrK1RMc2trQjVQOXNhUkhFNkNRa3FxNWRvREMydEVvaUx6d2VnSDZHY0NtdjJ1SWVGQ1ZCTHVVY1pjM2FRdDhHNXdDTzlOclpaVWJ3WFFkekdJOXFEb3VSUWdxVlltdHNhYmRlUWRmOERPVnI3VC9UVzBUWXJvUUZqNmpnYmVsUS9GWmllL2xHbmhscDg1MEgvRVdLNG1VdjlPZ2QwcDhUNVRSai94U2poUjROdU5BWVV0VnpmK1VOVXFIaGVIbk9lNHhhcGFDWm52THRRc3VLRlUxRTA1MmkzZGVGY0x1UjJ5d3pySmw2RFRmZENqeDYrSUQzdDhqWVNuWnp5R0dkb0VhOVQ4S3FaWDNwNXQyNXJpeDNvbUxLYW5VZ1JEMW1MN0dNNVExRVlqRkxibCtnSGV4elF5Z1JtV2hmV1hIY0p2VWdYb0x6VzNZSVBaWCs4b282eXZoVE5NZnM1Z1NDQ1VEL1hnMGpqTEx4L2lFOEtiektXWWJxc2NMK1NLaVlQYlFTVG9GOXFia1hoL1NjRzIxc01Mbk9TQkJ0bDVkVE9iWm1sWlh2S0ZwOENyenppemkrOXFTVVJqb2JvMXdtKzBtcHZlVEdRU1lPb3RUaDVoMGxYTENnUURuanp3MTJRVE9ORS9TeEw3NkdxTTU1bDk5cXBlKy95ZXI1c29CMG5naFd1OHdLQzdSZHdjMDN1V3Z2T2RIbzI1bEtDWGZxVGhLWStPc2tPMG1HNWNxK3c1NEROZG5Zb2hOUEordVBvMitNZlNhRi81R1p6OURlS1FFU0JFZ0R0bGZtMFpsSG84dERrZGNhZGlSbmMzb1lmRGZ1ZWlTcHFudXhibGpTWGgzNzQ2QmZvdmt4blJEQXZLa0ZScjcrWkhzQXpFK2pCUDM5YWE5Z3l3S0k4eGMybEdsMEpBUkhwZkE3RUZMN0pRS0Jrb005Vmd4NUdsZEZKRDY0RjQyZ0dSeU0vbWp1OHh1V00zTjU0Ly9HajA1eW9nQUFBQUFRQUZXQzQxTURrQUFBTXlNSUlETGpDQ0FoYWdBd0lCQWdJSkFJbFlUVXV6ZFV2SE1BMEdDU3FHU0liM0RRRUJEQVVBTUVReEN6QUpCZ05WQkFZVEFsVlRNUWt3QndZRFZRUUlFd0F4Q1RBSEJnTlZCQWNUQURFSk1BY0dBMVVFQ2hNQU1Ra3dCd1lEVlFRTEV3QXhDVEFIQmdOVkJBTVRBREFnRncweU5qQXpNall4TkRFNE1EbGFHQTh5TURVek1EZ3hNVEUwTVRnd09Wb3dSREVMTUFrR0ExVUVCaE1DVlZNeENUQUhCZ05WQkFnVEFERUpNQWNHQTFVRUJ4TUFNUWt3QndZRFZRUUtFd0F4Q1RBSEJnTlZCQXNUQURFSk1BY0dBMVVFQXhNQU1JSUJJakFOQmdrcWhraUc5dzBCQVFFRkFBT0NBUThBTUlJQkNnS0NBUUVBek9CMGR6L2gwR1BFZFc5VmhMa0hxYm93ajI2WVFITjVQZkZJNVdqcVJsSzI1WE5wWGxydWFFcEd6N3cwRGR6Q1hoUlVseVNCY0RuVlo5c0ZRckczblJ6SEFJODJNRVY5UlRKSmRyaWxNdHo3R0xmSnM4QkNtUVlJS1hWcTd1WVN4UUtmTEN6N3RSUklmbzVtOHl6RVB4cTdFM2Nna1hwUHBNMVRtZThEdmFuQm1yMW9rMUg2MW55aVpLRjE2RDFwK2s4Mjd0SzBkbkFtQmZ0b1NpMk14ZytaOEY2UWFrWm1NZEtDWmUvR2V1UjRCMGxnK1VqdmlOZmJodEExWU5PQ3dXQmdHOEJ4d0ZsdzNvV2dHRUFLV3BnbHRWNWgzaGxJeWlwWmhCc1hGSGVoWUNTekpaTEdGcFpoT1lZbkQ1dmhCUG1XVmtKM2tlQ0pidDlEbUJDRDZRSURBUUFCb3lFd0h6QWRCZ05WSFE0RUZnUVV6dFZBaTVsZmV1Mi9lcDBJc0k3NE9ES0xmaXd3RFFZSktvWklodmNOQVFFTUJRQURnZ0VCQUl0M1kxSXc1ekEwMi9UenF5dy9GUlBsV2tmYU1sNWlMRkl6c2JvdlpFYWs2bGs2OHdtYjRzYVExYU9WKzFkMytvOUJ5NDZjVVJGR3V6M21rZ2crYXdkNkRvdVhEWms2ZzFXNXJVQ2QxcW94dWMrSFRscElOR3AxOTd5TG1mamYxMUVaOCtGZ3pFMHgxd1lpWEVua1NhSzNDMDB6Ym9zZU9Gb3JFNnBma0pXU3BMSVI3RjVSaFZzUGsrUXZXa2tPUW1aUitkeHFMOElMaEpHdDVhNjEyblRFczBlVGJqc3VSYlZvVVhERVBqS25qZFVPR0M3MmhtckEzTy9sTUxPRW9vQW9lbnpMbUNQU1htbkt4UjhuNy9sczZIRnI1WXVyV0NBWURyb2h4aFdha3VtUXc4b1U2d3d6bFhVcTZhd282SVMyZzFJUnliY0RwYlJhS3RDUGphcWg5YkR3bFJDdjhjU0g4dWFJWnpBdjRoY0s5UT09Iiwia2V5c3RvcmVQYXNzd29yZCI6ImQ4MWI4ZDIxMjg1YmFkMTY4M2FjOGRiY2I5NTViNTcxIiwia2V5QWxpYXMiOiJmYWQ4NTY2ZTJmZjdjYWE1ZGVlMWY5ZDJjNjVhOGEzOSIsImtleVBhc3N3b3JkIjoiODNhNzZjN2RiNjRkYTMyZmY1NGRmNzljZGVlZmRhNjcifX19LCJ1cGRhdGVzIjp7fSwiYnVpbGRUeXBlIjoiYXBrIiwidXNlcm5hbWUiOiJhbHBoYXdvbGYzMzgyIiwiZXhwZXJpbWVudGFsIjp7fSwibW9kZSI6ImJ1aWxkIiwidHJpZ2dlcmVkQnkiOiJFQVNfQ0xJIiwibG9nZ2VyTGV2ZWwiOiJkZWJ1ZyIsImFwcElkIjoiNjdjZWJiMzgtYTc3My00MTQzLWE2MzktZTJiOTllZmJiNDQxIiwiaW5pdGlhdGluZ1VzZXJJZCI6ImNkNTZlZmQzLWUwNzctNGM2YS1iMGI3LTJiNjQzNWJlZGQ4NCJ9LCJtZXRhZGF0YSI6eyJ0cmFja2luZ0NvbnRleHQiOnsidHJhY2tpbmdfaWQiOiI3NmZmY2Y2Ny1lMzYzLTRjMjctOTRlNi0xZDEzYzRkM2E0ZTkiLCJwbGF0Zm9ybSI6ImFuZHJvaWQiLCJzZGtfdmVyc2lvbiI6IjU0LjAuMCIsImFjY291bnRfaWQiOiI0OThhNWM4Mi04ODQwLTQ4ODItODFmMS1hYmRkYzNiZjJhMDciLCJwcm9qZWN0X2lkIjoiNjdjZWJiMzgtYTc3My00MTQzLWE2MzktZTJiOTllZmJiNDQxIiwicHJvamVjdF90eXBlIjoibWFuYWdlZCIsImRldl9jbGllbnQiOmZhbHNlLCJub193YWl0IjpmYWxzZSwicnVuX2Zyb21fY2kiOmZhbHNlLCJsb2NhbCI6dHJ1ZX0sImFwcEJ1aWxkVmVyc2lvbiI6IjEiLCJhcHBWZXJzaW9uIjoiMS4wLjAiLCJjbGlWZXJzaW9uIjoiMTguNC4wIiwid29ya2Zsb3ciOiJtYW5hZ2VkIiwiY3JlZGVudGlhbHNTb3VyY2UiOiJyZW1vdGUiLCJzZGtWZXJzaW9uIjoiNTQuMC4wIiwiZmluZ2VycHJpbnRIYXNoIjoiYzVhZDlhNzAyZjczMjllOWJhNzU2ZWU2NWRhNjNiMWY3NWUzMTZkYSIsInJlYWN0TmF0aXZlVmVyc2lvbiI6IjAuODEuNSIsImRpc3RyaWJ1dGlvbiI6ImludGVybmFsIiwiYXBwTmFtZSI6ImdpdGEiLCJhcHBJZGVudGlmaWVyIjoiY29tLnlvdXJjb21wYW55LmdpdGEiLCJidWlsZFByb2ZpbGUiOiJwcmV2aWV3IiwiZ2l0Q29tbWl0SGFzaCI6IjUzMDM5NjQ2OGY2N2NjNDc4NjA5Y2Q5NTQ4MDYzYzBlMmMwOTliNGUiLCJnaXRDb21taXRNZXNzYWdlIjoiRml4IG9uYm9hcmRpbmcgdmlzdWFsIGNsZWFudXAgYW5kIHNldHRpbmdzIHBhZ2UgbG9hZGluZyBpc3N1ZXMiLCJpc0dpdFdvcmtpbmdUcmVlRGlydHkiOnRydWUsInVzZXJuYW1lIjoiYWxwaGF3b2xmMzM4MiIsInJ1bldpdGhOb1dhaXRGbGFnIjpmYWxzZSwicnVuRnJvbUNJIjpmYWxzZSwiZGV2ZWxvcG1lbnRDbGllbnQiOmZhbHNlLCJyZXF1aXJlZFBhY2thZ2VNYW5hZ2VyIjoibnBtIiwic2ltdWxhdG9yIjpmYWxzZX19 exited with non-zero code: 1
    Error: build command failed.
